Archive member included to satisfy reference by file (symbol)

/Applications/STM32CubeIDE.app/Contents/Eclipse/plugins/com.st.stm32cube.ide.mcu.externaltools.gnu-tools-for-stm32.7-2018-q2-update.macos64_1.0.0.201904181610/tools/bin/../lib/gcc/arm-none-eabi/7.3.1/../../../../arm-none-eabi/lib/thumb/v8-m.main/fpv5-sp/hard/libc_nano.a(lib_a-errno.o)
                              Core/Src/syscalls.o (__errno)
/Applications/STM32CubeIDE.app/Contents/Eclipse/plugins/com.st.stm32cube.ide.mcu.externaltools.gnu-tools-for-stm32.7-2018-q2-update.macos64_1.0.0.201904181610/tools/bin/../lib/gcc/arm-none-eabi/7.3.1/../../../../arm-none-eabi/lib/thumb/v8-m.main/fpv5-sp/hard/libc_nano.a(lib_a-exit.o)
                              /Applications/STM32CubeIDE.app/Contents/Eclipse/plugins/com.st.stm32cube.ide.mcu.externaltools.gnu-tools-for-stm32.7-2018-q2-update.macos64_1.0.0.201904181610/tools/bin/../lib/gcc/arm-none-eabi/7.3.1/../../../../arm-none-eabi/lib/thumb/v8-m.main/fpv5-sp/hard/crt0.o (exit)
/Applications/STM32CubeIDE.app/Contents/Eclipse/plugins/com.st.stm32cube.ide.mcu.externaltools.gnu-tools-for-stm32.7-2018-q2-update.macos64_1.0.0.201904181610/tools/bin/../lib/gcc/arm-none-eabi/7.3.1/../../../../arm-none-eabi/lib/thumb/v8-m.main/fpv5-sp/hard/libc_nano.a(lib_a-impure.o)
                              /Applications/STM32CubeIDE.app/Contents/Eclipse/plugins/com.st.stm32cube.ide.mcu.externaltools.gnu-tools-for-stm32.7-2018-q2-update.macos64_1.0.0.201904181610/tools/bin/../lib/gcc/arm-none-eabi/7.3.1/../../../../arm-none-eabi/lib/thumb/v8-m.main/fpv5-sp/hard/libc_nano.a(lib_a-exit.o) (_global_impure_ptr)
/Applications/STM32CubeIDE.app/Contents/Eclipse/plugins/com.st.stm32cube.ide.mcu.externaltools.gnu-tools-for-stm32.7-2018-q2-update.macos64_1.0.0.201904181610/tools/bin/../lib/gcc/arm-none-eabi/7.3.1/../../../../arm-none-eabi/lib/thumb/v8-m.main/fpv5-sp/hard/libc_nano.a(lib_a-init.o)
                              /Applications/STM32CubeIDE.app/Contents/Eclipse/plugins/com.st.stm32cube.ide.mcu.externaltools.gnu-tools-for-stm32.7-2018-q2-update.macos64_1.0.0.201904181610/tools/bin/../lib/gcc/arm-none-eabi/7.3.1/../../../../arm-none-eabi/lib/thumb/v8-m.main/fpv5-sp/hard/crt0.o (__libc_init_array)
/Applications/STM32CubeIDE.app/Contents/Eclipse/plugins/com.st.stm32cube.ide.mcu.externaltools.gnu-tools-for-stm32.7-2018-q2-update.macos64_1.0.0.201904181610/tools/bin/../lib/gcc/arm-none-eabi/7.3.1/../../../../arm-none-eabi/lib/thumb/v8-m.main/fpv5-sp/hard/libc_nano.a(lib_a-memset.o)
                              /Applications/STM32CubeIDE.app/Contents/Eclipse/plugins/com.st.stm32cube.ide.mcu.externaltools.gnu-tools-for-stm32.7-2018-q2-update.macos64_1.0.0.201904181610/tools/bin/../lib/gcc/arm-none-eabi/7.3.1/../../../../arm-none-eabi/lib/thumb/v8-m.main/fpv5-sp/hard/crt0.o (memset)
/Applications/STM32CubeIDE.app/Contents/Eclipse/plugins/com.st.stm32cube.ide.mcu.externaltools.gnu-tools-for-stm32.7-2018-q2-update.macos64_1.0.0.201904181610/tools/bin/../lib/gcc/arm-none-eabi/7.3.1/../../../../arm-none-eabi/lib/thumb/v8-m.main/fpv5-sp/hard/libc_nano.a(lib_a-printf.o)
                              Core/Src/main.o (printf)
/Applications/STM32CubeIDE.app/Contents/Eclipse/plugins/com.st.stm32cube.ide.mcu.externaltools.gnu-tools-for-stm32.7-2018-q2-update.macos64_1.0.0.201904181610/tools/bin/../lib/gcc/arm-none-eabi/7.3.1/../../../../arm-none-eabi/lib/thumb/v8-m.main/fpv5-sp/hard/libc_nano.a(lib_a-findfp.o)
                              /Applications/STM32CubeIDE.app/Contents/Eclipse/plugins/com.st.stm32cube.ide.mcu.externaltools.gnu-tools-for-stm32.7-2018-q2-update.macos64_1.0.0.201904181610/tools/bin/../lib/gcc/arm-none-eabi/7.3.1/../../../../arm-none-eabi/lib/thumb/v8-m.main/fpv5-sp/hard/libc_nano.a(lib_a-printf.o) (__sinit)
/Applications/STM32CubeIDE.app/Contents/Eclipse/plugins/com.st.stm32cube.ide.mcu.externaltools.gnu-tools-for-stm32.7-2018-q2-update.macos64_1.0.0.201904181610/tools/bin/../lib/gcc/arm-none-eabi/7.3.1/../../../../arm-none-eabi/lib/thumb/v8-m.main/fpv5-sp/hard/libc_nano.a(lib_a-fwalk.o)
                              /Applications/STM32CubeIDE.app/Contents/Eclipse/plugins/com.st.stm32cube.ide.mcu.externaltools.gnu-tools-for-stm32.7-2018-q2-update.macos64_1.0.0.201904181610/tools/bin/../lib/gcc/arm-none-eabi/7.3.1/../../../../arm-none-eabi/lib/thumb/v8-m.main/fpv5-sp/hard/libc_nano.a(lib_a-findfp.o) (_fwalk)
/Applications/STM32CubeIDE.app/Contents/Eclipse/plugins/com.st.stm32cube.ide.mcu.externaltools.gnu-tools-for-stm32.7-2018-q2-update.macos64_1.0.0.201904181610/tools/bin/../lib/gcc/arm-none-eabi/7.3.1/../../../../arm-none-eabi/lib/thumb/v8-m.main/fpv5-sp/hard/libc_nano.a(lib_a-nano-mallocr.o)
[...]
Memory Configuration

Name             Origin             Length             Attributes
RAM              0x0000000020018000 0x0000000000018000 xrw
ROM              0x0000000008040000 0x0000000000040000 xr
*default*        0x0000000000000000 0xffffffffffffffff

Linker script and memory map

LOAD /Applications/STM32CubeIDE.app/Contents/Eclipse/plugins/com.st.stm32cube.ide.mcu.externaltools.gnu-tools-for-stm32.7-2018-q2-update.macos64_1.0.0.201904181610/tools/bin/../lib/gcc/arm-none-eabi/7.3.1/thumb/v8-m.main/fpv5-sp/hard/crti.o
LOAD /Applications/STM32CubeIDE.app/Contents/Eclipse/plugins/com.st.stm32cube.ide.mcu.externaltools.gnu-tools-for-stm32.7-2018-q2-update.macos64_1.0.0.201904181610/tools/bin/../lib/gcc/arm-none-eabi/7.3.1/thumb/v8-m.main/fpv5-sp/hard/crtbegin.o
LOAD /Applications/STM32CubeIDE.app/Contents/Eclipse/plugins/com.st.stm32cube.ide.mcu.externaltools.gnu-tools-for-stm32.7-2018-q2-update.macos64_1.0.0.201904181610/tools/bin/../lib/gcc/arm-none-eabi/7.3.1/../../../../arm-none-eabi/lib/thumb/v8-m.main/fpv5-sp/hard/crt0.o
LOAD Core/Src/main.o
LOAD Core/Src/stm32l5xx_hal_msp.o
LOAD Core/Src/stm32l5xx_it.o
LOAD Core/Src/syscalls.o
LOAD Core/Src/sysmem.o
LOAD Core/Src/system_stm32l5xx_ns.o
LOAD Core/Startup/startup_stm32l552zetxq.o
LOAD Drivers/STM32L5xx_HAL_Driver/Src/stm32l5xx_hal.o
LOAD Drivers/STM32L5xx_HAL_Driver/Src/stm32l5xx_hal_cortex.o
LOAD Drivers/STM32L5xx_HAL_Driver/Src/stm32l5xx_hal_dma.o
LOAD Drivers/STM32L5xx_HAL_Driver/Src/stm32l5xx_hal_dma_ex.o
LOAD Drivers/STM32L5xx_HAL_Driver/Src/stm32l5xx_hal_exti.o
LOAD Drivers/STM32L5xx_HAL_Driver/Src/stm32l5xx_hal_flash.o
LOAD Drivers/STM32L5xx_HAL_Driver/Src/stm32l5xx_hal_flash_ex.o
LOAD Drivers/STM32L5xx_HAL_Driver/Src/stm32l5xx_hal_flash_ramfunc.o
LOAD Drivers/STM32L5xx_HAL_Driver/Src/stm32l5xx_hal_gpio.o
LOAD Drivers/STM32L5xx_HAL_Driver/Src/stm32l5xx_hal_gtzc.o
LOAD Drivers/STM32L5xx_HAL_Driver/Src/stm32l5xx_hal_i2c.o
LOAD Drivers/STM32L5xx_HAL_Driver/Src/stm32l5xx_hal_i2c_ex.o
LOAD Drivers/STM32L5xx_HAL_Driver/Src/stm32l5xx_hal_icache.o
LOAD Drivers/STM32L5xx_HAL_Driver/Src/stm32l5xx_hal_pwr.o
LOAD Drivers/STM32L5xx_HAL_Driver/Src/stm32l5xx_hal_pwr_ex.o
LOAD Drivers/STM32L5xx_HAL_Driver/Src/stm32l5xx_hal_rcc.o
LOAD Drivers/STM32L5xx_HAL_Driver/Src/stm32l5xx_hal_rcc_ex.o
LOAD Drivers/STM32L5xx_HAL_Driver/Src/stm32l5xx_hal_tim.o
LOAD Drivers/STM32L5xx_HAL_Driver/Src/stm32l5xx_hal_tim_ex.o
LOAD /Users/windy/STM32CubeIDE/workspace_1.3.0/TrustZone-ToggleLED/Secure/Debug/secure_nsclib.o
START GROUP
LOAD /Applications/STM32CubeIDE.app/Contents/Eclipse/plugins/com.st.stm32cube.ide.mcu.externaltools.gnu-tools-for-stm32.7-2018-q2-update.macos64_1.0.0.201904181610/tools/bin/../lib/gcc/arm-none-eabi/7.3.1/../../../../arm-none-eabi/lib/thumb/v8-m.main/fpv5-sp/hard/libc_nano.a
LOAD /Applications/STM32CubeIDE.app/Contents/Eclipse/plugins/com.st.stm32cube.ide.mcu.externaltools.gnu-tools-for-stm32.7-2018-q2-update.macos64_1.0.0.201904181610/tools/bin/../lib/gcc/arm-none-eabi/7.3.1/../../../../arm-none-eabi/lib/thumb/v8-m.main/fpv5-sp/hard/libm.a
END GROUP
START GROUP
LOAD /Applications/STM32CubeIDE.app/Contents/Eclipse/plugins/com.st.stm32cube.ide.mcu.externaltools.gnu-tools-for-stm32.7-2018-q2-update.macos64_1.0.0.201904181610/tools/bin/../lib/gcc/arm-none-eabi/7.3.1/thumb/v8-m.main/fpv5-sp/hard/libgcc.a
LOAD /Applications/STM32CubeIDE.app/Contents/Eclipse/plugins/com.st.stm32cube.ide.mcu.externaltools.gnu-tools-for-stm32.7-2018-q2-update.macos64_1.0.0.201904181610/tools/bin/../lib/gcc/arm-none-eabi/7.3.1/../../../../arm-none-eabi/lib/thumb/v8-m.main/fpv5-sp/hard/libc_nano.a
END GROUP
START GROUP
LOAD /Applications/STM32CubeIDE.app/Contents/Eclipse/plugins/com.st.stm32cube.ide.mcu.externaltools.gnu-tools-for-stm32.7-2018-q2-update.macos64_1.0.0.201904181610/tools/bin/../lib/gcc/arm-none-eabi/7.3.1/thumb/v8-m.main/fpv5-sp/hard/libgcc.a
LOAD /Applications/STM32CubeIDE.app/Contents/Eclipse/plugins/com.st.stm32cube.ide.mcu.externaltools.gnu-tools-for-stm32.7-2018-q2-update.macos64_1.0.0.201904181610/tools/bin/../lib/gcc/arm-none-eabi/7.3.1/../../../../arm-none-eabi/lib/thumb/v8-m.main/fpv5-sp/hard/libc_nano.a
LOAD /Applications/STM32CubeIDE.app/Contents/Eclipse/plugins/com.st.stm32cube.ide.mcu.externaltools.gnu-tools-for-stm32.7-2018-q2-update.macos64_1.0.0.201904181610/tools/bin/../lib/gcc/arm-none-eabi/7.3.1/../../../../arm-none-eabi/lib/thumb/v8-m.main/fpv5-sp/hard/libnosys.a
END GROUP
START GROUP
LOAD /Applications/STM32CubeIDE.app/Contents/Eclipse/plugins/com.st.stm32cube.ide.mcu.externaltools.gnu-tools-for-stm32.7-2018-q2-update.macos64_1.0.0.201904181610/tools/bin/../lib/gcc/arm-none-eabi/7.3.1/thumb/v8-m.main/fpv5-sp/hard/libgcc.a
LOAD /Applications/STM32CubeIDE.app/Contents/Eclipse/plugins/com.st.stm32cube.ide.mcu.externaltools.gnu-tools-for-stm32.7-2018-q2-update.macos64_1.0.0.201904181610/tools/bin/../lib/gcc/arm-none-eabi/7.3.1/../../../../arm-none-eabi/lib/thumb/v8-m.main/fpv5-sp/hard/libc_nano.a
LOAD /Applications/STM32CubeIDE.app/Contents/Eclipse/plugins/com.st.stm32cube.ide.mcu.externaltools.gnu-tools-for-stm32.7-2018-q2-update.macos64_1.0.0.201904181610/tools/bin/../lib/gcc/arm-none-eabi/7.3.1/../../../../arm-none-eabi/lib/thumb/v8-m.main/fpv5-sp/hard/libnosys.a
END GROUP
LOAD /Applications/STM32CubeIDE.app/Contents/Eclipse/plugins/com.st.stm32cube.ide.mcu.externaltools.gnu-tools-for-stm32.7-2018-q2-update.macos64_1.0.0.201904181610/tools/bin/../lib/gcc/arm-none-eabi/7.3.1/thumb/v8-m.main/fpv5-sp/hard/crtend.o
LOAD /Applications/STM32CubeIDE.app/Contents/Eclipse/plugins/com.st.stm32cube.ide.mcu.externaltools.gnu-tools-for-stm32.7-2018-q2-update.macos64_1.0.0.201904181610/tools/bin/../lib/gcc/arm-none-eabi/7.3.1/thumb/v8-m.main/fpv5-sp/hard/crtn.o
                0x0000000020030000                _estack = (ORIGIN (RAM) + LENGTH (RAM))
                0x0000000000000200                _Min_Heap_Size = 0x200
                0x0000000000000400                _Min_Stack_Size = 0x400

.isr_vector     0x0000000008040000      0x1f8
                0x0000000008040000                . = ALIGN (0x8)
 *(.isr_vector)
 .isr_vector    0x0000000008040000      0x1f4 Core/Startup/startup_stm32l552zetxq.o
                0x0000000008040000                g_pfnVectors
                0x00000000080401f8                . = ALIGN (0x8)
 *fill*         0x00000000080401f4        0x4 

.text           0x00000000080401f8     0x27d8
                0x00000000080401f8                . = ALIGN (0x8)
 *(.text)
 .text          0x00000000080401f8       0x40 /Applications/STM32CubeIDE.app/Contents/Eclipse/plugins/com.st.stm32cube.ide.mcu.externaltools.gnu-tools-for-stm32.7-2018-q2-update.macos64_1.0.0.201904181610/tools/bin/../lib/gcc/arm-none-eabi/7.3.1/thumb/v8-m.main/fpv5-sp/hard/crtbegin.o
 *(.text*)
 .text.ITM_SendChar
                0x0000000008040238       0x4e Core/Src/main.o
 .text._write   0x0000000008040286       0x3c Core/Src/main.o
                0x0000000008040286                _write
 *fill*         0x00000000080402c2        0x2 
 .text.main     0x00000000080402c4       0x3c Core/Src/main.o
                0x00000000080402c4                main
 .text.SystemClock_Config
                0x0000000008040300       0xa2 Core/Src/main.o
                0x0000000008040300                SystemClock_Config
 *fill*         0x00000000080403a2        0x2 
 .text.MX_GPIO_Init
                0x00000000080403a4       0x54 Core/Src/main.o
 .text.Error_Handler
                0x00000000080403f8        0xe Core/Src/main.o
                0x00000000080403f8                Error_Handler
 *fill*         0x0000000008040406        0x2 
 .text.HAL_MspInit
                0x0000000008040408       0x48 Core/Src/stm32l5xx_hal_msp.o
                0x0000000008040408                HAL_MspInit
 .text.MemManage_Handler
                0x0000000008040450        0x6 Core/Src/stm32l5xx_it.o
                0x0000000008040450                MemManage_Handler
 .text.UsageFault_Handler
                0x0000000008040456        0x6 Core/Src/stm32l5xx_it.o
                0x0000000008040456                UsageFault_Handler
 .text.SVC_Handler
                0x000000000804045c        0xe Core/Src/stm32l5xx_it.o
                0x000000000804045c                SVC_Handler
 .text.PendSV_Handler
                0x000000000804046a        0xe Core/Src/stm32l5xx_it.o
                0x000000000804046a                PendSV_Handler
 .text.SysTick_Handler
                0x0000000008040478        0xc Core/Src/stm32l5xx_it.o
                0x0000000008040478                SysTick_Handler
 .text._read    0x0000000008040484       0x3a Core/Src/syscalls.o
                0x0000000008040484                _read
 .text._close   0x00000000080404be       0x18 Core/Src/syscalls.o
                0x00000000080404be                _close
 .text._fstat   0x00000000080404d6       0x20 Core/Src/syscalls.o
                0x00000000080404d6                _fstat
 .text._isatty  0x00000000080404f6       0x16 Core/Src/syscalls.o
                0x00000000080404f6                _isatty
 .text._lseek   0x000000000804050c       0x1a Core/Src/syscalls.o
                0x000000000804050c                _lseek
 *fill*         0x0000000008040526        0x2 
 .text._sbrk    0x0000000008040528       0x58 Core/Src/sysmem.o
                0x0000000008040528                _sbrk
 .text.SystemInit
                0x0000000008040580        0xe Core/Src/system_stm32l5xx_ns.o
                0x0000000008040580                SystemInit
 *fill*         0x000000000804058e        0x2 
 .text.SystemCoreClockUpdate
                0x0000000008040590       0x18 Core/Src/system_stm32l5xx_ns.o
                0x0000000008040590                SystemCoreClockUpdate
 .text.Reset_Handler
                0x00000000080405a8       0x50 Core/Startup/startup_stm32l552zetxq.o
                0x00000000080405a8                Reset_Handler
 .text.Default_Handler
                0x00000000080405f8        0x2 Core/Startup/startup_stm32l552zetxq.o
                0x00000000080405f8                DMA2_Channel3_IRQHandler
                0x00000000080405f8                TIM8_TRG_COM_IRQHandler
                0x00000000080405f8                TIM8_CC_IRQHandler
                0x00000000080405f8                EXTI5_IRQHandler
                0x00000000080405f8                DebugMon_Handler
                0x00000000080405f8                FLASH_S_IRQHandler
                0x00000000080405f8                EXTI13_IRQHandler
                0x00000000080405f8                TIM1_CC_IRQHandler
                0x00000000080405f8                TSC_IRQHandler
                0x00000000080405f8                HardFault_Handler
                0x00000000080405f8                TAMP_IRQHandler
                0x00000000080405f8                TIM6_IRQHandler
                0x00000000080405f8                EXTI12_IRQHandler
                0x00000000080405f8                DMA2_Channel8_IRQHandler
                0x00000000080405f8                NMI_Handler
                0x00000000080405f8                EXTI3_IRQHandler
                0x00000000080405f8                EXTI8_IRQHandler
                0x00000000080405f8                LPTIM2_IRQHandler
                0x00000000080405f8                DFSDM1_FLT1_IRQHandler
                0x00000000080405f8                USB_FS_IRQHandler
                0x00000000080405f8                I2C3_ER_IRQHandler
                0x00000000080405f8                DFSDM1_FLT2_IRQHandler
                0x00000000080405f8                DMAMUX1_IRQHandler
                0x00000000080405f8                LPTIM3_IRQHandler
                0x00000000080405f8                EXTI0_IRQHandler
                0x00000000080405f8                I2C2_EV_IRQHandler
                0x00000000080405f8                FPU_IRQHandler
                0x00000000080405f8                FDCAN1_IT1_IRQHandler
                0x00000000080405f8                ADC1_2_IRQHandler
                0x00000000080405f8                SPI1_IRQHandler
                0x00000000080405f8                OCTOSPI1_IRQHandler
                0x00000000080405f8                TIM8_UP_IRQHandler
                0x00000000080405f8                RCC_S_IRQHandler
                0x00000000080405f8                DMA2_Channel2_IRQHandler
                0x00000000080405f8                DMA1_Channel4_IRQHandler
                0x00000000080405f8                SAI2_IRQHandler
                0x00000000080405f8                DFSDM1_FLT3_IRQHandler
                0x00000000080405f8                EXTI15_IRQHandler
                0x00000000080405f8                TIM17_IRQHandler
                0x00000000080405f8                USART3_IRQHandler
                0x00000000080405f8                RTC_IRQHandler
                0x00000000080405f8                EXTI9_IRQHandler
                0x00000000080405f8                DMA1_Channel7_IRQHandler
                0x00000000080405f8                UART5_IRQHandler
                0x00000000080405f8                TIM4_IRQHandler
                0x00000000080405f8                DMA2_Channel1_IRQHandler
                0x00000000080405f8                I2C1_EV_IRQHandler
                0x00000000080405f8                DMA1_Channel6_IRQHandler
                0x00000000080405f8                TIM16_IRQHandler
                0x00000000080405f8                UART4_IRQHandler
                0x00000000080405f8                DMA2_Channel4_IRQHandler
                0x00000000080405f8                SecureFault_Handler
                0x00000000080405f8                TIM3_IRQHandler
                0x00000000080405f8                RCC_IRQHandler
                0x00000000080405f8                TIM1_TRG_COM_IRQHandler
                0x00000000080405f8                DMA1_Channel1_IRQHandler
                0x00000000080405f8                Default_Handler
                0x00000000080405f8                DMA2_Channel7_IRQHandler
                0x00000000080405f8                DMA1_Channel8_IRQHandler
                0x00000000080405f8                TIM7_IRQHandler
                0x00000000080405f8                SDMMC1_IRQHandler
                0x00000000080405f8                TIM5_IRQHandler
                0x00000000080405f8                UCPD1_IRQHandler
                0x00000000080405f8                TIM15_IRQHandler
                0x00000000080405f8                I2C3_EV_IRQHandler
                0x00000000080405f8                PVD_PVM_IRQHandler
                0x00000000080405f8                SPI2_IRQHandler
                0x00000000080405f8                EXTI14_IRQHandler
                0x00000000080405f8                EXTI11_IRQHandler
                0x00000000080405f8                DMA2_Channel5_IRQHandler
                0x00000000080405f8                CRS_IRQHandler
                0x00000000080405f8                DMA1_Channel5_IRQHandler
                0x00000000080405f8                EXTI4_IRQHandler
                0x00000000080405f8                RTC_S_IRQHandler
                0x00000000080405f8                RNG_IRQHandler
                0x00000000080405f8                DMAMUX1_S_IRQHandler
                0x00000000080405f8                DMA1_Channel3_IRQHandler
                0x00000000080405f8                COMP_IRQHandler
                0x00000000080405f8                TIM1_UP_IRQHandler
                0x00000000080405f8                WWDG_IRQHandler
                0x00000000080405f8                I2C4_EV_IRQHandler
                0x00000000080405f8                LPUART1_IRQHandler
                0x00000000080405f8                DMA2_Channel6_IRQHandler
                0x00000000080405f8                FDCAN1_IT0_IRQHandler
                0x00000000080405f8                TIM2_IRQHandler
                0x00000000080405f8                TAMP_S_IRQHandler
                0x00000000080405f8                EXTI7_IRQHandler
                0x00000000080405f8                TIM1_BRK_IRQHandler
                0x00000000080405f8                DAC_IRQHandler
                0x00000000080405f8                EXTI1_IRQHandler
                0x00000000080405f8                GTZC_IRQHandler
                0x00000000080405f8                USART2_IRQHandler
                0x00000000080405f8                DFSDM1_FLT0_IRQHandler
                0x00000000080405f8                I2C2_ER_IRQHandler
                0x00000000080405f8                DMA1_Channel2_IRQHandler
                0x00000000080405f8                TIM8_BRK_IRQHandler
                0x00000000080405f8                FLASH_IRQHandler
                0x00000000080405f8                BusFault_Handler
                0x00000000080405f8                USART1_IRQHandler
                0x00000000080405f8                EXTI10_IRQHandler
                0x00000000080405f8                SPI3_IRQHandler
                0x00000000080405f8                I2C1_ER_IRQHandler
                0x00000000080405f8                FMC_IRQHandler
                0x00000000080405f8                EXTI6_IRQHandler
                0x00000000080405f8                LPTIM1_IRQHandler
                0x00000000080405f8                I2C4_ER_IRQHandler
                0x00000000080405f8                ICACHE_IRQHandler
                0x00000000080405f8                SAI1_IRQHandler
                0x00000000080405f8                HASH_IRQHandler
                0x00000000080405f8                EXTI2_IRQHandler
 .text.HAL_Init
                0x00000000080405fa       0x34 Drivers/STM32L5xx_HAL_Driver/Src/stm32l5xx_hal.o
                0x00000000080405fa                HAL_Init
 *fill*         0x000000000804062e        0x2 
 .text.HAL_InitTick
                0x0000000008040630       0x74 Drivers/STM32L5xx_HAL_Driver/Src/stm32l5xx_hal.o
                0x0000000008040630                HAL_InitTick
 .text.HAL_IncTick
                0x00000000080406a4       0x24 Drivers/STM32L5xx_HAL_Driver/Src/stm32l5xx_hal.o
                0x00000000080406a4                HAL_IncTick
 .text.HAL_GetTick
                0x00000000080406c8       0x18 Drivers/STM32L5xx_HAL_Driver/Src/stm32l5xx_hal.o
                0x00000000080406c8                HAL_GetTick
 .text.HAL_Delay
                0x00000000080406e0       0x44 Drivers/STM32L5xx_HAL_Driver/Src/stm32l5xx_hal.o
                0x00000000080406e0                HAL_Delay
 .text.__NVIC_SetPriorityGrouping
                0x0000000008040724       0x48 Drivers/STM32L5xx_HAL_Driver/Src/stm32l5xx_hal_cortex.o
 .text.__NVIC_GetPriorityGrouping
                0x000000000804076c       0x1c Drivers/STM32L5xx_HAL_Driver/Src/stm32l5xx_hal_cortex.o
 .text.__NVIC_SetPriority
                0x0000000008040788       0x54 Drivers/STM32L5xx_HAL_Driver/Src/stm32l5xx_hal_cortex.o
 .text.NVIC_EncodePriority
                0x00000000080407dc       0x66 Drivers/STM32L5xx_HAL_Driver/Src/stm32l5xx_hal_cortex.o
 *fill*         0x0000000008040842        0x2 
 .text.SysTick_Config
                0x0000000008040844       0x44 Drivers/STM32L5xx_HAL_Driver/Src/stm32l5xx_hal_cortex.o
 .text.HAL_NVIC_SetPriorityGrouping
                0x0000000008040888       0x16 Drivers/STM32L5xx_HAL_Driver/Src/stm32l5xx_hal_cortex.o
                0x0000000008040888                HAL_NVIC_SetPriorityGrouping
 .text.HAL_NVIC_SetPriority
                0x000000000804089e       0x34 Drivers/STM32L5xx_HAL_Driver/Src/stm32l5xx_hal_cortex.o
                0x000000000804089e                HAL_NVIC_SetPriority
 .text.HAL_SYSTICK_Config
                0x00000000080408d2       0x18 Drivers/STM32L5xx_HAL_Driver/Src/stm32l5xx_hal_cortex.o
                0x00000000080408d2                HAL_SYSTICK_Config
 *fill*         0x00000000080408ea        0x2 
 .text.HAL_GPIO_Init
                0x00000000080408ec      0x300 Drivers/STM32L5xx_HAL_Driver/Src/stm32l5xx_hal_gpio.o
                0x00000000080408ec                HAL_GPIO_Init
 .text.HAL_GPIO_ReadPin
                0x0000000008040bec       0x30 Drivers/STM32L5xx_HAL_Driver/Src/stm32l5xx_hal_gpio.o
                0x0000000008040bec                HAL_GPIO_ReadPin
 .text.HAL_PWREx_GetVoltageRange
                0x0000000008040c1c       0x1c Drivers/STM32L5xx_HAL_Driver/Src/stm32l5xx_hal_pwr_ex.o
                0x0000000008040c1c                HAL_PWREx_GetVoltageRange
 .text.HAL_PWREx_ControlVoltageScaling
                0x0000000008040c38       0xb8 Drivers/STM32L5xx_HAL_Driver/Src/stm32l5xx_hal_pwr_ex.o
                0x0000000008040c38                HAL_PWREx_ControlVoltageScaling
 .text.HAL_PWREx_SMPS_GetEffectiveMode
                0x0000000008040cf0       0x48 Drivers/STM32L5xx_HAL_Driver/Src/stm32l5xx_hal_pwr_ex.o
                0x0000000008040cf0                HAL_PWREx_SMPS_GetEffectiveMode
 .text.HAL_RCC_OscConfig
                0x0000000008040d38      0x8d8 Drivers/STM32L5xx_HAL_Driver/Src/stm32l5xx_hal_rcc.o
                0x0000000008040d38                HAL_RCC_OscConfig
 .text.HAL_RCC_ClockConfig
                0x0000000008041610      0x250 Drivers/STM32L5xx_HAL_Driver/Src/stm32l5xx_hal_rcc.o
                0x0000000008041610                HAL_RCC_ClockConfig
 .text.HAL_RCC_GetSysClockFreq
                0x0000000008041860      0x134 Drivers/STM32L5xx_HAL_Driver/Src/stm32l5xx_hal_rcc.o
                0x0000000008041860                HAL_RCC_GetSysClockFreq
 .text.RCC_SetFlashLatencyFromMSIRange
                0x0000000008041994       0xc8 Drivers/STM32L5xx_HAL_Driver/Src/stm32l5xx_hal_rcc.o
 .text.RCC_GetSysClockFreqFromPLLSource
                0x0000000008041a5c       0xf0 Drivers/STM32L5xx_HAL_Driver/Src/stm32l5xx_hal_rcc.o
 .text.__errno  0x0000000008041b4c        0xc /Applications/STM32CubeIDE.app/Contents/Eclipse/plugins/com.st.stm32cube.ide.mcu.externaltools.gnu-tools-for-stm32.7-2018-q2-update.macos64_1.0.0.201904181610/tools/bin/../lib/gcc/arm-none-eabi/7.3.1/../../../../arm-none-eabi/lib/thumb/v8-m.main/fpv5-sp/hard/libc_nano.a(lib_a-errno.o)
                0x0000000008041b4c                __errno
 .text.__libc_init_array
                0x0000000008041b58       0x48 /Applications/STM32CubeIDE.app/Contents/Eclipse/plugins/com.st.stm32cube.ide.mcu.externaltools.gnu-tools-for-stm32.7-2018-q2-update.macos64_1.0.0.201904181610/tools/bin/../lib/gcc/arm-none-eabi/7.3.1/../../../../arm-none-eabi/lib/thumb/v8-m.main/fpv5-sp/hard/libc_nano.a(lib_a-init.o)
                0x0000000008041b58                __libc_init_array
 .text.memset   0x0000000008041ba0       0x10 /Applications/STM32CubeIDE.app/Contents/Eclipse/plugins/com.st.stm32cube.ide.mcu.externaltools.gnu-tools-for-stm32.7-2018-q2-update.macos64_1.0.0.201904181610/tools/bin/../lib/gcc/arm-none-eabi/7.3.1/../../../../arm-none-eabi/lib/thumb/v8-m.main/fpv5-sp/hard/libc_nano.a(lib_a-memset.o)
                0x0000000008041ba0                memset
 .text.printf   0x0000000008041bb0       0x30 /Applications/STM32CubeIDE.app/Contents/Eclipse/plugins/com.st.stm32cube.ide.mcu.externaltools.gnu-tools-for-stm32.7-2018-q2-update.macos64_1.0.0.201904181610/tools/bin/../lib/gcc/arm-none-eabi/7.3.1/../../../../arm-none-eabi/lib/thumb/v8-m.main/fpv5-sp/hard/libc_nano.a(lib_a-printf.o)
                0x0000000008041bb0                printf
                0x0000000008041bb0                iprintf
 .text.std      0x0000000008041be0       0x48 /Applications/STM32CubeIDE.app/Contents/Eclipse/plugins/com.st.stm32cube.ide.mcu.externaltools.gnu-tools-for-stm32.7-2018-q2-update.macos64_1.0.0.201904181610/tools/bin/../lib/gcc/arm-none-eabi/7.3.1/../../../../arm-none-eabi/lib/thumb/v8-m.main/fpv5-sp/hard/libc_nano.a(lib_a-findfp.o)
 .text._cleanup_r
                0x0000000008041c28        0xc /Applications/STM32CubeIDE.app/Contents/Eclipse/plugins/com.st.stm32cube.ide.mcu.externaltools.gnu-tools-for-stm32.7-2018-q2-update.macos64_1.0.0.201904181610/tools/bin/../lib/gcc/arm-none-eabi/7.3.1/../../../../arm-none-eabi/lib/thumb/v8-m.main/fpv5-sp/hard/libc_nano.a(lib_a-findfp.o)
                0x0000000008041c28                _cleanup_r
 .text.__sfmoreglue
                0x0000000008041c34       0x2c /Applications/STM32CubeIDE.app/Contents/Eclipse/plugins/com.st.stm32cube.ide.mcu.externaltools.gnu-tools-for-stm32.7-2018-q2-update.macos64_1.0.0.201904181610/tools/bin/../lib/gcc/arm-none-eabi/7.3.1/../../../../arm-none-eabi/lib/thumb/v8-m.main/fpv5-sp/hard/libc_nano.a(lib_a-findfp.o)
                0x0000000008041c34                __sfmoreglue
 .text.__sinit  0x0000000008041c60       0x60 /Applications/STM32CubeIDE.app/Contents/Eclipse/plugins/com.st.stm32cube.ide.mcu.externaltools.gnu-tools-for-stm32.7-2018-q2-update.macos64_1.0.0.201904181610/tools/bin/../lib/gcc/arm-none-eabi/7.3.1/../../../../arm-none-eabi/lib/thumb/v8-m.main/fpv5-sp/hard/libc_nano.a(lib_a-findfp.o)
                0x0000000008041c60                __sinit
 .text.__sfp    0x0000000008041cc0       0x78 /Applications/STM32CubeIDE.app/Contents/Eclipse/plugins/com.st.stm32cube.ide.mcu.externaltools.gnu-tools-for-stm32.7-2018-q2-update.macos64_1.0.0.201904181610/tools/bin/../lib/gcc/arm-none-eabi/7.3.1/../../../../arm-none-eabi/lib/thumb/v8-m.main/fpv5-sp/hard/libc_nano.a(lib_a-findfp.o)
                0x0000000008041cc0                __sfp
 .text._fwalk_reent
                0x0000000008041d38       0x3c /Applications/STM32CubeIDE.app/Contents/Eclipse/plugins/com.st.stm32cube.ide.mcu.externaltools.gnu-tools-for-stm32.7-2018-q2-update.macos64_1.0.0.201904181610/tools/bin/../lib/gcc/arm-none-eabi/7.3.1/../../../../arm-none-eabi/lib/thumb/v8-m.main/fpv5-sp/hard/libc_nano.a(lib_a-fwalk.o)
                0x0000000008041d38                _fwalk_reent
 .text._malloc_r
                0x0000000008041d74       0xb4 /Applications/STM32CubeIDE.app/Contents/Eclipse/plugins/com.st.stm32cube.ide.mcu.externaltools.gnu-tools-for-stm32.7-2018-q2-update.macos64_1.0.0.201904181610/tools/bin/../lib/gcc/arm-none-eabi/7.3.1/../../../../arm-none-eabi/lib/thumb/v8-m.main/fpv5-sp/hard/libc_nano.a(lib_a-nano-mallocr.o)
                0x0000000008041d74                _malloc_r
 .text.__sfputc_r
                0x0000000008041e28       0x2e /Applications/STM32CubeIDE.app/Contents/Eclipse/plugins/com.st.stm32cube.ide.mcu.externaltools.gnu-tools-for-stm32.7-2018-q2-update.macos64_1.0.0.201904181610/tools/bin/../lib/gcc/arm-none-eabi/7.3.1/../../../../arm-none-eabi/lib/thumb/v8-m.main/fpv5-sp/hard/libc_nano.a(lib_a-nano-vfprintf.o)
 .text.__sfputs_r
                0x0000000008041e56       0x24 /Applications/STM32CubeIDE.app/Contents/Eclipse/plugins/com.st.stm32cube.ide.mcu.externaltools.gnu-tools-for-stm32.7-2018-q2-update.macos64_1.0.0.201904181610/tools/bin/../lib/gcc/arm-none-eabi/7.3.1/../../../../arm-none-eabi/lib/thumb/v8-m.main/fpv5-sp/hard/libc_nano.a(lib_a-nano-vfprintf.o)
                0x0000000008041e56                __sfputs_r
 *fill*         0x0000000008041e7a        0x2 
 .text._vfprintf_r
                0x0000000008041e7c      0x22c /Applications/STM32CubeIDE.app/Contents/Eclipse/plugins/com.st.stm32cube.ide.mcu.externaltools.gnu-tools-for-stm32.7-2018-q2-update.macos64_1.0.0.201904181610/tools/bin/../lib/gcc/arm-none-eabi/7.3.1/../../../../arm-none-eabi/lib/thumb/v8-m.main/fpv5-sp/hard/libc_nano.a(lib_a-nano-vfprintf.o)
                0x0000000008041e7c                _vfiprintf_r
                0x0000000008041e7c                _vfprintf_r
 .text._printf_common
                0x00000000080420a8       0xf0 /Applications/STM32CubeIDE.app/Contents/Eclipse/plugins/com.st.stm32cube.ide.mcu.externaltools.gnu-tools-for-stm32.7-2018-q2-update.macos64_1.0.0.201904181610/tools/bin/../lib/gcc/arm-none-eabi/7.3.1/../../../../arm-none-eabi/lib/thumb/v8-m.main/fpv5-sp/hard/libc_nano.a(lib_a-nano-vfprintf_i.o)
                0x00000000080420a8                _printf_common
 .text._printf_i
                0x0000000008042198      0x224 /Applications/STM32CubeIDE.app/Contents/Eclipse/plugins/com.st.stm32cube.ide.mcu.externaltools.gnu-tools-for-stm32.7-2018-q2-update.macos64_1.0.0.201904181610/tools/bin/../lib/gcc/arm-none-eabi/7.3.1/../../../../arm-none-eabi/lib/thumb/v8-m.main/fpv5-sp/hard/libc_nano.a(lib_a-nano-vfprintf_i.o)
                0x0000000008042198                _printf_i
 .text._sbrk_r  0x00000000080423bc       0x20 /Applications/STM32CubeIDE.app/Contents/Eclipse/plugins/com.st.stm32cube.ide.mcu.externaltools.gnu-tools-for-stm32.7-2018-q2-update.macos64_1.0.0.201904181610/tools/bin/../lib/gcc/arm-none-eabi/7.3.1/../../../../arm-none-eabi/lib/thumb/v8-m.main/fpv5-sp/hard/libc_nano.a(lib_a-sbrkr.o)
                0x00000000080423bc                _sbrk_r
 .text.__sread  0x00000000080423dc       0x22 /Applications/STM32CubeIDE.app/Contents/Eclipse/plugins/com.st.stm32cube.ide.mcu.externaltools.gnu-tools-for-stm32.7-2018-q2-update.macos64_1.0.0.201904181610/tools/bin/../lib/gcc/arm-none-eabi/7.3.1/../../../../arm-none-eabi/lib/thumb/v8-m.main/fpv5-sp/hard/libc_nano.a(lib_a-stdio.o)
                0x00000000080423dc                __sread
 .text.__swrite
                0x00000000080423fe       0x38 /Applications/STM32CubeIDE.app/Contents/Eclipse/plugins/com.st.stm32cube.ide.mcu.externaltools.gnu-tools-for-stm32.7-2018-q2-update.macos64_1.0.0.201904181610/tools/bin/../lib/gcc/arm-none-eabi/7.3.1/../../../../arm-none-eabi/lib/thumb/v8-m.main/fpv5-sp/hard/libc_nano.a(lib_a-stdio.o)
                0x00000000080423fe                __swrite
 .text.__sseek  0x0000000008042436       0x24 /Applications/STM32CubeIDE.app/Contents/Eclipse/plugins/com.st.stm32cube.ide.mcu.externaltools.gnu-tools-for-stm32.7-2018-q2-update.macos64_1.0.0.201904181610/tools/bin/../lib/gcc/arm-none-eabi/7.3.1/../../../../arm-none-eabi/lib/thumb/v8-m.main/fpv5-sp/hard/libc_nano.a(lib_a-stdio.o)
                0x0000000008042436                __sseek
 .text.__sclose
                0x000000000804245a        0x8 /Applications/STM32CubeIDE.app/Contents/Eclipse/plugins/com.st.stm32cube.ide.mcu.externaltools.gnu-tools-for-stm32.7-2018-q2-update.macos64_1.0.0.201904181610/tools/bin/../lib/gcc/arm-none-eabi/7.3.1/../../../../arm-none-eabi/lib/thumb/v8-m.main/fpv5-sp/hard/libc_nano.a(lib_a-stdio.o)
                0x000000000804245a                __sclose
 *fill*         0x0000000008042462        0x2 
 .text.__swbuf_r
                0x0000000008042464       0xa4 /Applications/STM32CubeIDE.app/Contents/Eclipse/plugins/com.st.stm32cube.ide.mcu.externaltools.gnu-tools-for-stm32.7-2018-q2-update.macos64_1.0.0.201904181610/tools/bin/../lib/gcc/arm-none-eabi/7.3.1/../../../../arm-none-eabi/lib/thumb/v8-m.main/fpv5-sp/hard/libc_nano.a(lib_a-wbuf.o)
                0x0000000008042464                __swbuf_r
 .text._write_r
                0x0000000008042508       0x24 /Applications/STM32CubeIDE.app/Contents/Eclipse/plugins/com.st.stm32cube.ide.mcu.externaltools.gnu-tools-for-stm32.7-2018-q2-update.macos64_1.0.0.201904181610/tools/bin/../lib/gcc/arm-none-eabi/7.3.1/../../../../arm-none-eabi/lib/thumb/v8-m.main/fpv5-sp/hard/libc_nano.a(lib_a-writer.o)
                0x0000000008042508                _write_r
 .text.__swsetup_r
                0x000000000804252c       0xdc /Applications/STM32CubeIDE.app/Contents/Eclipse/plugins/com.st.stm32cube.ide.mcu.externaltools.gnu-tools-for-stm32.7-2018-q2-update.macos64_1.0.0.201904181610/tools/bin/../lib/gcc/arm-none-eabi/7.3.1/../../../../arm-none-eabi/lib/thumb/v8-m.main/fpv5-sp/hard/libc_nano.a(lib_a-wsetup.o)
                0x000000000804252c                __swsetup_r
 .text._close_r
                0x0000000008042608       0x20 /Applications/STM32CubeIDE.app/Contents/Eclipse/plugins/com.st.stm32cube.ide.mcu.externaltools.gnu-tools-for-stm32.7-2018-q2-update.macos64_1.0.0.201904181610/tools/bin/../lib/gcc/arm-none-eabi/7.3.1/../../../../arm-none-eabi/lib/thumb/v8-m.main/fpv5-sp/hard/libc_nano.a(lib_a-closer.o)
                0x0000000008042608                _close_r
 .text.__sflush_r
                0x0000000008042628      0x108 /Applications/STM32CubeIDE.app/Contents/Eclipse/plugins/com.st.stm32cube.ide.mcu.externaltools.gnu-tools-for-stm32.7-2018-q2-update.macos64_1.0.0.201904181610/tools/bin/../lib/gcc/arm-none-eabi/7.3.1/../../../../arm-none-eabi/lib/thumb/v8-m.main/fpv5-sp/hard/libc_nano.a(lib_a-fflush.o)
                0x0000000008042628                __sflush_r
 .text._fflush_r
                0x0000000008042730       0x54 /Applications/STM32CubeIDE.app/Contents/Eclipse/plugins/com.st.stm32cube.ide.mcu.externaltools.gnu-tools-for-stm32.7-2018-q2-update.macos64_1.0.0.201904181610/tools/bin/../lib/gcc/arm-none-eabi/7.3.1/../../../../arm-none-eabi/lib/thumb/v8-m.main/fpv5-sp/hard/libc_nano.a(lib_a-fflush.o)
                0x0000000008042730                _fflush_r
 .text._lseek_r
                0x0000000008042784       0x24 /Applications/STM32CubeIDE.app/Contents/Eclipse/plugins/com.st.stm32cube.ide.mcu.externaltools.gnu-tools-for-stm32.7-2018-q2-update.macos64_1.0.0.201904181610/tools/bin/../lib/gcc/arm-none-eabi/7.3.1/../../../../arm-none-eabi/lib/thumb/v8-m.main/fpv5-sp/hard/libc_nano.a(lib_a-lseekr.o)
                0x0000000008042784                _lseek_r
 .text.__swhatbuf_r
                0x00000000080427a8       0x48 /Applications/STM32CubeIDE.app/Contents/Eclipse/plugins/com.st.stm32cube.ide.mcu.externaltools.gnu-tools-for-stm32.7-2018-q2-update.macos64_1.0.0.201904181610/tools/bin/../lib/gcc/arm-none-eabi/7.3.1/../../../../arm-none-eabi/lib/thumb/v8-m.main/fpv5-sp/hard/libc_nano.a(lib_a-makebuf.o)
                0x00000000080427a8                __swhatbuf_r
 .text.__smakebuf_r
                0x00000000080427f0       0x80 /Applications/STM32CubeIDE.app/Contents/Eclipse/plugins/com.st.stm32cube.ide.mcu.externaltools.gnu-tools-for-stm32.7-2018-q2-update.macos64_1.0.0.201904181610/tools/bin/../lib/gcc/arm-none-eabi/7.3.1/../../../../arm-none-eabi/lib/thumb/v8-m.main/fpv5-sp/hard/libc_nano.a(lib_a-makebuf.o)
                0x00000000080427f0                __smakebuf_r
 .text.memchr   0x0000000008042870       0x1c /Applications/STM32CubeIDE.app/Contents/Eclipse/plugins/com.st.stm32cube.ide.mcu.externaltools.gnu-tools-for-stm32.7-2018-q2-update.macos64_1.0.0.201904181610/tools/bin/../lib/gcc/arm-none-eabi/7.3.1/../../../../arm-none-eabi/lib/thumb/v8-m.main/fpv5-sp/hard/libc_nano.a(lib_a-memchr-stub.o)
                0x0000000008042870                memchr
 .text.__malloc_lock
                0x000000000804288c        0x2 /Applications/STM32CubeIDE.app/Contents/Eclipse/plugins/com.st.stm32cube.ide.mcu.externaltools.gnu-tools-for-stm32.7-2018-q2-update.macos64_1.0.0.201904181610/tools/bin/../lib/gcc/arm-none-eabi/7.3.1/../../../../arm-none-eabi/lib/thumb/v8-m.main/fpv5-sp/hard/libc_nano.a(lib_a-mlock.o)
                0x000000000804288c                __malloc_lock
 .text.__malloc_unlock
                0x000000000804288e        0x2 /Applications/STM32CubeIDE.app/Contents/Eclipse/plugins/com.st.stm32cube.ide.mcu.externaltools.gnu-tools-for-stm32.7-2018-q2-update.macos64_1.0.0.201904181610/tools/bin/../lib/gcc/arm-none-eabi/7.3.1/../../../../arm-none-eabi/lib/thumb/v8-m.main/fpv5-sp/hard/libc_nano.a(lib_a-mlock.o)
                0x000000000804288e                __malloc_unlock
 .text._free_r  0x0000000008042890       0x9c /Applications/STM32CubeIDE.app/Contents/Eclipse/plugins/com.st.stm32cube.ide.mcu.externaltools.gnu-tools-for-stm32.7-2018-q2-update.macos64_1.0.0.201904181610/tools/bin/../lib/gcc/arm-none-eabi/7.3.1/../../../../arm-none-eabi/lib/thumb/v8-m.main/fpv5-sp/hard/libc_nano.a(lib_a-nano-freer.o)
                0x0000000008042890                _free_r
 .text._read_r  0x000000000804292c       0x24 /Applications/STM32CubeIDE.app/Contents/Eclipse/plugins/com.st.stm32cube.ide.mcu.externaltools.gnu-tools-for-stm32.7-2018-q2-update.macos64_1.0.0.201904181610/tools/bin/../lib/gcc/arm-none-eabi/7.3.1/../../../../arm-none-eabi/lib/thumb/v8-m.main/fpv5-sp/hard/libc_nano.a(lib_a-readr.o)
                0x000000000804292c                _read_r
 .text._fstat_r
                0x0000000008042950       0x24 /Applications/STM32CubeIDE.app/Contents/Eclipse/plugins/com.st.stm32cube.ide.mcu.externaltools.gnu-tools-for-stm32.7-2018-q2-update.macos64_1.0.0.201904181610/tools/bin/../lib/gcc/arm-none-eabi/7.3.1/../../../../arm-none-eabi/lib/thumb/v8-m.main/fpv5-sp/hard/libc_nano.a(lib_a-fstatr.o)
                0x0000000008042950                _fstat_r
 .text._isatty_r
                0x0000000008042974       0x20 /Applications/STM32CubeIDE.app/Contents/Eclipse/plugins/com.st.stm32cube.ide.mcu.externaltools.gnu-tools-for-stm32.7-2018-q2-update.macos64_1.0.0.201904181610/tools/bin/../lib/gcc/arm-none-eabi/7.3.1/../../../../arm-none-eabi/lib/thumb/v8-m.main/fpv5-sp/hard/libc_nano.a(lib_a-isattyr.o)
                0x0000000008042974                _isatty_r
 *(.glue_7)
 .glue_7        0x0000000008042994        0x0 linker stubs
 *(.glue_7t)
 .glue_7t       0x0000000008042994        0x0 linker stubs
 *(.eh_frame)
 .eh_frame      0x0000000008042994        0x0 /Applications/STM32CubeIDE.app/Contents/Eclipse/plugins/com.st.stm32cube.ide.mcu.externaltools.gnu-tools-for-stm32.7-2018-q2-update.macos64_1.0.0.201904181610/tools/bin/../lib/gcc/arm-none-eabi/7.3.1/thumb/v8-m.main/fpv5-sp/hard/crtbegin.o
 *(.init)
 .init          0x0000000008042994        0x4 /Applications/STM32CubeIDE.app/Contents/Eclipse/plugins/com.st.stm32cube.ide.mcu.externaltools.gnu-tools-for-stm32.7-2018-q2-update.macos64_1.0.0.201904181610/tools/bin/../lib/gcc/arm-none-eabi/7.3.1/thumb/v8-m.main/fpv5-sp/hard/crti.o
                0x0000000008042994                _init
 .init          0x0000000008042998        0x8 /Applications/STM32CubeIDE.app/Contents/Eclipse/plugins/com.st.stm32cube.ide.mcu.externaltools.gnu-tools-for-stm32.7-2018-q2-update.macos64_1.0.0.201904181610/tools/bin/../lib/gcc/arm-none-eabi/7.3.1/thumb/v8-m.main/fpv5-sp/hard/crtn.o
 *(.fini)
 .fini          0x00000000080429a0        0x4 /Applications/STM32CubeIDE.app/Contents/Eclipse/plugins/com.st.stm32cube.ide.mcu.externaltools.gnu-tools-for-stm32.7-2018-q2-update.macos64_1.0.0.201904181610/tools/bin/../lib/gcc/arm-none-eabi/7.3.1/thumb/v8-m.main/fpv5-sp/hard/crti.o
                0x00000000080429a0                _fini
 .fini          0x00000000080429a4        0x8 /Applications/STM32CubeIDE.app/Contents/Eclipse/plugins/com.st.stm32cube.ide.mcu.externaltools.gnu-tools-for-stm32.7-2018-q2-update.macos64_1.0.0.201904181610/tools/bin/../lib/gcc/arm-none-eabi/7.3.1/thumb/v8-m.main/fpv5-sp/hard/crtn.o
 *fill*         0x00000000080429ac        0x4 
 .fini.__stub   0x00000000080429b0       0x20 linker stubs
                0x00000000080429d0                . = ALIGN (0x8)
 *fill*         0x00000000080429d0        0x0 
                0x00000000080429d0                _etext = .

.vfp11_veneer   0x00000000080429d0        0x0
 .vfp11_veneer  0x00000000080429d0        0x0 linker stubs

.v4_bx          0x00000000080429d0        0x0
 .v4_bx         0x00000000080429d0        0x0 linker stubs

.iplt           0x00000000080429d0        0x0
 .iplt          0x00000000080429d0        0x0 /Applications/STM32CubeIDE.app/Contents/Eclipse/plugins/com.st.stm32cube.ide.mcu.externaltools.gnu-tools-for-stm32.7-2018-q2-update.macos64_1.0.0.201904181610/tools/bin/../lib/gcc/arm-none-eabi/7.3.1/thumb/v8-m.main/fpv5-sp/hard/crtbegin.o

.rodata         0x00000000080429d0      0x118
                0x00000000080429d0                . = ALIGN (0x8)
 *(.rodata)
 .rodata        0x00000000080429d0       0x2e Core/Src/main.o
 *(.rodata*)
 *fill*         0x00000000080429fe        0x2 
 .rodata.AHBPrescTable
                0x0000000008042a00       0x10 Core/Src/system_stm32l5xx_ns.o
                0x0000000008042a00                AHBPrescTable
 .rodata.MSIRangeTable
                0x0000000008042a10       0x40 Core/Src/system_stm32l5xx_ns.o
                0x0000000008042a10                MSIRangeTable
 .rodata._global_impure_ptr
                0x0000000008042a50        0x4 /Applications/STM32CubeIDE.app/Contents/Eclipse/plugins/com.st.stm32cube.ide.mcu.externaltools.gnu-tools-for-stm32.7-2018-q2-update.macos64_1.0.0.201904181610/tools/bin/../lib/gcc/arm-none-eabi/7.3.1/../../../../arm-none-eabi/lib/thumb/v8-m.main/fpv5-sp/hard/libc_nano.a(lib_a-impure.o)
                0x0000000008042a50                _global_impure_ptr
 .rodata.__sf_fake_stderr
                0x0000000008042a54       0x20 /Applications/STM32CubeIDE.app/Contents/Eclipse/plugins/com.st.stm32cube.ide.mcu.externaltools.gnu-tools-for-stm32.7-2018-q2-update.macos64_1.0.0.201904181610/tools/bin/../lib/gcc/arm-none-eabi/7.3.1/../../../../arm-none-eabi/lib/thumb/v8-m.main/fpv5-sp/hard/libc_nano.a(lib_a-findfp.o)
                0x0000000008042a54                __sf_fake_stderr
 .rodata.__sf_fake_stdin
                0x0000000008042a74       0x20 /Applications/STM32CubeIDE.app/Contents/Eclipse/plugins/com.st.stm32cube.ide.mcu.externaltools.gnu-tools-for-stm32.7-2018-q2-update.macos64_1.0.0.201904181610/tools/bin/../lib/gcc/arm-none-eabi/7.3.1/../../../../arm-none-eabi/lib/thumb/v8-m.main/fpv5-sp/hard/libc_nano.a(lib_a-findfp.o)
                0x0000000008042a74                __sf_fake_stdin
 .rodata.__sf_fake_stdout
                0x0000000008042a94       0x20 /Applications/STM32CubeIDE.app/Contents/Eclipse/plugins/com.st.stm32cube.ide.mcu.externaltools.gnu-tools-for-stm32.7-2018-q2-update.macos64_1.0.0.201904181610/tools/bin/../lib/gcc/arm-none-eabi/7.3.1/../../../../arm-none-eabi/lib/thumb/v8-m.main/fpv5-sp/hard/libc_nano.a(lib_a-findfp.o)
                0x0000000008042a94                __sf_fake_stdout
 .rodata._vfprintf_r.str1.1
                0x0000000008042ab4       0x11 /Applications/STM32CubeIDE.app/Contents/Eclipse/plugins/com.st.stm32cube.ide.mcu.externaltools.gnu-tools-for-stm32.7-2018-q2-update.macos64_1.0.0.201904181610/tools/bin/../lib/gcc/arm-none-eabi/7.3.1/../../../../arm-none-eabi/lib/thumb/v8-m.main/fpv5-sp/hard/libc_nano.a(lib_a-nano-vfprintf.o)
 .rodata._printf_i.str1.1
                0x0000000008042ac5       0x22 /Applications/STM32CubeIDE.app/Contents/Eclipse/plugins/com.st.stm32cube.ide.mcu.externaltools.gnu-tools-for-stm32.7-2018-q2-update.macos64_1.0.0.201904181610/tools/bin/../lib/gcc/arm-none-eabi/7.3.1/../../../../arm-none-eabi/lib/thumb/v8-m.main/fpv5-sp/hard/libc_nano.a(lib_a-nano-vfprintf_i.o)
                0x0000000008042ae8                . = ALIGN (0x8)
 *fill*         0x0000000008042ae7        0x1 

.rel.dyn        0x0000000008042ae8        0x0
 .rel.iplt      0x0000000008042ae8        0x0 /Applications/STM32CubeIDE.app/Contents/Eclipse/plugins/com.st.stm32cube.ide.mcu.externaltools.gnu-tools-for-stm32.7-2018-q2-update.macos64_1.0.0.201904181610/tools/bin/../lib/gcc/arm-none-eabi/7.3.1/thumb/v8-m.main/fpv5-sp/hard/crtbegin.o

.ARM.extab      0x0000000008042ae8        0x0
                0x0000000008042ae8                . = ALIGN (0x8)
 *(.ARM.extab* .gnu.linkonce.armextab.*)
                0x0000000008042ae8                . = ALIGN (0x8)

.ARM            0x0000000008042ae8        0x0
                0x0000000008042ae8                . = ALIGN (0x8)
                0x0000000008042ae8                __exidx_start = .
 *(.ARM.exidx*)
                0x0000000008042ae8                __exidx_end = .
                0x0000000008042ae8                . = ALIGN (0x8)

.preinit_array  0x0000000008042ae8        0x0
                0x0000000008042ae8                . = ALIGN (0x8)
                0x0000000008042ae8                PROVIDE (__preinit_array_start = .)
 *(.preinit_array*)
                0x0000000008042ae8                PROVIDE (__preinit_array_end = .)
                0x0000000008042ae8                . = ALIGN (0x8)

.init_array     0x0000000008042ae8        0x8
                0x0000000008042ae8                . = ALIGN (0x8)
                0x0000000008042ae8                PROVIDE (__init_array_start = .)
 *(SORT_BY_NAME(.init_array.*))
 *(.init_array*)
 .init_array    0x0000000008042ae8        0x4 /Applications/STM32CubeIDE.app/Contents/Eclipse/plugins/com.st.stm32cube.ide.mcu.externaltools.gnu-tools-for-stm32.7-2018-q2-update.macos64_1.0.0.201904181610/tools/bin/../lib/gcc/arm-none-eabi/7.3.1/thumb/v8-m.main/fpv5-sp/hard/crtbegin.o
                0x0000000008042aec                PROVIDE (__init_array_end = .)
                0x0000000008042af0                . = ALIGN (0x8)
 *fill*         0x0000000008042aec        0x4 

.fini_array     0x0000000008042af0        0x8
                0x0000000008042af0                . = ALIGN (0x8)
                [!provide]                        PROVIDE (__fini_array_start = .)
 *(SORT_BY_NAME(.fini_array.*))
 *(.fini_array*)
 .fini_array    0x0000000008042af0        0x4 /Applications/STM32CubeIDE.app/Contents/Eclipse/plugins/com.st.stm32cube.ide.mcu.externaltools.gnu-tools-for-stm32.7-2018-q2-update.macos64_1.0.0.201904181610/tools/bin/../lib/gcc/arm-none-eabi/7.3.1/thumb/v8-m.main/fpv5-sp/hard/crtbegin.o
                [!provide]                        PROVIDE (__fini_array_end = .)
                0x0000000008042af8                . = ALIGN (0x8)
 *fill*         0x0000000008042af4        0x4 
                0x0000000008042af8                _sidata = LOADADDR (.data)

.data           0x0000000020018000       0x70 load address 0x0000000008042af8
                0x0000000020018000                . = ALIGN (0x8)
                0x0000000020018000                _sdata = .
 *(.data)
 *(.data*)
 .data.SystemCoreClock
                0x0000000020018000        0x4 Core/Src/system_stm32l5xx_ns.o
                0x0000000020018000                SystemCoreClock
 .data.uwTickPrio
                0x0000000020018004        0x4 Drivers/STM32L5xx_HAL_Driver/Src/stm32l5xx_hal.o
                0x0000000020018004                uwTickPrio
 .data.uwTickFreq
                0x0000000020018008        0x4 Drivers/STM32L5xx_HAL_Driver/Src/stm32l5xx_hal.o
                0x0000000020018008                uwTickFreq
 .data._impure_ptr
                0x000000002001800c        0x4 /Applications/STM32CubeIDE.app/Contents/Eclipse/plugins/com.st.stm32cube.ide.mcu.externaltools.gnu-tools-for-stm32.7-2018-q2-update.macos64_1.0.0.201904181610/tools/bin/../lib/gcc/arm-none-eabi/7.3.1/../../../../arm-none-eabi/lib/thumb/v8-m.main/fpv5-sp/hard/libc_nano.a(lib_a-impure.o)
                0x000000002001800c                _impure_ptr
 .data.impure_data
                0x0000000020018010       0x60 /Applications/STM32CubeIDE.app/Contents/Eclipse/plugins/com.st.stm32cube.ide.mcu.externaltools.gnu-tools-for-stm32.7-2018-q2-update.macos64_1.0.0.201904181610/tools/bin/../lib/gcc/arm-none-eabi/7.3.1/../../../../arm-none-eabi/lib/thumb/v8-m.main/fpv5-sp/hard/libc_nano.a(lib_a-impure.o)
                0x0000000020018070                . = ALIGN (0x8)
                0x0000000020018070                _edata = .

.igot.plt       0x0000000020018070        0x0 load address 0x0000000008042b68
 .igot.plt      0x0000000020018070        0x0 /Applications/STM32CubeIDE.app/Contents/Eclipse/plugins/com.st.stm32cube.ide.mcu.externaltools.gnu-tools-for-stm32.7-2018-q2-update.macos64_1.0.0.201904181610/tools/bin/../lib/gcc/arm-none-eabi/7.3.1/thumb/v8-m.main/fpv5-sp/hard/crtbegin.o
                0x0000000020018070                . = ALIGN (0x8)

.bss            0x0000000020018070       0x30 load address 0x0000000008042b68
                0x0000000020018070                _sbss = .
                0x0000000020018070                __bss_start__ = _sbss
 *(.bss)
 .bss           0x0000000020018070       0x1c /Applications/STM32CubeIDE.app/Contents/Eclipse/plugins/com.st.stm32cube.ide.mcu.externaltools.gnu-tools-for-stm32.7-2018-q2-update.macos64_1.0.0.201904181610/tools/bin/../lib/gcc/arm-none-eabi/7.3.1/thumb/v8-m.main/fpv5-sp/hard/crtbegin.o
 *(.bss*)
 .bss.heap_end.6424
                0x000000002001808c        0x4 Core/Src/sysmem.o
 .bss.__malloc_free_list
                0x0000000020018090        0x4 /Applications/STM32CubeIDE.app/Contents/Eclipse/plugins/com.st.stm32cube.ide.mcu.externaltools.gnu-tools-for-stm32.7-2018-q2-update.macos64_1.0.0.201904181610/tools/bin/../lib/gcc/arm-none-eabi/7.3.1/../../../../arm-none-eabi/lib/thumb/v8-m.main/fpv5-sp/hard/libc_nano.a(lib_a-nano-mallocr.o)
                0x0000000020018090                __malloc_free_list
 .bss.__malloc_sbrk_start
                0x0000000020018094        0x4 /Applications/STM32CubeIDE.app/Contents/Eclipse/plugins/com.st.stm32cube.ide.mcu.externaltools.gnu-tools-for-stm32.7-2018-q2-update.macos64_1.0.0.201904181610/tools/bin/../lib/gcc/arm-none-eabi/7.3.1/../../../../arm-none-eabi/lib/thumb/v8-m.main/fpv5-sp/hard/libc_nano.a(lib_a-nano-mallocr.o)
                0x0000000020018094                __malloc_sbrk_start
 *(COMMON)
 COMMON         0x0000000020018098        0x4 Drivers/STM32L5xx_HAL_Driver/Src/stm32l5xx_hal.o
                0x0000000020018098                uwTick
 COMMON         0x000000002001809c        0x4 /Applications/STM32CubeIDE.app/Contents/Eclipse/plugins/com.st.stm32cube.ide.mcu.externaltools.gnu-tools-for-stm32.7-2018-q2-update.macos64_1.0.0.201904181610/tools/bin/../lib/gcc/arm-none-eabi/7.3.1/../../../../arm-none-eabi/lib/thumb/v8-m.main/fpv5-sp/hard/libc_nano.a(lib_a-reent.o)
                0x000000002001809c                errno
                0x00000000200180a0                . = ALIGN (0x8)
                0x00000000200180a0                _ebss = .
                0x00000000200180a0                __bss_end__ = _ebss

._user_heap_stack
                0x00000000200180a0      0x600 load address 0x0000000008042b68
                0x00000000200180a0                . = ALIGN (0x8)
                0x00000000200180a0                PROVIDE (end = .)
                [!provide]                        PROVIDE (_end = .)
                0x00000000200182a0                . = (. + _Min_Heap_Size)
 *fill*         0x00000000200180a0      0x200 
                0x00000000200186a0                . = (. + _Min_Stack_Size)
 *fill*         0x00000000200182a0      0x400 
                0x00000000200186a0                . = ALIGN (0x8)

/DISCARD/
 libc.a(*)
 libm.a(*)
 libgcc.a(*)

.ARM.attributes
                0x0000000000000000       0x36
 *(.ARM.attributes)
 .ARM.attributes
                0x0000000000000000       0x26 /Applications/STM32CubeIDE.app/Contents/Eclipse/plugins/com.st.stm32cube.ide.mcu.externaltools.gnu-tools-for-stm32.7-2018-q2-update.macos64_1.0.0.201904181610/tools/bin/../lib/gcc/arm-none-eabi/7.3.1/thumb/v8-m.main/fpv5-sp/hard/crti.o
 .ARM.attributes
                0x0000000000000026       0x38 /Applications/STM32CubeIDE.app/Contents/Eclipse/plugins/com.st.stm32cube.ide.mcu.externaltools.gnu-tools-for-stm32.7-2018-q2-update.macos64_1.0.0.201904181610/tools/bin/../lib/gcc/arm-none-eabi/7.3.1/thumb/v8-m.main/fpv5-sp/hard/crtbegin.o
 .ARM.attributes
                0x000000000000005e       0x3c Core/Src/main.o
 .ARM.attributes
                0x000000000000009a       0x3c Core/Src/stm32l5xx_hal_msp.o
 .ARM.attributes
                0x00000000000000d6       0x3c Core/Src/stm32l5xx_it.o
 .ARM.attributes
                0x0000000000000112       0x3c Core/Src/syscalls.o
 .ARM.attributes
                0x000000000000014e       0x3c Core/Src/sysmem.o
 .ARM.attributes
                0x000000000000018a       0x3c Core/Src/system_stm32l5xx_ns.o
 .ARM.attributes
                0x00000000000001c6       0x24 Core/Startup/startup_stm32l552zetxq.o
 .ARM.attributes
                0x00000000000001ea       0x3c Drivers/STM32L5xx_HAL_Driver/Src/stm32l5xx_hal.o
 .ARM.attributes
                0x0000000000000226       0x3c Drivers/STM32L5xx_HAL_Driver/Src/stm32l5xx_hal_cortex.o
 .ARM.attributes
                0x0000000000000262       0x3c Drivers/STM32L5xx_HAL_Driver/Src/stm32l5xx_hal_gpio.o
 .ARM.attributes
                0x000000000000029e       0x3c Drivers/STM32L5xx_HAL_Driver/Src/stm32l5xx_hal_pwr_ex.o
 .ARM.attributes
                0x00000000000002da       0x3c Drivers/STM32L5xx_HAL_Driver/Src/stm32l5xx_hal_rcc.o
 .ARM.attributes
                0x0000000000000316       0x38 /Applications/STM32CubeIDE.app/Contents/Eclipse/plugins/com.st.stm32cube.ide.mcu.externaltools.gnu-tools-for-stm32.7-2018-q2-update.macos64_1.0.0.201904181610/tools/bin/../lib/gcc/arm-none-eabi/7.3.1/../../../../arm-none-eabi/lib/thumb/v8-m.main/fpv5-sp/hard/libc_nano.a(lib_a-errno.o)
 .ARM.attributes
                0x000000000000034e       0x38 /Applications/STM32CubeIDE.app/Contents/Eclipse/plugins/com.st.stm32cube.ide.mcu.externaltools.gnu-tools-for-stm32.7-2018-q2-update.macos64_1.0.0.201904181610/tools/bin/../lib/gcc/arm-none-eabi/7.3.1/../../../../arm-none-eabi/lib/thumb/v8-m.main/fpv5-sp/hard/libc_nano.a(lib_a-impure.o)
 .ARM.attributes
                0x0000000000000386       0x38 /Applications/STM32CubeIDE.app/Contents/Eclipse/plugins/com.st.stm32cube.ide.mcu.externaltools.gnu-tools-for-stm32.7-2018-q2-update.macos64_1.0.0.201904181610/tools/bin/../lib/gcc/arm-none-eabi/7.3.1/../../../../arm-none-eabi/lib/thumb/v8-m.main/fpv5-sp/hard/libc_nano.a(lib_a-init.o)
 .ARM.attributes
                0x00000000000003be       0x38 /Applications/STM32CubeIDE.app/Contents/Eclipse/plugins/com.st.stm32cube.ide.mcu.externaltools.gnu-tools-for-stm32.7-2018-q2-update.macos64_1.0.0.201904181610/tools/bin/../lib/gcc/arm-none-eabi/7.3.1/../../../../arm-none-eabi/lib/thumb/v8-m.main/fpv5-sp/hard/libc_nano.a(lib_a-memset.o)
 .ARM.attributes
                0x00000000000003f6       0x38 /Applications/STM32CubeIDE.app/Contents/Eclipse/plugins/com.st.stm32cube.ide.mcu.externaltools.gnu-tools-for-stm32.7-2018-q2-update.macos64_1.0.0.201904181610/tools/bin/../lib/gcc/arm-none-eabi/7.3.1/../../../../arm-none-eabi/lib/thumb/v8-m.main/fpv5-sp/hard/libc_nano.a(lib_a-printf.o)
 .ARM.attributes
                0x000000000000042e       0x38 /Applications/STM32CubeIDE.app/Contents/Eclipse/plugins/com.st.stm32cube.ide.mcu.externaltools.gnu-tools-for-stm32.7-2018-q2-update.macos64_1.0.0.201904181610/tools/bin/../lib/gcc/arm-none-eabi/7.3.1/../../../../arm-none-eabi/lib/thumb/v8-m.main/fpv5-sp/hard/libc_nano.a(lib_a-findfp.o)
 .ARM.attributes
                0x0000000000000466       0x38 /Applications/STM32CubeIDE.app/Contents/Eclipse/plugins/com.st.stm32cube.ide.mcu.externaltools.gnu-tools-for-stm32.7-2018-q2-update.macos64_1.0.0.201904181610/tools/bin/../lib/gcc/arm-none-eabi/7.3.1/../../../../arm-none-eabi/lib/thumb/v8-m.main/fpv5-sp/hard/libc_nano.a(lib_a-fwalk.o)
 .ARM.attributes
                0x000000000000049e       0x38 /Applications/STM32CubeIDE.app/Contents/Eclipse/plugins/com.st.stm32cube.ide.mcu.externaltools.gnu-tools-for-stm32.7-2018-q2-update.macos64_1.0.0.201904181610/tools/bin/../lib/gcc/arm-none-eabi/7.3.1/../../../../arm-none-eabi/lib/thumb/v8-m.main/fpv5-sp/hard/libc_nano.a(lib_a-nano-mallocr.o)
 .ARM.attributes
                0x00000000000004d6       0x38 /Applications/STM32CubeIDE.app/Contents/Eclipse/plugins/com.st.stm32cube.ide.mcu.externaltools.gnu-tools-for-stm32.7-2018-q2-update.macos64_1.0.0.201904181610/tools/bin/../lib/gcc/arm-none-eabi/7.3.1/../../../../arm-none-eabi/lib/thumb/v8-m.main/fpv5-sp/hard/libc_nano.a(lib_a-nano-vfprintf.o)
 .ARM.attributes
                0x000000000000050e       0x38 /Applications/STM32CubeIDE.app/Contents/Eclipse/plugins/com.st.stm32cube.ide.mcu.externaltools.gnu-tools-for-stm32.7-2018-q2-update.macos64_1.0.0.201904181610/tools/bin/../lib/gcc/arm-none-eabi/7.3.1/../../../../arm-none-eabi/lib/thumb/v8-m.main/fpv5-sp/hard/libc_nano.a(lib_a-nano-vfprintf_i.o)
 .ARM.attributes
                0x0000000000000546       0x38 /Applications/STM32CubeIDE.app/Contents/Eclipse/plugins/com.st.stm32cube.ide.mcu.externaltools.gnu-tools-for-stm32.7-2018-q2-update.macos64_1.0.0.201904181610/tools/bin/../lib/gcc/arm-none-eabi/7.3.1/../../../../arm-none-eabi/lib/thumb/v8-m.main/fpv5-sp/hard/libc_nano.a(lib_a-sbrkr.o)
 .ARM.attributes
                0x000000000000057e       0x38 /Applications/STM32CubeIDE.app/Contents/Eclipse/plugins/com.st.stm32cube.ide.mcu.externaltools.gnu-tools-for-stm32.7-2018-q2-update.macos64_1.0.0.201904181610/tools/bin/../lib/gcc/arm-none-eabi/7.3.1/../../../../arm-none-eabi/lib/thumb/v8-m.main/fpv5-sp/hard/libc_nano.a(lib_a-stdio.o)
 .ARM.attributes
                0x00000000000005b6       0x38 /Applications/STM32CubeIDE.app/Contents/Eclipse/plugins/com.st.stm32cube.ide.mcu.externaltools.gnu-tools-for-stm32.7-2018-q2-update.macos64_1.0.0.201904181610/tools/bin/../lib/gcc/arm-none-eabi/7.3.1/../../../../arm-none-eabi/lib/thumb/v8-m.main/fpv5-sp/hard/libc_nano.a(lib_a-wbuf.o)
 .ARM.attributes
                0x00000000000005ee       0x38 /Applications/STM32CubeIDE.app/Contents/Eclipse/plugins/com.st.stm32cube.ide.mcu.externaltools.gnu-tools-for-stm32.7-2018-q2-update.macos64_1.0.0.201904181610/tools/bin/../lib/gcc/arm-none-eabi/7.3.1/../../../../arm-none-eabi/lib/thumb/v8-m.main/fpv5-sp/hard/libc_nano.a(lib_a-writer.o)
 .ARM.attributes
                0x0000000000000626       0x38 /Applications/STM32CubeIDE.app/Contents/Eclipse/plugins/com.st.stm32cube.ide.mcu.externaltools.gnu-tools-for-stm32.7-2018-q2-update.macos64_1.0.0.201904181610/tools/bin/../lib/gcc/arm-none-eabi/7.3.1/../../../../arm-none-eabi/lib/thumb/v8-m.main/fpv5-sp/hard/libc_nano.a(lib_a-wsetup.o)
 .ARM.attributes
                0x000000000000065e       0x38 /Applications/STM32CubeIDE.app/Contents/Eclipse/plugins/com.st.stm32cube.ide.mcu.externaltools.gnu-tools-for-stm32.7-2018-q2-update.macos64_1.0.0.201904181610/tools/bin/../lib/gcc/arm-none-eabi/7.3.1/../../../../arm-none-eabi/lib/thumb/v8-m.main/fpv5-sp/hard/libc_nano.a(lib_a-closer.o)
 .ARM.attributes
                0x0000000000000696       0x38 /Applications/STM32CubeIDE.app/Contents/Eclipse/plugins/com.st.stm32cube.ide.mcu.externaltools.gnu-tools-for-stm32.7-2018-q2-update.macos64_1.0.0.201904181610/tools/bin/../lib/gcc/arm-none-eabi/7.3.1/../../../../arm-none-eabi/lib/thumb/v8-m.main/fpv5-sp/hard/libc_nano.a(lib_a-fflush.o)
 .ARM.attributes
                0x00000000000006ce       0x38 /Applications/STM32CubeIDE.app/Contents/Eclipse/plugins/com.st.stm32cube.ide.mcu.externaltools.gnu-tools-for-stm32.7-2018-q2-update.macos64_1.0.0.201904181610/tools/bin/../lib/gcc/arm-none-eabi/7.3.1/../../../../arm-none-eabi/lib/thumb/v8-m.main/fpv5-sp/hard/libc_nano.a(lib_a-lseekr.o)
 .ARM.attributes
                0x0000000000000706       0x38 /Applications/STM32CubeIDE.app/Contents/Eclipse/plugins/com.st.stm32cube.ide.mcu.externaltools.gnu-tools-for-stm32.7-2018-q2-update.macos64_1.0.0.201904181610/tools/bin/../lib/gcc/arm-none-eabi/7.3.1/../../../../arm-none-eabi/lib/thumb/v8-m.main/fpv5-sp/hard/libc_nano.a(lib_a-makebuf.o)
 .ARM.attributes
                0x000000000000073e       0x38 /Applications/STM32CubeIDE.app/Contents/Eclipse/plugins/com.st.stm32cube.ide.mcu.externaltools.gnu-tools-for-stm32.7-2018-q2-update.macos64_1.0.0.201904181610/tools/bin/../lib/gcc/arm-none-eabi/7.3.1/../../../../arm-none-eabi/lib/thumb/v8-m.main/fpv5-sp/hard/libc_nano.a(lib_a-memchr-stub.o)
 .ARM.attributes
                0x0000000000000776       0x38 /Applications/STM32CubeIDE.app/Contents/Eclipse/plugins/com.st.stm32cube.ide.mcu.externaltools.gnu-tools-for-stm32.7-2018-q2-update.macos64_1.0.0.201904181610/tools/bin/../lib/gcc/arm-none-eabi/7.3.1/../../../../arm-none-eabi/lib/thumb/v8-m.main/fpv5-sp/hard/libc_nano.a(lib_a-mlock.o)
 .ARM.attributes
                0x00000000000007ae       0x38 /Applications/STM32CubeIDE.app/Contents/Eclipse/plugins/com.st.stm32cube.ide.mcu.externaltools.gnu-tools-for-stm32.7-2018-q2-update.macos64_1.0.0.201904181610/tools/bin/../lib/gcc/arm-none-eabi/7.3.1/../../../../arm-none-eabi/lib/thumb/v8-m.main/fpv5-sp/hard/libc_nano.a(lib_a-nano-freer.o)
 .ARM.attributes
                0x00000000000007e6       0x38 /Applications/STM32CubeIDE.app/Contents/Eclipse/plugins/com.st.stm32cube.ide.mcu.externaltools.gnu-tools-for-stm32.7-2018-q2-update.macos64_1.0.0.201904181610/tools/bin/../lib/gcc/arm-none-eabi/7.3.1/../../../../arm-none-eabi/lib/thumb/v8-m.main/fpv5-sp/hard/libc_nano.a(lib_a-readr.o)
 .ARM.attributes
                0x000000000000081e       0x38 /Applications/STM32CubeIDE.app/Contents/Eclipse/plugins/com.st.stm32cube.ide.mcu.externaltools.gnu-tools-for-stm32.7-2018-q2-update.macos64_1.0.0.201904181610/tools/bin/../lib/gcc/arm-none-eabi/7.3.1/../../../../arm-none-eabi/lib/thumb/v8-m.main/fpv5-sp/hard/libc_nano.a(lib_a-reent.o)
 .ARM.attributes
                0x0000000000000856       0x38 /Applications/STM32CubeIDE.app/Contents/Eclipse/plugins/com.st.stm32cube.ide.mcu.externaltools.gnu-tools-for-stm32.7-2018-q2-update.macos64_1.0.0.201904181610/tools/bin/../lib/gcc/arm-none-eabi/7.3.1/../../../../arm-none-eabi/lib/thumb/v8-m.main/fpv5-sp/hard/libc_nano.a(lib_a-fstatr.o)
 .ARM.attributes
                0x000000000000088e       0x38 /Applications/STM32CubeIDE.app/Contents/Eclipse/plugins/com.st.stm32cube.ide.mcu.externaltools.gnu-tools-for-stm32.7-2018-q2-update.macos64_1.0.0.201904181610/tools/bin/../lib/gcc/arm-none-eabi/7.3.1/../../../../arm-none-eabi/lib/thumb/v8-m.main/fpv5-sp/hard/libc_nano.a(lib_a-isattyr.o)
 .ARM.attributes
                0x00000000000008c6       0x26 /Applications/STM32CubeIDE.app/Contents/Eclipse/plugins/com.st.stm32cube.ide.mcu.externaltools.gnu-tools-for-stm32.7-2018-q2-update.macos64_1.0.0.201904181610/tools/bin/../lib/gcc/arm-none-eabi/7.3.1/thumb/v8-m.main/fpv5-sp/hard/crtn.o
OUTPUT(TrustZone-ToggleLED_NonSecure.elf elf32-littlearm)

.debug_info     0x0000000000000000     0x7792
 .debug_info    0x0000000000000000     0x1317 Core/Src/main.o
 .debug_info    0x0000000000001317      0x515 Core/Src/stm32l5xx_hal_msp.o
 .debug_info    0x000000000000182c      0x256 Core/Src/stm32l5xx_it.o
 .debug_info    0x0000000000001a82      0xebd Core/Src/syscalls.o
 .debug_info    0x000000000000293f      0x91c Core/Src/sysmem.o
 .debug_info    0x000000000000325b      0x257 Core/Src/system_stm32l5xx_ns.o
 .debug_info    0x00000000000034b2       0x22 Core/Startup/startup_stm32l552zetxq.o
 .debug_info    0x00000000000034d4      0xd60 Drivers/STM32L5xx_HAL_Driver/Src/stm32l5xx_hal.o
 .debug_info    0x0000000000004234      0xf2b Drivers/STM32L5xx_HAL_Driver/Src/stm32l5xx_hal_cortex.o
 .debug_info    0x000000000000515f      0x75c Drivers/STM32L5xx_HAL_Driver/Src/stm32l5xx_hal_gpio.o
 .debug_info    0x00000000000058bb      0xeea Drivers/STM32L5xx_HAL_Driver/Src/stm32l5xx_hal_pwr_ex.o
 .debug_info    0x00000000000067a5      0xfed Drivers/STM32L5xx_HAL_Driver/Src/stm32l5xx_hal_rcc.o

.debug_abbrev   0x0000000000000000     0x15b6
 .debug_abbrev  0x0000000000000000      0x2c4 Core/Src/main.o
 .debug_abbrev  0x00000000000002c4      0x134 Core/Src/stm32l5xx_hal_msp.o
 .debug_abbrev  0x00000000000003f8       0xe2 Core/Src/stm32l5xx_it.o
 .debug_abbrev  0x00000000000004da      0x261 Core/Src/syscalls.o
 .debug_abbrev  0x000000000000073b      0x1bb Core/Src/sysmem.o
 .debug_abbrev  0x00000000000008f6       0xef Core/Src/system_stm32l5xx_ns.o
 .debug_abbrev  0x00000000000009e5       0x12 Core/Startup/startup_stm32l552zetxq.o
 .debug_abbrev  0x00000000000009f7      0x267 Drivers/STM32L5xx_HAL_Driver/Src/stm32l5xx_hal.o
 .debug_abbrev  0x0000000000000c5e      0x2f1 Drivers/STM32L5xx_HAL_Driver/Src/stm32l5xx_hal_cortex.o
 .debug_abbrev  0x0000000000000f4f      0x1a8 Drivers/STM32L5xx_HAL_Driver/Src/stm32l5xx_hal_gpio.o
 .debug_abbrev  0x00000000000010f7      0x24f Drivers/STM32L5xx_HAL_Driver/Src/stm32l5xx_hal_pwr_ex.o
 .debug_abbrev  0x0000000000001346      0x270 Drivers/STM32L5xx_HAL_Driver/Src/stm32l5xx_hal_rcc.o

.debug_aranges  0x0000000000000000      0x6b8
 .debug_aranges
                0x0000000000000000       0x48 Core/Src/main.o
 .debug_aranges
                0x0000000000000048       0x20 Core/Src/stm32l5xx_hal_msp.o
 .debug_aranges
                0x0000000000000068       0x40 Core/Src/stm32l5xx_it.o
 .debug_aranges
                0x00000000000000a8       0xa8 Core/Src/syscalls.o
 .debug_aranges
                0x0000000000000150       0x20 Core/Src/sysmem.o
 .debug_aranges
                0x0000000000000170       0x28 Core/Src/system_stm32l5xx_ns.o
 .debug_aranges
                0x0000000000000198       0x28 Core/Startup/startup_stm32l552zetxq.o
 .debug_aranges
                0x00000000000001c0      0x140 Drivers/STM32L5xx_HAL_Driver/Src/stm32l5xx_hal.o
 .debug_aranges
                0x0000000000000300      0x100 Drivers/STM32L5xx_HAL_Driver/Src/stm32l5xx_hal_cortex.o
 .debug_aranges
                0x0000000000000400       0x60 Drivers/STM32L5xx_HAL_Driver/Src/stm32l5xx_hal_gpio.o
 .debug_aranges
                0x0000000000000460      0x1b8 Drivers/STM32L5xx_HAL_Driver/Src/stm32l5xx_hal_pwr_ex.o
 .debug_aranges
                0x0000000000000618       0xa0 Drivers/STM32L5xx_HAL_Driver/Src/stm32l5xx_hal_rcc.o

.debug_ranges   0x0000000000000000      0x600
 .debug_ranges  0x0000000000000000       0x38 Core/Src/main.o
 .debug_ranges  0x0000000000000038       0x10 Core/Src/stm32l5xx_hal_msp.o
 .debug_ranges  0x0000000000000048       0x30 Core/Src/stm32l5xx_it.o
 .debug_ranges  0x0000000000000078       0x98 Core/Src/syscalls.o
 .debug_ranges  0x0000000000000110       0x10 Core/Src/sysmem.o
 .debug_ranges  0x0000000000000120       0x18 Core/Src/system_stm32l5xx_ns.o
 .debug_ranges  0x0000000000000138       0x20 Core/Startup/startup_stm32l552zetxq.o
 .debug_ranges  0x0000000000000158      0x130 Drivers/STM32L5xx_HAL_Driver/Src/stm32l5xx_hal.o
 .debug_ranges  0x0000000000000288       0xf0 Drivers/STM32L5xx_HAL_Driver/Src/stm32l5xx_hal_cortex.o
 .debug_ranges  0x0000000000000378       0x50 Drivers/STM32L5xx_HAL_Driver/Src/stm32l5xx_hal_gpio.o
 .debug_ranges  0x00000000000003c8      0x1a8 Drivers/STM32L5xx_HAL_Driver/Src/stm32l5xx_hal_pwr_ex.o
 .debug_ranges  0x0000000000000570       0x90 Drivers/STM32L5xx_HAL_Driver/Src/stm32l5xx_hal_rcc.o

.debug_macro    0x0000000000000000    0x27ce8
 .debug_macro   0x0000000000000000      0x337 Core/Src/main.o
 .debug_macro   0x0000000000000337      0xa60 Core/Src/main.o
 .debug_macro   0x0000000000000d97      0x18a Core/Src/main.o
 .debug_macro   0x0000000000000f21       0x2e Core/Src/main.o
 .debug_macro   0x0000000000000f4f       0x42 Core/Src/main.o
 .debug_macro   0x0000000000000f91       0x22 Core/Src/main.o
 .debug_macro   0x0000000000000fb3       0x8e Core/Src/main.o
 .debug_macro   0x0000000000001041       0x51 Core/Src/main.o
 .debug_macro   0x0000000000001092       0xef Core/Src/main.o
 .debug_macro   0x0000000000001181       0x6a Core/Src/main.o
 .debug_macro   0x00000000000011eb      0x1df Core/Src/main.o
 .debug_macro   0x00000000000013ca       0x1c Core/Src/main.o
 .debug_macro   0x00000000000013e6       0x29 Core/Src/main.o
 .debug_macro   0x000000000000140f       0xdf Core/Src/main.o
 .debug_macro   0x00000000000014ee     0x1494 Core/Src/main.o
 .debug_macro   0x0000000000002982       0x5e Core/Src/main.o
 .debug_macro   0x00000000000029e0    0x1ae59 Core/Src/main.o
 .debug_macro   0x000000000001d839       0x42 Core/Src/main.o
 .debug_macro   0x000000000001d87b     0x34d8 Core/Src/main.o
 .debug_macro   0x0000000000020d53      0x174 Core/Src/main.o
 .debug_macro   0x0000000000020ec7       0x5c Core/Src/main.o
 .debug_macro   0x0000000000020f23     0x1902 Core/Src/main.o
 .debug_macro   0x0000000000022825      0xa4b Core/Src/main.o
 .debug_macro   0x0000000000023270      0x153 Core/Src/main.o
 .debug_macro   0x00000000000233c3      0x1d9 Core/Src/main.o
 .debug_macro   0x000000000002359c      0x4e1 Core/Src/main.o
 .debug_macro   0x0000000000023a7d      0x1ac Core/Src/main.o
 .debug_macro   0x0000000000023c29       0x4a Core/Src/main.o
 .debug_macro   0x0000000000023c73       0x51 Core/Src/main.o
 .debug_macro   0x0000000000023cc4      0x231 Core/Src/main.o
 .debug_macro   0x0000000000023ef5      0x3bb Core/Src/main.o
 .debug_macro   0x00000000000242b0       0x36 Core/Src/main.o
 .debug_macro   0x00000000000242e6      0x107 Core/Src/main.o
 .debug_macro   0x00000000000243ed      0x22c Core/Src/main.o
 .debug_macro   0x0000000000024619       0x58 Core/Src/main.o
 .debug_macro   0x0000000000024671       0xa5 Core/Src/main.o
 .debug_macro   0x0000000000024716       0xf3 Core/Src/main.o
 .debug_macro   0x0000000000024809      0x199 Core/Src/main.o
 .debug_macro   0x00000000000249a2      0x487 Core/Src/main.o
 .debug_macro   0x0000000000024e29      0x40c Core/Src/main.o
 .debug_macro   0x0000000000025235       0x10 Core/Src/main.o
 .debug_macro   0x0000000000025245       0x46 Core/Src/main.o
 .debug_macro   0x000000000002528b       0x18 Core/Src/main.o
 .debug_macro   0x00000000000252a3       0x3c Core/Src/main.o
 .debug_macro   0x00000000000252df       0x34 Core/Src/main.o
 .debug_macro   0x0000000000025313       0x16 Core/Src/main.o
 .debug_macro   0x0000000000025329       0x35 Core/Src/main.o
 .debug_macro   0x000000000002535e      0x32a Core/Src/main.o
 .debug_macro   0x0000000000025688       0x10 Core/Src/main.o
 .debug_macro   0x0000000000025698       0x52 Core/Src/main.o
 .debug_macro   0x00000000000256ea       0x1f Core/Src/main.o
 .debug_macro   0x0000000000025709       0x43 Core/Src/main.o
 .debug_macro   0x000000000002574c       0x20 Core/Src/main.o
 .debug_macro   0x000000000002576c      0x1a3 Core/Src/main.o
 .debug_macro   0x000000000002590f       0x10 Core/Src/main.o
 .debug_macro   0x000000000002591f       0x1c Core/Src/main.o
 .debug_macro   0x000000000002593b       0x52 Core/Src/main.o
 .debug_macro   0x000000000002598d       0x40 Core/Src/main.o
 .debug_macro   0x00000000000259cd       0x10 Core/Src/main.o
 .debug_macro   0x00000000000259dd       0x40 Core/Src/main.o
 .debug_macro   0x0000000000025a1d       0xd7 Core/Src/main.o
 .debug_macro   0x0000000000025af4       0x1c Core/Src/main.o
 .debug_macro   0x0000000000025b10       0x3d Core/Src/main.o
 .debug_macro   0x0000000000025b4d       0x16 Core/Src/main.o
 .debug_macro   0x0000000000025b63      0x145 Core/Src/main.o
 .debug_macro   0x0000000000025ca8      0x1e1 Core/Src/stm32l5xx_hal_msp.o
 .debug_macro   0x0000000000025e89      0x1eb Core/Src/stm32l5xx_it.o
 .debug_macro   0x0000000000026074      0x243 Core/Src/syscalls.o
 .debug_macro   0x00000000000262b7       0x40 Core/Src/syscalls.o
 .debug_macro   0x00000000000262f7       0x94 Core/Src/syscalls.o
 .debug_macro   0x000000000002638b       0x57 Core/Src/syscalls.o
 .debug_macro   0x00000000000263e2      0x330 Core/Src/syscalls.o
 .debug_macro   0x0000000000026712       0x10 Core/Src/syscalls.o
 .debug_macro   0x0000000000026722       0x10 Core/Src/syscalls.o
 .debug_macro   0x0000000000026732       0x10 Core/Src/syscalls.o
 .debug_macro   0x0000000000026742       0x35 Core/Src/syscalls.o
 .debug_macro   0x0000000000026777      0x122 Core/Src/syscalls.o
 .debug_macro   0x0000000000026899       0x16 Core/Src/syscalls.o
 .debug_macro   0x00000000000268af       0x16 Core/Src/syscalls.o
 .debug_macro   0x00000000000268c5       0x29 Core/Src/syscalls.o
 .debug_macro   0x00000000000268ee       0x10 Core/Src/syscalls.o
 .debug_macro   0x00000000000268fe      0x241 Core/Src/syscalls.o
 .debug_macro   0x0000000000026b3f       0x1c Core/Src/syscalls.o
 .debug_macro   0x0000000000026b5b       0x10 Core/Src/syscalls.o
 .debug_macro   0x0000000000026b6b      0x189 Core/Src/syscalls.o
 .debug_macro   0x0000000000026cf4       0x16 Core/Src/syscalls.o
 .debug_macro   0x0000000000026d0a       0x88 Core/Src/syscalls.o
 .debug_macro   0x0000000000026d92      0x1ae Core/Src/sysmem.o
 .debug_macro   0x0000000000026f40      0x23b Core/Src/sysmem.o
 .debug_macro   0x000000000002717b      0x1c8 Core/Src/system_stm32l5xx_ns.o
 .debug_macro   0x0000000000027343      0x1f8 Drivers/STM32L5xx_HAL_Driver/Src/stm32l5xx_hal.o
 .debug_macro   0x000000000002753b      0x1c8 Drivers/STM32L5xx_HAL_Driver/Src/stm32l5xx_hal_cortex.o
 .debug_macro   0x0000000000027703      0x1fb Drivers/STM32L5xx_HAL_Driver/Src/stm32l5xx_hal_gpio.o
 .debug_macro   0x00000000000278fe      0x1f8 Drivers/STM32L5xx_HAL_Driver/Src/stm32l5xx_hal_pwr_ex.o
 .debug_macro   0x0000000000027af6      0x1f2 Drivers/STM32L5xx_HAL_Driver/Src/stm32l5xx_hal_rcc.o

.debug_line     0x0000000000000000     0x60b3
 .debug_line    0x0000000000000000      0x99f Core/Src/main.o
 .debug_line    0x000000000000099f      0x724 Core/Src/stm32l5xx_hal_msp.o
 .debug_line    0x00000000000010c3      0x77c Core/Src/stm32l5xx_it.o
 .debug_line    0x000000000000183f      0x77a Core/Src/syscalls.o
 .debug_line    0x0000000000001fb9      0x59a Core/Src/sysmem.o
 .debug_line    0x0000000000002553      0x70a Core/Src/system_stm32l5xx_ns.o
 .debug_line    0x0000000000002c5d       0x86 Core/Startup/startup_stm32l552zetxq.o
 .debug_line    0x0000000000002ce3      0xa04 Drivers/STM32L5xx_HAL_Driver/Src/stm32l5xx_hal.o
 .debug_line    0x00000000000036e7      0x9ec Drivers/STM32L5xx_HAL_Driver/Src/stm32l5xx_hal_cortex.o
 .debug_line    0x00000000000040d3      0x906 Drivers/STM32L5xx_HAL_Driver/Src/stm32l5xx_hal_gpio.o
 .debug_line    0x00000000000049d9      0xbfe Drivers/STM32L5xx_HAL_Driver/Src/stm32l5xx_hal_pwr_ex.o
 .debug_line    0x00000000000055d7      0xadc Drivers/STM32L5xx_HAL_Driver/Src/stm32l5xx_hal_rcc.o

.debug_str      0x0000000000000000    0xf81e2
 .debug_str     0x0000000000000000    0xf50db Core/Src/main.o
                                      0xf5463 (size before relaxing)
 .debug_str     0x00000000000f50db       0x2c Core/Src/stm32l5xx_hal_msp.o
                                      0xf10fa (size before relaxing)
 .debug_str     0x00000000000f5107       0x7d Core/Src/stm32l5xx_it.o
                                      0xf0f82 (size before relaxing)
 .debug_str     0x00000000000f5184     0x11f8 Core/Src/syscalls.o
                                       0x88c3 (size before relaxing)
 .debug_str     0x00000000000f637c       0x36 Core/Src/sysmem.o
                                       0x7b1c (size before relaxing)
 .debug_str     0x00000000000f63b2       0x43 Core/Src/system_stm32l5xx_ns.o
                                      0xf0f02 (size before relaxing)
 .debug_str     0x00000000000f63f5       0x37 Core/Startup/startup_stm32l552zetxq.o
                                         0x85 (size before relaxing)
 .debug_str     0x00000000000f642c      0xb20 Drivers/STM32L5xx_HAL_Driver/Src/stm32l5xx_hal.o
                                      0xf1cf4 (size before relaxing)
 .debug_str     0x00000000000f6f4c      0x3ca Drivers/STM32L5xx_HAL_Driver/Src/stm32l5xx_hal_cortex.o
                                      0xf1a1f (size before relaxing)
 .debug_str     0x00000000000f7316      0x2c9 Drivers/STM32L5xx_HAL_Driver/Src/stm32l5xx_hal_gpio.o
                                      0xf1299 (size before relaxing)
 .debug_str     0x00000000000f75df      0x775 Drivers/STM32L5xx_HAL_Driver/Src/stm32l5xx_hal_pwr_ex.o
                                      0xf19bf (size before relaxing)
 .debug_str     0x00000000000f7d54      0x48e Drivers/STM32L5xx_HAL_Driver/Src/stm32l5xx_hal_rcc.o
                                      0xf17e6 (size before relaxing)

.comment        0x0000000000000000       0x7b
 .comment       0x0000000000000000       0x7b Core/Src/main.o
                                         0x7c (size before relaxing)
 .comment       0x000000000000007b       0x7c Core/Src/stm32l5xx_hal_msp.o
 .comment       0x000000000000007b       0x7c Core/Src/stm32l5xx_it.o
 .comment       0x000000000000007b       0x7c Core/Src/syscalls.o
 .comment       0x000000000000007b       0x7c Core/Src/sysmem.o
 .comment       0x000000000000007b       0x7c Core/Src/system_stm32l5xx_ns.o
 .comment       0x000000000000007b       0x7c Drivers/STM32L5xx_HAL_Driver/Src/stm32l5xx_hal.o
 .comment       0x000000000000007b       0x7c Drivers/STM32L5xx_HAL_Driver/Src/stm32l5xx_hal_cortex.o
 .comment       0x000000000000007b       0x7c Drivers/STM32L5xx_HAL_Driver/Src/stm32l5xx_hal_gpio.o
 .comment       0x000000000000007b       0x7c Drivers/STM32L5xx_HAL_Driver/Src/stm32l5xx_hal_pwr_ex.o
 .comment       0x000000000000007b       0x7c Drivers/STM32L5xx_HAL_Driver/Src/stm32l5xx_hal_rcc.o

.debug_frame    0x0000000000000000     0x2024
 .debug_frame   0x0000000000000000       0xe0 Core/Src/main.o
 .debug_frame   0x00000000000000e0       0x38 Core/Src/stm32l5xx_hal_msp.o
 .debug_frame   0x0000000000000118       0x9c Core/Src/stm32l5xx_it.o
 .debug_frame   0x00000000000001b4      0x2ac Core/Src/syscalls.o
 .debug_frame   0x0000000000000460       0x34 Core/Src/sysmem.o
 .debug_frame   0x0000000000000494       0x4c Core/Src/system_stm32l5xx_ns.o
 .debug_frame   0x00000000000004e0      0x4e4 Drivers/STM32L5xx_HAL_Driver/Src/stm32l5xx_hal.o
 .debug_frame   0x00000000000009c4      0x428 Drivers/STM32L5xx_HAL_Driver/Src/stm32l5xx_hal_cortex.o
 .debug_frame   0x0000000000000dec      0x174 Drivers/STM32L5xx_HAL_Driver/Src/stm32l5xx_hal_gpio.o
 .debug_frame   0x0000000000000f60      0x6fc Drivers/STM32L5xx_HAL_Driver/Src/stm32l5xx_hal_pwr_ex.o
 .debug_frame   0x000000000000165c      0x26c Drivers/STM32L5xx_HAL_Driver/Src/stm32l5xx_hal_rcc.o
 .debug_frame   0x00000000000018c8       0x20 /Applications/STM32CubeIDE.app/Contents/Eclipse/plugins/com.st.stm32cube.ide.mcu.externaltools.gnu-tools-for-stm32.7-2018-q2-update.macos64_1.0.0.201904181610/tools/bin/../lib/gcc/arm-none-eabi/7.3.1/../../../../arm-none-eabi/lib/thumb/v8-m.main/fpv5-sp/hard/libc_nano.a(lib_a-errno.o)
 .debug_frame   0x00000000000018e8       0x2c /Applications/STM32CubeIDE.app/Contents/Eclipse/plugins/com.st.stm32cube.ide.mcu.externaltools.gnu-tools-for-stm32.7-2018-q2-update.macos64_1.0.0.201904181610/tools/bin/../lib/gcc/arm-none-eabi/7.3.1/../../../../arm-none-eabi/lib/thumb/v8-m.main/fpv5-sp/hard/libc_nano.a(lib_a-init.o)
 .debug_frame   0x0000000000001914       0x20 /Applications/STM32CubeIDE.app/Contents/Eclipse/plugins/com.st.stm32cube.ide.mcu.externaltools.gnu-tools-for-stm32.7-2018-q2-update.macos64_1.0.0.201904181610/tools/bin/../lib/gcc/arm-none-eabi/7.3.1/../../../../arm-none-eabi/lib/thumb/v8-m.main/fpv5-sp/hard/libc_nano.a(lib_a-memset.o)
 .debug_frame   0x0000000000001934       0x74 /Applications/STM32CubeIDE.app/Contents/Eclipse/plugins/com.st.stm32cube.ide.mcu.externaltools.gnu-tools-for-stm32.7-2018-q2-update.macos64_1.0.0.201904181610/tools/bin/../lib/gcc/arm-none-eabi/7.3.1/../../../../arm-none-eabi/lib/thumb/v8-m.main/fpv5-sp/hard/libc_nano.a(lib_a-printf.o)
 .debug_frame   0x00000000000019a8      0x11c /Applications/STM32CubeIDE.app/Contents/Eclipse/plugins/com.st.stm32cube.ide.mcu.externaltools.gnu-tools-for-stm32.7-2018-q2-update.macos64_1.0.0.201904181610/tools/bin/../lib/gcc/arm-none-eabi/7.3.1/../../../../arm-none-eabi/lib/thumb/v8-m.main/fpv5-sp/hard/libc_nano.a(lib_a-findfp.o)
 .debug_frame   0x0000000000001ac4       0x54 /Applications/STM32CubeIDE.app/Contents/Eclipse/plugins/com.st.stm32cube.ide.mcu.externaltools.gnu-tools-for-stm32.7-2018-q2-update.macos64_1.0.0.201904181610/tools/bin/../lib/gcc/arm-none-eabi/7.3.1/../../../../arm-none-eabi/lib/thumb/v8-m.main/fpv5-sp/hard/libc_nano.a(lib_a-fwalk.o)
 .debug_frame   0x0000000000001b18       0x2c /Applications/STM32CubeIDE.app/Contents/Eclipse/plugins/com.st.stm32cube.ide.mcu.externaltools.gnu-tools-for-stm32.7-2018-q2-update.macos64_1.0.0.201904181610/tools/bin/../lib/gcc/arm-none-eabi/7.3.1/../../../../arm-none-eabi/lib/thumb/v8-m.main/fpv5-sp/hard/libc_nano.a(lib_a-nano-mallocr.o)
 .debug_frame   0x0000000000001b44       0xac /Applications/STM32CubeIDE.app/Contents/Eclipse/plugins/com.st.stm32cube.ide.mcu.externaltools.gnu-tools-for-stm32.7-2018-q2-update.macos64_1.0.0.201904181610/tools/bin/../lib/gcc/arm-none-eabi/7.3.1/../../../../arm-none-eabi/lib/thumb/v8-m.main/fpv5-sp/hard/libc_nano.a(lib_a-nano-vfprintf.o)
 .debug_frame   0x0000000000001bf0       0x60 /Applications/STM32CubeIDE.app/Contents/Eclipse/plugins/com.st.stm32cube.ide.mcu.externaltools.gnu-tools-for-stm32.7-2018-q2-update.macos64_1.0.0.201904181610/tools/bin/../lib/gcc/arm-none-eabi/7.3.1/../../../../arm-none-eabi/lib/thumb/v8-m.main/fpv5-sp/hard/libc_nano.a(lib_a-nano-vfprintf_i.o)
 .debug_frame   0x0000000000001c50       0x2c /Applications/STM32CubeIDE.app/Contents/Eclipse/plugins/com.st.stm32cube.ide.mcu.externaltools.gnu-tools-for-stm32.7-2018-q2-update.macos64_1.0.0.201904181610/tools/bin/../lib/gcc/arm-none-eabi/7.3.1/../../../../arm-none-eabi/lib/thumb/v8-m.main/fpv5-sp/hard/libc_nano.a(lib_a-sbrkr.o)
 .debug_frame   0x0000000000001c7c       0x88 /Applications/STM32CubeIDE.app/Contents/Eclipse/plugins/com.st.stm32cube.ide.mcu.externaltools.gnu-tools-for-stm32.7-2018-q2-update.macos64_1.0.0.201904181610/tools/bin/../lib/gcc/arm-none-eabi/7.3.1/../../../../arm-none-eabi/lib/thumb/v8-m.main/fpv5-sp/hard/libc_nano.a(lib_a-stdio.o)
 .debug_frame   0x0000000000001d04       0x40 /Applications/STM32CubeIDE.app/Contents/Eclipse/plugins/com.st.stm32cube.ide.mcu.externaltools.gnu-tools-for-stm32.7-2018-q2-update.macos64_1.0.0.201904181610/tools/bin/../lib/gcc/arm-none-eabi/7.3.1/../../../../arm-none-eabi/lib/thumb/v8-m.main/fpv5-sp/hard/libc_nano.a(lib_a-wbuf.o)
 .debug_frame   0x0000000000001d44       0x2c /Applications/STM32CubeIDE.app/Contents/Eclipse/plugins/com.st.stm32cube.ide.mcu.externaltools.gnu-tools-for-stm32.7-2018-q2-update.macos64_1.0.0.201904181610/tools/bin/../lib/gcc/arm-none-eabi/7.3.1/../../../../arm-none-eabi/lib/thumb/v8-m.main/fpv5-sp/hard/libc_nano.a(lib_a-writer.o)
 .debug_frame   0x0000000000001d70       0x2c /Applications/STM32CubeIDE.app/Contents/Eclipse/plugins/com.st.stm32cube.ide.mcu.externaltools.gnu-tools-for-stm32.7-2018-q2-update.macos64_1.0.0.201904181610/tools/bin/../lib/gcc/arm-none-eabi/7.3.1/../../../../arm-none-eabi/lib/thumb/v8-m.main/fpv5-sp/hard/libc_nano.a(lib_a-wsetup.o)
 .debug_frame   0x0000000000001d9c       0x2c /Applications/STM32CubeIDE.app/Contents/Eclipse/plugins/com.st.stm32cube.ide.mcu.externaltools.gnu-tools-for-stm32.7-2018-q2-update.macos64_1.0.0.201904181610/tools/bin/../lib/gcc/arm-none-eabi/7.3.1/../../../../arm-none-eabi/lib/thumb/v8-m.main/fpv5-sp/hard/libc_nano.a(lib_a-closer.o)
 .debug_frame   0x0000000000001dc8       0x68 /Applications/STM32CubeIDE.app/Contents/Eclipse/plugins/com.st.stm32cube.ide.mcu.externaltools.gnu-tools-for-stm32.7-2018-q2-update.macos64_1.0.0.201904181610/tools/bin/../lib/gcc/arm-none-eabi/7.3.1/../../../../arm-none-eabi/lib/thumb/v8-m.main/fpv5-sp/hard/libc_nano.a(lib_a-fflush.o)
 .debug_frame   0x0000000000001e30       0x2c /Applications/STM32CubeIDE.app/Contents/Eclipse/plugins/com.st.stm32cube.ide.mcu.externaltools.gnu-tools-for-stm32.7-2018-q2-update.macos64_1.0.0.201904181610/tools/bin/../lib/gcc/arm-none-eabi/7.3.1/../../../../arm-none-eabi/lib/thumb/v8-m.main/fpv5-sp/hard/libc_nano.a(lib_a-lseekr.o)
 .debug_frame   0x0000000000001e5c       0x58 /Applications/STM32CubeIDE.app/Contents/Eclipse/plugins/com.st.stm32cube.ide.mcu.externaltools.gnu-tools-for-stm32.7-2018-q2-update.macos64_1.0.0.201904181610/tools/bin/../lib/gcc/arm-none-eabi/7.3.1/../../../../arm-none-eabi/lib/thumb/v8-m.main/fpv5-sp/hard/libc_nano.a(lib_a-makebuf.o)
 .debug_frame   0x0000000000001eb4       0x28 /Applications/STM32CubeIDE.app/Contents/Eclipse/plugins/com.st.stm32cube.ide.mcu.externaltools.gnu-tools-for-stm32.7-2018-q2-update.macos64_1.0.0.201904181610/tools/bin/../lib/gcc/arm-none-eabi/7.3.1/../../../../arm-none-eabi/lib/thumb/v8-m.main/fpv5-sp/hard/libc_nano.a(lib_a-memchr-stub.o)
 .debug_frame   0x0000000000001edc       0x30 /Applications/STM32CubeIDE.app/Contents/Eclipse/plugins/com.st.stm32cube.ide.mcu.externaltools.gnu-tools-for-stm32.7-2018-q2-update.macos64_1.0.0.201904181610/tools/bin/../lib/gcc/arm-none-eabi/7.3.1/../../../../arm-none-eabi/lib/thumb/v8-m.main/fpv5-sp/hard/libc_nano.a(lib_a-mlock.o)
 .debug_frame   0x0000000000001f0c       0x38 /Applications/STM32CubeIDE.app/Contents/Eclipse/plugins/com.st.stm32cube.ide.mcu.externaltools.gnu-tools-for-stm32.7-2018-q2-update.macos64_1.0.0.201904181610/tools/bin/../lib/gcc/arm-none-eabi/7.3.1/../../../../arm-none-eabi/lib/thumb/v8-m.main/fpv5-sp/hard/libc_nano.a(lib_a-nano-freer.o)
 .debug_frame   0x0000000000001f44       0x2c /Applications/STM32CubeIDE.app/Contents/Eclipse/plugins/com.st.stm32cube.ide.mcu.externaltools.gnu-tools-for-stm32.7-2018-q2-update.macos64_1.0.0.201904181610/tools/bin/../lib/gcc/arm-none-eabi/7.3.1/../../../../arm-none-eabi/lib/thumb/v8-m.main/fpv5-sp/hard/libc_nano.a(lib_a-readr.o)
 .debug_frame   0x0000000000001f70       0x5c /Applications/STM32CubeIDE.app/Contents/Eclipse/plugins/com.st.stm32cube.ide.mcu.externaltools.gnu-tools-for-stm32.7-2018-q2-update.macos64_1.0.0.201904181610/tools/bin/../lib/gcc/arm-none-eabi/7.3.1/../../../../arm-none-eabi/lib/thumb/v8-m.main/fpv5-sp/hard/libc_nano.a(lib_a-reent.o)
 .debug_frame   0x0000000000001fcc       0x2c /Applications/STM32CubeIDE.app/Contents/Eclipse/plugins/com.st.stm32cube.ide.mcu.externaltools.gnu-tools-for-stm32.7-2018-q2-update.macos64_1.0.0.201904181610/tools/bin/../lib/gcc/arm-none-eabi/7.3.1/../../../../arm-none-eabi/lib/thumb/v8-m.main/fpv5-sp/hard/libc_nano.a(lib_a-fstatr.o)
 .debug_frame   0x0000000000001ff8       0x2c /Applications/STM32CubeIDE.app/Contents/Eclipse/plugins/com.st.stm32cube.ide.mcu.externaltools.gnu-tools-for-stm32.7-2018-q2-update.macos64_1.0.0.201904181610/tools/bin/../lib/gcc/arm-none-eabi/7.3.1/../../../../arm-none-eabi/lib/thumb/v8-m.main/fpv5-sp/hard/libc_nano.a(lib_a-isattyr.o)
