19:11:47 **** Build of configuration Release for project TFM_SBSFU_Boot ****
make -j4 all 
arm-none-eabi-gcc -E -P -xc -DBL2 -I../../../Linker -o./output.ld ../stm32l5xx_bl2.ld
 
arm-none-eabi-gcc "/home/windy/Softwareprojekt/Middlewares/Third_Party/trustedfirmware/bl2/ext/mcuboot/bl2_main.c" -mcpu=cortex-m33 -g3 -DTFM_DEV_MODE -DNDEBUG '-D__ARM_FEATURE_CMSE=3' -DSTM32L552xx -DUSE_HAL_DRIVER -DMCUBOOT_SIGN_RSA '-DMCUBOOT_SIGN_RSA_LEN=3072' -DMCUBOOT_VALIDATE_PRIMARY_SLOT -DBL2 -DMCUBOOT_OVERWRITE_ONLY -DMCUBOOT_USE_FLASH_AREA_GET_SECTORS '-DMCUBOOT_TARGET_CONFIG=<flash_layout.h>' '-DMBEDTLS_CONFIG_FILE=<config-boot.h>' '-DMCUBOOT_IMAGE_NUMBER=2' -D__thumb2__ -c -I../../Inc -I../../../../../Drivers/CMSIS/Include -I../../../../../Drivers/CMSIS/Device/ST/STM32L5xx/Include -I../../../../../Drivers/STM32L5xx_HAL_Driver/Inc -I../../../../../Drivers/BSP/STM32L562E-DK -I../../../Linker -I../../../../../Middlewares/Third_Party/mbedtls/include -I../../../../../Middlewares/Third_Party/mbedtls/include/mbedtls -I../../../../../Middlewares/Third_Party/trustedfirmware -I../../../../../Middlewares/Third_Party/trustedfirmware/platform/ext/common -I../../../../../Middlewares/Third_Party/trustedfirmware/platform/ext/driver -I../../../../../Middlewares/Third_Party/trustedfirmware/bl2/include -I../../../../../Middlewares/Third_Party/trustedfirmware/bl2/ext/mcuboot -I../../../../../Middlewares/Third_Party/trustedfirmware/bl2/ext/mcuboot/include -I../../../../../Middlewares/Third_Party/trustedfirmware/bl2/ext/mcuboot/bootutil/include -Os -ffunction-sections -fdata-sections -Wall -fshort-enums -fshort-wchar -funsigned-char -mcmse -Wall -Wno-format -Wno-return-type -fstack-usage -MMD -MP -MF"Middlewares/trustedfirmware/bl2_main.d" -MT"Middlewares/trustedfirmware/bl2_main.o" --specs=nano.specs -mfpu=fpv5-sp-d16 -mfloat-abi=hard -mthumb -o "Middlewares/trustedfirmware/bl2_main.o"
arm-none-eabi-gcc "/home/windy/Softwareprojekt/Middlewares/Third_Party/trustedfirmware/bl2/src/boot_record.c" -mcpu=cortex-m33 -g3 -DTFM_DEV_MODE -DNDEBUG '-D__ARM_FEATURE_CMSE=3' -DSTM32L552xx -DUSE_HAL_DRIVER -DMCUBOOT_SIGN_RSA '-DMCUBOOT_SIGN_RSA_LEN=3072' -DMCUBOOT_VALIDATE_PRIMARY_SLOT -DBL2 -DMCUBOOT_OVERWRITE_ONLY -DMCUBOOT_USE_FLASH_AREA_GET_SECTORS '-DMCUBOOT_TARGET_CONFIG=<flash_layout.h>' '-DMBEDTLS_CONFIG_FILE=<config-boot.h>' '-DMCUBOOT_IMAGE_NUMBER=2' -D__thumb2__ -c -I../../Inc -I../../../../../Drivers/CMSIS/Include -I../../../../../Drivers/CMSIS/Device/ST/STM32L5xx/Include -I../../../../../Drivers/STM32L5xx_HAL_Driver/Inc -I../../../../../Drivers/BSP/STM32L562E-DK -I../../../Linker -I../../../../../Middlewares/Third_Party/mbedtls/include -I../../../../../Middlewares/Third_Party/mbedtls/include/mbedtls -I../../../../../Middlewares/Third_Party/trustedfirmware -I../../../../../Middlewares/Third_Party/trustedfirmware/platform/ext/common -I../../../../../Middlewares/Third_Party/trustedfirmware/platform/ext/driver -I../../../../../Middlewares/Third_Party/trustedfirmware/bl2/include -I../../../../../Middlewares/Third_Party/trustedfirmware/bl2/ext/mcuboot -I../../../../../Middlewares/Third_Party/trustedfirmware/bl2/ext/mcuboot/include -I../../../../../Middlewares/Third_Party/trustedfirmware/bl2/ext/mcuboot/bootutil/include -Os -ffunction-sections -fdata-sections -Wall -fshort-enums -fshort-wchar -funsigned-char -mcmse -Wall -Wno-format -Wno-return-type -fstack-usage -MMD -MP -MF"Middlewares/trustedfirmware/boot_record.d" -MT"Middlewares/trustedfirmware/boot_record.o" --specs=nano.specs -mfpu=fpv5-sp-d16 -mfloat-abi=hard -mthumb -o "Middlewares/trustedfirmware/boot_record.o"
arm-none-eabi-gcc "/home/windy/Softwareprojekt/Middlewares/Third_Party/trustedfirmware/bl2/ext/mcuboot/bootutil/src/bootutil_misc.c" -mcpu=cortex-m33 -g3 -DTFM_DEV_MODE -DNDEBUG '-D__ARM_FEATURE_CMSE=3' -DSTM32L552xx -DUSE_HAL_DRIVER -DMCUBOOT_SIGN_RSA '-DMCUBOOT_SIGN_RSA_LEN=3072' -DMCUBOOT_VALIDATE_PRIMARY_SLOT -DBL2 -DMCUBOOT_OVERWRITE_ONLY -DMCUBOOT_USE_FLASH_AREA_GET_SECTORS '-DMCUBOOT_TARGET_CONFIG=<flash_layout.h>' '-DMBEDTLS_CONFIG_FILE=<config-boot.h>' '-DMCUBOOT_IMAGE_NUMBER=2' -D__thumb2__ -c -I../../Inc -I../../../../../Drivers/CMSIS/Include -I../../../../../Drivers/CMSIS/Device/ST/STM32L5xx/Include -I../../../../../Drivers/STM32L5xx_HAL_Driver/Inc -I../../../../../Drivers/BSP/STM32L562E-DK -I../../../Linker -I../../../../../Middlewares/Third_Party/mbedtls/include -I../../../../../Middlewares/Third_Party/mbedtls/include/mbedtls -I../../../../../Middlewares/Third_Party/trustedfirmware -I../../../../../Middlewares/Third_Party/trustedfirmware/platform/ext/common -I../../../../../Middlewares/Third_Party/trustedfirmware/platform/ext/driver -I../../../../../Middlewares/Third_Party/trustedfirmware/bl2/include -I../../../../../Middlewares/Third_Party/trustedfirmware/bl2/ext/mcuboot -I../../../../../Middlewares/Third_Party/trustedfirmware/bl2/ext/mcuboot/include -I../../../../../Middlewares/Third_Party/trustedfirmware/bl2/ext/mcuboot/bootutil/include -Os -ffunction-sections -fdata-sections -Wall -fshort-enums -fshort-wchar -funsigned-char -mcmse -Wall -Wno-format -Wno-return-type -fstack-usage -MMD -MP -MF"Middlewares/trustedfirmware/bootutil_misc.d" -MT"Middlewares/trustedfirmware/bootutil_misc.o" --specs=nano.specs -mfpu=fpv5-sp-d16 -mfloat-abi=hard -mthumb -o "Middlewares/trustedfirmware/bootutil_misc.o"
arm-none-eabi-gcc "/home/windy/Softwareprojekt/Middlewares/Third_Party/trustedfirmware/bl2/ext/mcuboot/flash_map.c" -mcpu=cortex-m33 -g3 -DTFM_DEV_MODE -DNDEBUG '-D__ARM_FEATURE_CMSE=3' -DSTM32L552xx -DUSE_HAL_DRIVER -DMCUBOOT_SIGN_RSA '-DMCUBOOT_SIGN_RSA_LEN=3072' -DMCUBOOT_VALIDATE_PRIMARY_SLOT -DBL2 -DMCUBOOT_OVERWRITE_ONLY -DMCUBOOT_USE_FLASH_AREA_GET_SECTORS '-DMCUBOOT_TARGET_CONFIG=<flash_layout.h>' '-DMBEDTLS_CONFIG_FILE=<config-boot.h>' '-DMCUBOOT_IMAGE_NUMBER=2' -D__thumb2__ -c -I../../Inc -I../../../../../Drivers/CMSIS/Include -I../../../../../Drivers/CMSIS/Device/ST/STM32L5xx/Include -I../../../../../Drivers/STM32L5xx_HAL_Driver/Inc -I../../../../../Drivers/BSP/STM32L562E-DK -I../../../Linker -I../../../../../Middlewares/Third_Party/mbedtls/include -I../../../../../Middlewares/Third_Party/mbedtls/include/mbedtls -I../../../../../Middlewares/Third_Party/trustedfirmware -I../../../../../Middlewares/Third_Party/trustedfirmware/platform/ext/common -I../../../../../Middlewares/Third_Party/trustedfirmware/platform/ext/driver -I../../../../../Middlewares/Third_Party/trustedfirmware/bl2/include -I../../../../../Middlewares/Third_Party/trustedfirmware/bl2/ext/mcuboot -I../../../../../Middlewares/Third_Party/trustedfirmware/bl2/ext/mcuboot/include -I../../../../../Middlewares/Third_Party/trustedfirmware/bl2/ext/mcuboot/bootutil/include -Os -ffunction-sections -fdata-sections -Wall -fshort-enums -fshort-wchar -funsigned-char -mcmse -Wall -Wno-format -Wno-return-type -fstack-usage -MMD -MP -MF"Middlewares/trustedfirmware/flash_map.d" -MT"Middlewares/trustedfirmware/flash_map.o" --specs=nano.specs -mfpu=fpv5-sp-d16 -mfloat-abi=hard -mthumb -o "Middlewares/trustedfirmware/flash_map.o"
arm-none-eabi-gcc "/home/windy/Softwareprojekt/Middlewares/Third_Party/trustedfirmware/bl2/ext/mcuboot/bootutil/src/image_rsa.c" -mcpu=cortex-m33 -g3 -DTFM_DEV_MODE -DNDEBUG '-D__ARM_FEATURE_CMSE=3' -DSTM32L552xx -DUSE_HAL_DRIVER -DMCUBOOT_SIGN_RSA '-DMCUBOOT_SIGN_RSA_LEN=3072' -DMCUBOOT_VALIDATE_PRIMARY_SLOT -DBL2 -DMCUBOOT_OVERWRITE_ONLY -DMCUBOOT_USE_FLASH_AREA_GET_SECTORS '-DMCUBOOT_TARGET_CONFIG=<flash_layout.h>' '-DMBEDTLS_CONFIG_FILE=<config-boot.h>' '-DMCUBOOT_IMAGE_NUMBER=2' -D__thumb2__ -c -I../../Inc -I../../../../../Drivers/CMSIS/Include -I../../../../../Drivers/CMSIS/Device/ST/STM32L5xx/Include -I../../../../../Drivers/STM32L5xx_HAL_Driver/Inc -I../../../../../Drivers/BSP/STM32L562E-DK -I../../../Linker -I../../../../../Middlewares/Third_Party/mbedtls/include -I../../../../../Middlewares/Third_Party/mbedtls/include/mbedtls -I../../../../../Middlewares/Third_Party/trustedfirmware -I../../../../../Middlewares/Third_Party/trustedfirmware/platform/ext/common -I../../../../../Middlewares/Third_Party/trustedfirmware/platform/ext/driver -I../../../../../Middlewares/Third_Party/trustedfirmware/bl2/include -I../../../../../Middlewares/Third_Party/trustedfirmware/bl2/ext/mcuboot -I../../../../../Middlewares/Third_Party/trustedfirmware/bl2/ext/mcuboot/include -I../../../../../Middlewares/Third_Party/trustedfirmware/bl2/ext/mcuboot/bootutil/include -Os -ffunction-sections -fdata-sections -Wall -fshort-enums -fshort-wchar -funsigned-char -mcmse -Wall -Wno-format -Wno-return-type -fstack-usage -MMD -MP -MF"Middlewares/trustedfirmware/image_rsa.d" -MT"Middlewares/trustedfirmware/image_rsa.o" --specs=nano.specs -mfpu=fpv5-sp-d16 -mfloat-abi=hard -mthumb -o "Middlewares/trustedfirmware/image_rsa.o"
arm-none-eabi-gcc "/home/windy/Softwareprojekt/Middlewares/Third_Party/trustedfirmware/bl2/ext/mcuboot/bootutil/src/image_validate.c" -mcpu=cortex-m33 -g3 -DTFM_DEV_MODE -DNDEBUG '-D__ARM_FEATURE_CMSE=3' -DSTM32L552xx -DUSE_HAL_DRIVER -DMCUBOOT_SIGN_RSA '-DMCUBOOT_SIGN_RSA_LEN=3072' -DMCUBOOT_VALIDATE_PRIMARY_SLOT -DBL2 -DMCUBOOT_OVERWRITE_ONLY -DMCUBOOT_USE_FLASH_AREA_GET_SECTORS '-DMCUBOOT_TARGET_CONFIG=<flash_layout.h>' '-DMBEDTLS_CONFIG_FILE=<config-boot.h>' '-DMCUBOOT_IMAGE_NUMBER=2' -D__thumb2__ -c -I../../Inc -I../../../../../Drivers/CMSIS/Include -I../../../../../Drivers/CMSIS/Device/ST/STM32L5xx/Include -I../../../../../Drivers/STM32L5xx_HAL_Driver/Inc -I../../../../../Drivers/BSP/STM32L562E-DK -I../../../Linker -I../../../../../Middlewares/Third_Party/mbedtls/include -I../../../../../Middlewares/Third_Party/mbedtls/include/mbedtls -I../../../../../Middlewares/Third_Party/trustedfirmware -I../../../../../Middlewares/Third_Party/trustedfirmware/platform/ext/common -I../../../../../Middlewares/Third_Party/trustedfirmware/platform/ext/driver -I../../../../../Middlewares/Third_Party/trustedfirmware/bl2/include -I../../../../../Middlewares/Third_Party/trustedfirmware/bl2/ext/mcuboot -I../../../../../Middlewares/Third_Party/trustedfirmware/bl2/ext/mcuboot/include -I../../../../../Middlewares/Third_Party/trustedfirmware/bl2/ext/mcuboot/bootutil/include -Os -ffunction-sections -fdata-sections -Wall -fshort-enums -fshort-wchar -funsigned-char -mcmse -Wall -Wno-format -Wno-return-type -fstack-usage -MMD -MP -MF"Middlewares/trustedfirmware/image_validate.d" -MT"Middlewares/trustedfirmware/image_validate.o" --specs=nano.specs -mfpu=fpv5-sp-d16 -mfloat-abi=hard -mthumb -o "Middlewares/trustedfirmware/image_validate.o"
arm-none-eabi-gcc "/home/windy/Softwareprojekt/Middlewares/Third_Party/trustedfirmware/bl2/ext/mcuboot/keys.c" -mcpu=cortex-m33 -g3 -DTFM_DEV_MODE -DNDEBUG '-D__ARM_FEATURE_CMSE=3' -DSTM32L552xx -DUSE_HAL_DRIVER -DMCUBOOT_SIGN_RSA '-DMCUBOOT_SIGN_RSA_LEN=3072' -DMCUBOOT_VALIDATE_PRIMARY_SLOT -DBL2 -DMCUBOOT_OVERWRITE_ONLY -DMCUBOOT_USE_FLASH_AREA_GET_SECTORS '-DMCUBOOT_TARGET_CONFIG=<flash_layout.h>' '-DMBEDTLS_CONFIG_FILE=<config-boot.h>' '-DMCUBOOT_IMAGE_NUMBER=2' -D__thumb2__ -c -I../../Inc -I../../../../../Drivers/CMSIS/Include -I../../../../../Drivers/CMSIS/Device/ST/STM32L5xx/Include -I../../../../../Drivers/STM32L5xx_HAL_Driver/Inc -I../../../../../Drivers/BSP/STM32L562E-DK -I../../../Linker -I../../../../../Middlewares/Third_Party/mbedtls/include -I../../../../../Middlewares/Third_Party/mbedtls/include/mbedtls -I../../../../../Middlewares/Third_Party/trustedfirmware -I../../../../../Middlewares/Third_Party/trustedfirmware/platform/ext/common -I../../../../../Middlewares/Third_Party/trustedfirmware/platform/ext/driver -I../../../../../Middlewares/Third_Party/trustedfirmware/bl2/include -I../../../../../Middlewares/Third_Party/trustedfirmware/bl2/ext/mcuboot -I../../../../../Middlewares/Third_Party/trustedfirmware/bl2/ext/mcuboot/include -I../../../../../Middlewares/Third_Party/trustedfirmware/bl2/ext/mcuboot/bootutil/include -Os -ffunction-sections -fdata-sections -Wall -fshort-enums -fshort-wchar -funsigned-char -mcmse -Wall -Wno-format -Wno-return-type -fstack-usage -MMD -MP -MF"Middlewares/trustedfirmware/keys.d" -MT"Middlewares/trustedfirmware/keys.o" --specs=nano.specs -mfpu=fpv5-sp-d16 -mfloat-abi=hard -mthumb -o "Middlewares/trustedfirmware/keys.o"
arm-none-eabi-gcc "/home/windy/Softwareprojekt/Middlewares/Third_Party/trustedfirmware/bl2/ext/mcuboot/bootutil/src/loader.c" -mcpu=cortex-m33 -g3 -DTFM_DEV_MODE -DNDEBUG '-D__ARM_FEATURE_CMSE=3' -DSTM32L552xx -DUSE_HAL_DRIVER -DMCUBOOT_SIGN_RSA '-DMCUBOOT_SIGN_RSA_LEN=3072' -DMCUBOOT_VALIDATE_PRIMARY_SLOT -DBL2 -DMCUBOOT_OVERWRITE_ONLY -DMCUBOOT_USE_FLASH_AREA_GET_SECTORS '-DMCUBOOT_TARGET_CONFIG=<flash_layout.h>' '-DMBEDTLS_CONFIG_FILE=<config-boot.h>' '-DMCUBOOT_IMAGE_NUMBER=2' -D__thumb2__ -c -I../../Inc -I../../../../../Drivers/CMSIS/Include -I../../../../../Drivers/CMSIS/Device/ST/STM32L5xx/Include -I../../../../../Drivers/STM32L5xx_HAL_Driver/Inc -I../../../../../Drivers/BSP/STM32L562E-DK -I../../../Linker -I../../../../../Middlewares/Third_Party/mbedtls/include -I../../../../../Middlewares/Third_Party/mbedtls/include/mbedtls -I../../../../../Middlewares/Third_Party/trustedfirmware -I../../../../../Middlewares/Third_Party/trustedfirmware/platform/ext/common -I../../../../../Middlewares/Third_Party/trustedfirmware/platform/ext/driver -I../../../../../Middlewares/Third_Party/trustedfirmware/bl2/include -I../../../../../Middlewares/Third_Party/trustedfirmware/bl2/ext/mcuboot -I../../../../../Middlewares/Third_Party/trustedfirmware/bl2/ext/mcuboot/include -I../../../../../Middlewares/Third_Party/trustedfirmware/bl2/ext/mcuboot/bootutil/include -Os -ffunction-sections -fdata-sections -Wall -fshort-enums -fshort-wchar -funsigned-char -mcmse -Wall -Wno-format -Wno-return-type -fstack-usage -MMD -MP -MF"Middlewares/trustedfirmware/loader.d" -MT"Middlewares/trustedfirmware/loader.o" --specs=nano.specs -mfpu=fpv5-sp-d16 -mfloat-abi=hard -mthumb -o "Middlewares/trustedfirmware/loader.o"
arm-none-eabi-gcc "/home/windy/Softwareprojekt/Middlewares/Third_Party/trustedfirmware/bl2/src/security_cnt.c" -mcpu=cortex-m33 -g3 -DTFM_DEV_MODE -DNDEBUG '-D__ARM_FEATURE_CMSE=3' -DSTM32L552xx -DUSE_HAL_DRIVER -DMCUBOOT_SIGN_RSA '-DMCUBOOT_SIGN_RSA_LEN=3072' -DMCUBOOT_VALIDATE_PRIMARY_SLOT -DBL2 -DMCUBOOT_OVERWRITE_ONLY -DMCUBOOT_USE_FLASH_AREA_GET_SECTORS '-DMCUBOOT_TARGET_CONFIG=<flash_layout.h>' '-DMBEDTLS_CONFIG_FILE=<config-boot.h>' '-DMCUBOOT_IMAGE_NUMBER=2' -D__thumb2__ -c -I../../Inc -I../../../../../Drivers/CMSIS/Include -I../../../../../Drivers/CMSIS/Device/ST/STM32L5xx/Include -I../../../../../Drivers/STM32L5xx_HAL_Driver/Inc -I../../../../../Drivers/BSP/STM32L562E-DK -I../../../Linker -I../../../../../Middlewares/Third_Party/mbedtls/include -I../../../../../Middlewares/Third_Party/mbedtls/include/mbedtls -I../../../../../Middlewares/Third_Party/trustedfirmware -I../../../../../Middlewares/Third_Party/trustedfirmware/platform/ext/common -I../../../../../Middlewares/Third_Party/trustedfirmware/platform/ext/driver -I../../../../../Middlewares/Third_Party/trustedfirmware/bl2/include -I../../../../../Middlewares/Third_Party/trustedfirmware/bl2/ext/mcuboot -I../../../../../Middlewares/Third_Party/trustedfirmware/bl2/ext/mcuboot/include -I../../../../../Middlewares/Third_Party/trustedfirmware/bl2/ext/mcuboot/bootutil/include -Os -ffunction-sections -fdata-sections -Wall -fshort-enums -fshort-wchar -funsigned-char -mcmse -Wall -Wno-format -Wno-return-type -fstack-usage -MMD -MP -MF"Middlewares/trustedfirmware/security_cnt.d" -MT"Middlewares/trustedfirmware/security_cnt.o" --specs=nano.specs -mfpu=fpv5-sp-d16 -mfloat-abi=hard -mthumb -o "Middlewares/trustedfirmware/security_cnt.o"
arm-none-eabi-gcc "/home/windy/Softwareprojekt/Middlewares/Third_Party/trustedfirmware/platform/ext/common/uart_stdout.c" -mcpu=cortex-m33 -g3 -DTFM_DEV_MODE -DNDEBUG '-D__ARM_FEATURE_CMSE=3' -DSTM32L552xx -DUSE_HAL_DRIVER -DMCUBOOT_SIGN_RSA '-DMCUBOOT_SIGN_RSA_LEN=3072' -DMCUBOOT_VALIDATE_PRIMARY_SLOT -DBL2 -DMCUBOOT_OVERWRITE_ONLY -DMCUBOOT_USE_FLASH_AREA_GET_SECTORS '-DMCUBOOT_TARGET_CONFIG=<flash_layout.h>' '-DMBEDTLS_CONFIG_FILE=<config-boot.h>' '-DMCUBOOT_IMAGE_NUMBER=2' -D__thumb2__ -c -I../../Inc -I../../../../../Drivers/CMSIS/Include -I../../../../../Drivers/CMSIS/Device/ST/STM32L5xx/Include -I../../../../../Drivers/STM32L5xx_HAL_Driver/Inc -I../../../../../Drivers/BSP/STM32L562E-DK -I../../../Linker -I../../../../../Middlewares/Third_Party/mbedtls/include -I../../../../../Middlewares/Third_Party/mbedtls/include/mbedtls -I../../../../../Middlewares/Third_Party/trustedfirmware -I../../../../../Middlewares/Third_Party/trustedfirmware/platform/ext/common -I../../../../../Middlewares/Third_Party/trustedfirmware/platform/ext/driver -I../../../../../Middlewares/Third_Party/trustedfirmware/bl2/include -I../../../../../Middlewares/Third_Party/trustedfirmware/bl2/ext/mcuboot -I../../../../../Middlewares/Third_Party/trustedfirmware/bl2/ext/mcuboot/include -I../../../../../Middlewares/Third_Party/trustedfirmware/bl2/ext/mcuboot/bootutil/include -Os -ffunction-sections -fdata-sections -Wall -fshort-enums -fshort-wchar -funsigned-char -mcmse -Wall -Wno-format -Wno-return-type -fstack-usage -MMD -MP -MF"Middlewares/trustedfirmware/uart_stdout.d" -MT"Middlewares/trustedfirmware/uart_stdout.o" --specs=nano.specs -mfpu=fpv5-sp-d16 -mfloat-abi=hard -mthumb -o "Middlewares/trustedfirmware/uart_stdout.o"
arm-none-eabi-gcc "/home/windy/Softwareprojekt/Middlewares/Third_Party/mbedtls/library/asn1parse.c" -mcpu=cortex-m33 -g3 -DTFM_DEV_MODE -DNDEBUG '-D__ARM_FEATURE_CMSE=3' -DSTM32L552xx -DUSE_HAL_DRIVER -DMCUBOOT_SIGN_RSA '-DMCUBOOT_SIGN_RSA_LEN=3072' -DMCUBOOT_VALIDATE_PRIMARY_SLOT -DBL2 -DMCUBOOT_OVERWRITE_ONLY -DMCUBOOT_USE_FLASH_AREA_GET_SECTORS '-DMCUBOOT_TARGET_CONFIG=<flash_layout.h>' '-DMBEDTLS_CONFIG_FILE=<config-boot.h>' '-DMCUBOOT_IMAGE_NUMBER=2' -D__thumb2__ -c -I../../Inc -I../../../../../Drivers/CMSIS/Include -I../../../../../Drivers/CMSIS/Device/ST/STM32L5xx/Include -I../../../../../Drivers/STM32L5xx_HAL_Driver/Inc -I../../../../../Drivers/BSP/STM32L562E-DK -I../../../Linker -I../../../../../Middlewares/Third_Party/mbedtls/include -I../../../../../Middlewares/Third_Party/mbedtls/include/mbedtls -I../../../../../Middlewares/Third_Party/trustedfirmware -I../../../../../Middlewares/Third_Party/trustedfirmware/platform/ext/common -I../../../../../Middlewares/Third_Party/trustedfirmware/platform/ext/driver -I../../../../../Middlewares/Third_Party/trustedfirmware/bl2/include -I../../../../../Middlewares/Third_Party/trustedfirmware/bl2/ext/mcuboot -I../../../../../Middlewares/Third_Party/trustedfirmware/bl2/ext/mcuboot/include -I../../../../../Middlewares/Third_Party/trustedfirmware/bl2/ext/mcuboot/bootutil/include -Os -ffunction-sections -fdata-sections -Wall -fshort-enums -fshort-wchar -funsigned-char -mcmse -Wall -Wno-format -Wno-return-type -fstack-usage -MMD -MP -MF"Middlewares/mbedtls/asn1parse.d" -MT"Middlewares/mbedtls/asn1parse.o" --specs=nano.specs -mfpu=fpv5-sp-d16 -mfloat-abi=hard -mthumb -o "Middlewares/mbedtls/asn1parse.o"
arm-none-eabi-gcc "/home/windy/Softwareprojekt/Middlewares/Third_Party/mbedtls/library/bignum.c" -mcpu=cortex-m33 -g3 -DTFM_DEV_MODE -DNDEBUG '-D__ARM_FEATURE_CMSE=3' -DSTM32L552xx -DUSE_HAL_DRIVER -DMCUBOOT_SIGN_RSA '-DMCUBOOT_SIGN_RSA_LEN=3072' -DMCUBOOT_VALIDATE_PRIMARY_SLOT -DBL2 -DMCUBOOT_OVERWRITE_ONLY -DMCUBOOT_USE_FLASH_AREA_GET_SECTORS '-DMCUBOOT_TARGET_CONFIG=<flash_layout.h>' '-DMBEDTLS_CONFIG_FILE=<config-boot.h>' '-DMCUBOOT_IMAGE_NUMBER=2' -D__thumb2__ -c -I../../Inc -I../../../../../Drivers/CMSIS/Include -I../../../../../Drivers/CMSIS/Device/ST/STM32L5xx/Include -I../../../../../Drivers/STM32L5xx_HAL_Driver/Inc -I../../../../../Drivers/BSP/STM32L562E-DK -I../../../Linker -I../../../../../Middlewares/Third_Party/mbedtls/include -I../../../../../Middlewares/Third_Party/mbedtls/include/mbedtls -I../../../../../Middlewares/Third_Party/trustedfirmware -I../../../../../Middlewares/Third_Party/trustedfirmware/platform/ext/common -I../../../../../Middlewares/Third_Party/trustedfirmware/platform/ext/driver -I../../../../../Middlewares/Third_Party/trustedfirmware/bl2/include -I../../../../../Middlewares/Third_Party/trustedfirmware/bl2/ext/mcuboot -I../../../../../Middlewares/Third_Party/trustedfirmware/bl2/ext/mcuboot/include -I../../../../../Middlewares/Third_Party/trustedfirmware/bl2/ext/mcuboot/bootutil/include -Os -ffunction-sections -fdata-sections -Wall -fshort-enums -fshort-wchar -funsigned-char -mcmse -Wall -Wno-format -Wno-return-type -fstack-usage -MMD -MP -MF"Middlewares/mbedtls/bignum.d" -MT"Middlewares/mbedtls/bignum.o" --specs=nano.specs -mfpu=fpv5-sp-d16 -mfloat-abi=hard -mthumb -o "Middlewares/mbedtls/bignum.o"
arm-none-eabi-gcc "/home/windy/Softwareprojekt/Middlewares/Third_Party/mbedtls/library/ctr_drbg.c" -mcpu=cortex-m33 -g3 -DTFM_DEV_MODE -DNDEBUG '-D__ARM_FEATURE_CMSE=3' -DSTM32L552xx -DUSE_HAL_DRIVER -DMCUBOOT_SIGN_RSA '-DMCUBOOT_SIGN_RSA_LEN=3072' -DMCUBOOT_VALIDATE_PRIMARY_SLOT -DBL2 -DMCUBOOT_OVERWRITE_ONLY -DMCUBOOT_USE_FLASH_AREA_GET_SECTORS '-DMCUBOOT_TARGET_CONFIG=<flash_layout.h>' '-DMBEDTLS_CONFIG_FILE=<config-boot.h>' '-DMCUBOOT_IMAGE_NUMBER=2' -D__thumb2__ -c -I../../Inc -I../../../../../Drivers/CMSIS/Include -I../../../../../Drivers/CMSIS/Device/ST/STM32L5xx/Include -I../../../../../Drivers/STM32L5xx_HAL_Driver/Inc -I../../../../../Drivers/BSP/STM32L562E-DK -I../../../Linker -I../../../../../Middlewares/Third_Party/mbedtls/include -I../../../../../Middlewares/Third_Party/mbedtls/include/mbedtls -I../../../../../Middlewares/Third_Party/trustedfirmware -I../../../../../Middlewares/Third_Party/trustedfirmware/platform/ext/common -I../../../../../Middlewares/Third_Party/trustedfirmware/platform/ext/driver -I../../../../../Middlewares/Third_Party/trustedfirmware/bl2/include -I../../../../../Middlewares/Third_Party/trustedfirmware/bl2/ext/mcuboot -I../../../../../Middlewares/Third_Party/trustedfirmware/bl2/ext/mcuboot/include -I../../../../../Middlewares/Third_Party/trustedfirmware/bl2/ext/mcuboot/bootutil/include -Os -ffunction-sections -fdata-sections -Wall -fshort-enums -fshort-wchar -funsigned-char -mcmse -Wall -Wno-format -Wno-return-type -fstack-usage -MMD -MP -MF"Middlewares/mbedtls/ctr_drbg.d" -MT"Middlewares/mbedtls/ctr_drbg.o" --specs=nano.specs -mfpu=fpv5-sp-d16 -mfloat-abi=hard -mthumb -o "Middlewares/mbedtls/ctr_drbg.o"
arm-none-eabi-gcc "/home/windy/Softwareprojekt/Middlewares/Third_Party/mbedtls/library/debug.c" -mcpu=cortex-m33 -g3 -DTFM_DEV_MODE -DNDEBUG '-D__ARM_FEATURE_CMSE=3' -DSTM32L552xx -DUSE_HAL_DRIVER -DMCUBOOT_SIGN_RSA '-DMCUBOOT_SIGN_RSA_LEN=3072' -DMCUBOOT_VALIDATE_PRIMARY_SLOT -DBL2 -DMCUBOOT_OVERWRITE_ONLY -DMCUBOOT_USE_FLASH_AREA_GET_SECTORS '-DMCUBOOT_TARGET_CONFIG=<flash_layout.h>' '-DMBEDTLS_CONFIG_FILE=<config-boot.h>' '-DMCUBOOT_IMAGE_NUMBER=2' -D__thumb2__ -c -I../../Inc -I../../../../../Drivers/CMSIS/Include -I../../../../../Drivers/CMSIS/Device/ST/STM32L5xx/Include -I../../../../../Drivers/STM32L5xx_HAL_Driver/Inc -I../../../../../Drivers/BSP/STM32L562E-DK -I../../../Linker -I../../../../../Middlewares/Third_Party/mbedtls/include -I../../../../../Middlewares/Third_Party/mbedtls/include/mbedtls -I../../../../../Middlewares/Third_Party/trustedfirmware -I../../../../../Middlewares/Third_Party/trustedfirmware/platform/ext/common -I../../../../../Middlewares/Third_Party/trustedfirmware/platform/ext/driver -I../../../../../Middlewares/Third_Party/trustedfirmware/bl2/include -I../../../../../Middlewares/Third_Party/trustedfirmware/bl2/ext/mcuboot -I../../../../../Middlewares/Third_Party/trustedfirmware/bl2/ext/mcuboot/include -I../../../../../Middlewares/Third_Party/trustedfirmware/bl2/ext/mcuboot/bootutil/include -Os -ffunction-sections -fdata-sections -Wall -fshort-enums -fshort-wchar -funsigned-char -mcmse -Wall -Wno-format -Wno-return-type -fstack-usage -MMD -MP -MF"Middlewares/mbedtls/debug.d" -MT"Middlewares/mbedtls/debug.o" --specs=nano.specs -mfpu=fpv5-sp-d16 -mfloat-abi=hard -mthumb -o "Middlewares/mbedtls/debug.o"
arm-none-eabi-gcc "/home/windy/Softwareprojekt/Middlewares/Third_Party/mbedtls/library/error.c" -mcpu=cortex-m33 -g3 -DTFM_DEV_MODE -DNDEBUG '-D__ARM_FEATURE_CMSE=3' -DSTM32L552xx -DUSE_HAL_DRIVER -DMCUBOOT_SIGN_RSA '-DMCUBOOT_SIGN_RSA_LEN=3072' -DMCUBOOT_VALIDATE_PRIMARY_SLOT -DBL2 -DMCUBOOT_OVERWRITE_ONLY -DMCUBOOT_USE_FLASH_AREA_GET_SECTORS '-DMCUBOOT_TARGET_CONFIG=<flash_layout.h>' '-DMBEDTLS_CONFIG_FILE=<config-boot.h>' '-DMCUBOOT_IMAGE_NUMBER=2' -D__thumb2__ -c -I../../Inc -I../../../../../Drivers/CMSIS/Include -I../../../../../Drivers/CMSIS/Device/ST/STM32L5xx/Include -I../../../../../Drivers/STM32L5xx_HAL_Driver/Inc -I../../../../../Drivers/BSP/STM32L562E-DK -I../../../Linker -I../../../../../Middlewares/Third_Party/mbedtls/include -I../../../../../Middlewares/Third_Party/mbedtls/include/mbedtls -I../../../../../Middlewares/Third_Party/trustedfirmware -I../../../../../Middlewares/Third_Party/trustedfirmware/platform/ext/common -I../../../../../Middlewares/Third_Party/trustedfirmware/platform/ext/driver -I../../../../../Middlewares/Third_Party/trustedfirmware/bl2/include -I../../../../../Middlewares/Third_Party/trustedfirmware/bl2/ext/mcuboot -I../../../../../Middlewares/Third_Party/trustedfirmware/bl2/ext/mcuboot/include -I../../../../../Middlewares/Third_Party/trustedfirmware/bl2/ext/mcuboot/bootutil/include -Os -ffunction-sections -fdata-sections -Wall -fshort-enums -fshort-wchar -funsigned-char -mcmse -Wall -Wno-format -Wno-return-type -fstack-usage -MMD -MP -MF"Middlewares/mbedtls/error.d" -MT"Middlewares/mbedtls/error.o" --specs=nano.specs -mfpu=fpv5-sp-d16 -mfloat-abi=hard -mthumb -o "Middlewares/mbedtls/error.o"
arm-none-eabi-gcc "/home/windy/Softwareprojekt/Middlewares/Third_Party/mbedtls/library/memory_buffer_alloc.c" -mcpu=cortex-m33 -g3 -DTFM_DEV_MODE -DNDEBUG '-D__ARM_FEATURE_CMSE=3' -DSTM32L552xx -DUSE_HAL_DRIVER -DMCUBOOT_SIGN_RSA '-DMCUBOOT_SIGN_RSA_LEN=3072' -DMCUBOOT_VALIDATE_PRIMARY_SLOT -DBL2 -DMCUBOOT_OVERWRITE_ONLY -DMCUBOOT_USE_FLASH_AREA_GET_SECTORS '-DMCUBOOT_TARGET_CONFIG=<flash_layout.h>' '-DMBEDTLS_CONFIG_FILE=<config-boot.h>' '-DMCUBOOT_IMAGE_NUMBER=2' -D__thumb2__ -c -I../../Inc -I../../../../../Drivers/CMSIS/Include -I../../../../../Drivers/CMSIS/Device/ST/STM32L5xx/Include -I../../../../../Drivers/STM32L5xx_HAL_Driver/Inc -I../../../../../Drivers/BSP/STM32L562E-DK -I../../../Linker -I../../../../../Middlewares/Third_Party/mbedtls/include -I../../../../../Middlewares/Third_Party/mbedtls/include/mbedtls -I../../../../../Middlewares/Third_Party/trustedfirmware -I../../../../../Middlewares/Third_Party/trustedfirmware/platform/ext/common -I../../../../../Middlewares/Third_Party/trustedfirmware/platform/ext/driver -I../../../../../Middlewares/Third_Party/trustedfirmware/bl2/include -I../../../../../Middlewares/Third_Party/trustedfirmware/bl2/ext/mcuboot -I../../../../../Middlewares/Third_Party/trustedfirmware/bl2/ext/mcuboot/include -I../../../../../Middlewares/Third_Party/trustedfirmware/bl2/ext/mcuboot/bootutil/include -Os -ffunction-sections -fdata-sections -Wall -fshort-enums -fshort-wchar -funsigned-char -mcmse -Wall -Wno-format -Wno-return-type -fstack-usage -MMD -MP -MF"Middlewares/mbedtls/memory_buffer_alloc.d" -MT"Middlewares/mbedtls/memory_buffer_alloc.o" --specs=nano.specs -mfpu=fpv5-sp-d16 -mfloat-abi=hard -mthumb -o "Middlewares/mbedtls/memory_buffer_alloc.o"
arm-none-eabi-gcc "/home/windy/Softwareprojekt/Middlewares/Third_Party/mbedtls/library/platform.c" -mcpu=cortex-m33 -g3 -DTFM_DEV_MODE -DNDEBUG '-D__ARM_FEATURE_CMSE=3' -DSTM32L552xx -DUSE_HAL_DRIVER -DMCUBOOT_SIGN_RSA '-DMCUBOOT_SIGN_RSA_LEN=3072' -DMCUBOOT_VALIDATE_PRIMARY_SLOT -DBL2 -DMCUBOOT_OVERWRITE_ONLY -DMCUBOOT_USE_FLASH_AREA_GET_SECTORS '-DMCUBOOT_TARGET_CONFIG=<flash_layout.h>' '-DMBEDTLS_CONFIG_FILE=<config-boot.h>' '-DMCUBOOT_IMAGE_NUMBER=2' -D__thumb2__ -c -I../../Inc -I../../../../../Drivers/CMSIS/Include -I../../../../../Drivers/CMSIS/Device/ST/STM32L5xx/Include -I../../../../../Drivers/STM32L5xx_HAL_Driver/Inc -I../../../../../Drivers/BSP/STM32L562E-DK -I../../../Linker -I../../../../../Middlewares/Third_Party/mbedtls/include -I../../../../../Middlewares/Third_Party/mbedtls/include/mbedtls -I../../../../../Middlewares/Third_Party/trustedfirmware -I../../../../../Middlewares/Third_Party/trustedfirmware/platform/ext/common -I../../../../../Middlewares/Third_Party/trustedfirmware/platform/ext/driver -I../../../../../Middlewares/Third_Party/trustedfirmware/bl2/include -I../../../../../Middlewares/Third_Party/trustedfirmware/bl2/ext/mcuboot -I../../../../../Middlewares/Third_Party/trustedfirmware/bl2/ext/mcuboot/include -I../../../../../Middlewares/Third_Party/trustedfirmware/bl2/ext/mcuboot/bootutil/include -Os -ffunction-sections -fdata-sections -Wall -fshort-enums -fshort-wchar -funsigned-char -mcmse -Wall -Wno-format -Wno-return-type -fstack-usage -MMD -MP -MF"Middlewares/mbedtls/platform.d" -MT"Middlewares/mbedtls/platform.o" --specs=nano.specs -mfpu=fpv5-sp-d16 -mfloat-abi=hard -mthumb -o "Middlewares/mbedtls/platform.o"
arm-none-eabi-gcc "/home/windy/Softwareprojekt/Middlewares/Third_Party/mbedtls/library/platform_util.c" -mcpu=cortex-m33 -g3 -DTFM_DEV_MODE -DNDEBUG '-D__ARM_FEATURE_CMSE=3' -DSTM32L552xx -DUSE_HAL_DRIVER -DMCUBOOT_SIGN_RSA '-DMCUBOOT_SIGN_RSA_LEN=3072' -DMCUBOOT_VALIDATE_PRIMARY_SLOT -DBL2 -DMCUBOOT_OVERWRITE_ONLY -DMCUBOOT_USE_FLASH_AREA_GET_SECTORS '-DMCUBOOT_TARGET_CONFIG=<flash_layout.h>' '-DMBEDTLS_CONFIG_FILE=<config-boot.h>' '-DMCUBOOT_IMAGE_NUMBER=2' -D__thumb2__ -c -I../../Inc -I../../../../../Drivers/CMSIS/Include -I../../../../../Drivers/CMSIS/Device/ST/STM32L5xx/Include -I../../../../../Drivers/STM32L5xx_HAL_Driver/Inc -I../../../../../Drivers/BSP/STM32L562E-DK -I../../../Linker -I../../../../../Middlewares/Third_Party/mbedtls/include -I../../../../../Middlewares/Third_Party/mbedtls/include/mbedtls -I../../../../../Middlewares/Third_Party/trustedfirmware -I../../../../../Middlewares/Third_Party/trustedfirmware/platform/ext/common -I../../../../../Middlewares/Third_Party/trustedfirmware/platform/ext/driver -I../../../../../Middlewares/Third_Party/trustedfirmware/bl2/include -I../../../../../Middlewares/Third_Party/trustedfirmware/bl2/ext/mcuboot -I../../../../../Middlewares/Third_Party/trustedfirmware/bl2/ext/mcuboot/include -I../../../../../Middlewares/Third_Party/trustedfirmware/bl2/ext/mcuboot/bootutil/include -Os -ffunction-sections -fdata-sections -Wall -fshort-enums -fshort-wchar -funsigned-char -mcmse -Wall -Wno-format -Wno-return-type -fstack-usage -MMD -MP -MF"Middlewares/mbedtls/platform_util.d" -MT"Middlewares/mbedtls/platform_util.o" --specs=nano.specs -mfpu=fpv5-sp-d16 -mfloat-abi=hard -mthumb -o "Middlewares/mbedtls/platform_util.o"
arm-none-eabi-gcc "/home/windy/Softwareprojekt/Middlewares/Third_Party/mbedtls/library/rsa.c" -mcpu=cortex-m33 -g3 -DTFM_DEV_MODE -DNDEBUG '-D__ARM_FEATURE_CMSE=3' -DSTM32L552xx -DUSE_HAL_DRIVER -DMCUBOOT_SIGN_RSA '-DMCUBOOT_SIGN_RSA_LEN=3072' -DMCUBOOT_VALIDATE_PRIMARY_SLOT -DBL2 -DMCUBOOT_OVERWRITE_ONLY -DMCUBOOT_USE_FLASH_AREA_GET_SECTORS '-DMCUBOOT_TARGET_CONFIG=<flash_layout.h>' '-DMBEDTLS_CONFIG_FILE=<config-boot.h>' '-DMCUBOOT_IMAGE_NUMBER=2' -D__thumb2__ -c -I../../Inc -I../../../../../Drivers/CMSIS/Include -I../../../../../Drivers/CMSIS/Device/ST/STM32L5xx/Include -I../../../../../Drivers/STM32L5xx_HAL_Driver/Inc -I../../../../../Drivers/BSP/STM32L562E-DK -I../../../Linker -I../../../../../Middlewares/Third_Party/mbedtls/include -I../../../../../Middlewares/Third_Party/mbedtls/include/mbedtls -I../../../../../Middlewares/Third_Party/trustedfirmware -I../../../../../Middlewares/Third_Party/trustedfirmware/platform/ext/common -I../../../../../Middlewares/Third_Party/trustedfirmware/platform/ext/driver -I../../../../../Middlewares/Third_Party/trustedfirmware/bl2/include -I../../../../../Middlewares/Third_Party/trustedfirmware/bl2/ext/mcuboot -I../../../../../Middlewares/Third_Party/trustedfirmware/bl2/ext/mcuboot/include -I../../../../../Middlewares/Third_Party/trustedfirmware/bl2/ext/mcuboot/bootutil/include -Os -ffunction-sections -fdata-sections -Wall -fshort-enums -fshort-wchar -funsigned-char -mcmse -Wall -Wno-format -Wno-return-type -fstack-usage -MMD -MP -MF"Middlewares/mbedtls/rsa.d" -MT"Middlewares/mbedtls/rsa.o" --specs=nano.specs -mfpu=fpv5-sp-d16 -mfloat-abi=hard -mthumb -o "Middlewares/mbedtls/rsa.o"
arm-none-eabi-gcc "/home/windy/Softwareprojekt/Middlewares/Third_Party/mbedtls/library/rsa_internal.c" -mcpu=cortex-m33 -g3 -DTFM_DEV_MODE -DNDEBUG '-D__ARM_FEATURE_CMSE=3' -DSTM32L552xx -DUSE_HAL_DRIVER -DMCUBOOT_SIGN_RSA '-DMCUBOOT_SIGN_RSA_LEN=3072' -DMCUBOOT_VALIDATE_PRIMARY_SLOT -DBL2 -DMCUBOOT_OVERWRITE_ONLY -DMCUBOOT_USE_FLASH_AREA_GET_SECTORS '-DMCUBOOT_TARGET_CONFIG=<flash_layout.h>' '-DMBEDTLS_CONFIG_FILE=<config-boot.h>' '-DMCUBOOT_IMAGE_NUMBER=2' -D__thumb2__ -c -I../../Inc -I../../../../../Drivers/CMSIS/Include -I../../../../../Drivers/CMSIS/Device/ST/STM32L5xx/Include -I../../../../../Drivers/STM32L5xx_HAL_Driver/Inc -I../../../../../Drivers/BSP/STM32L562E-DK -I../../../Linker -I../../../../../Middlewares/Third_Party/mbedtls/include -I../../../../../Middlewares/Third_Party/mbedtls/include/mbedtls -I../../../../../Middlewares/Third_Party/trustedfirmware -I../../../../../Middlewares/Third_Party/trustedfirmware/platform/ext/common -I../../../../../Middlewares/Third_Party/trustedfirmware/platform/ext/driver -I../../../../../Middlewares/Third_Party/trustedfirmware/bl2/include -I../../../../../Middlewares/Third_Party/trustedfirmware/bl2/ext/mcuboot -I../../../../../Middlewares/Third_Party/trustedfirmware/bl2/ext/mcuboot/include -I../../../../../Middlewares/Third_Party/trustedfirmware/bl2/ext/mcuboot/bootutil/include -Os -ffunction-sections -fdata-sections -Wall -fshort-enums -fshort-wchar -funsigned-char -mcmse -Wall -Wno-format -Wno-return-type -fstack-usage -MMD -MP -MF"Middlewares/mbedtls/rsa_internal.d" -MT"Middlewares/mbedtls/rsa_internal.o" --specs=nano.specs -mfpu=fpv5-sp-d16 -mfloat-abi=hard -mthumb -o "Middlewares/mbedtls/rsa_internal.o"
arm-none-eabi-gcc "/home/windy/Softwareprojekt/Middlewares/Third_Party/mbedtls/library/sha256.c" -mcpu=cortex-m33 -g3 -DTFM_DEV_MODE -DNDEBUG '-D__ARM_FEATURE_CMSE=3' -DSTM32L552xx -DUSE_HAL_DRIVER -DMCUBOOT_SIGN_RSA '-DMCUBOOT_SIGN_RSA_LEN=3072' -DMCUBOOT_VALIDATE_PRIMARY_SLOT -DBL2 -DMCUBOOT_OVERWRITE_ONLY -DMCUBOOT_USE_FLASH_AREA_GET_SECTORS '-DMCUBOOT_TARGET_CONFIG=<flash_layout.h>' '-DMBEDTLS_CONFIG_FILE=<config-boot.h>' '-DMCUBOOT_IMAGE_NUMBER=2' -D__thumb2__ -c -I../../Inc -I../../../../../Drivers/CMSIS/Include -I../../../../../Drivers/CMSIS/Device/ST/STM32L5xx/Include -I../../../../../Drivers/STM32L5xx_HAL_Driver/Inc -I../../../../../Drivers/BSP/STM32L562E-DK -I../../../Linker -I../../../../../Middlewares/Third_Party/mbedtls/include -I../../../../../Middlewares/Third_Party/mbedtls/include/mbedtls -I../../../../../Middlewares/Third_Party/trustedfirmware -I../../../../../Middlewares/Third_Party/trustedfirmware/platform/ext/common -I../../../../../Middlewares/Third_Party/trustedfirmware/platform/ext/driver -I../../../../../Middlewares/Third_Party/trustedfirmware/bl2/include -I../../../../../Middlewares/Third_Party/trustedfirmware/bl2/ext/mcuboot -I../../../../../Middlewares/Third_Party/trustedfirmware/bl2/ext/mcuboot/include -I../../../../../Middlewares/Third_Party/trustedfirmware/bl2/ext/mcuboot/bootutil/include -Os -ffunction-sections -fdata-sections -Wall -fshort-enums -fshort-wchar -funsigned-char -mcmse -Wall -Wno-format -Wno-return-type -fstack-usage -MMD -MP -MF"Middlewares/mbedtls/sha256.d" -MT"Middlewares/mbedtls/sha256.o" --specs=nano.specs -mfpu=fpv5-sp-d16 -mfloat-abi=hard -mthumb -o "Middlewares/mbedtls/sha256.o"
arm-none-eabi-gcc "/home/windy/Softwareprojekt/Drivers/STM32L5xx_HAL_Driver/Src/stm32l5xx_hal.c" -mcpu=cortex-m33 -g3 -DTFM_DEV_MODE -DNDEBUG '-D__ARM_FEATURE_CMSE=3' -DSTM32L552xx -DUSE_HAL_DRIVER -DMCUBOOT_SIGN_RSA '-DMCUBOOT_SIGN_RSA_LEN=3072' -DMCUBOOT_VALIDATE_PRIMARY_SLOT -DBL2 -DMCUBOOT_OVERWRITE_ONLY -DMCUBOOT_USE_FLASH_AREA_GET_SECTORS '-DMCUBOOT_TARGET_CONFIG=<flash_layout.h>' '-DMBEDTLS_CONFIG_FILE=<config-boot.h>' '-DMCUBOOT_IMAGE_NUMBER=2' -D__thumb2__ -c -I../../Inc -I../../../../../Drivers/CMSIS/Include -I../../../../../Drivers/CMSIS/Device/ST/STM32L5xx/Include -I../../../../../Drivers/STM32L5xx_HAL_Driver/Inc -I../../../../../Drivers/BSP/STM32L562E-DK -I../../../Linker -I../../../../../Middlewares/Third_Party/mbedtls/include -I../../../../../Middlewares/Third_Party/mbedtls/include/mbedtls -I../../../../../Middlewares/Third_Party/trustedfirmware -I../../../../../Middlewares/Third_Party/trustedfirmware/platform/ext/common -I../../../../../Middlewares/Third_Party/trustedfirmware/platform/ext/driver -I../../../../../Middlewares/Third_Party/trustedfirmware/bl2/include -I../../../../../Middlewares/Third_Party/trustedfirmware/bl2/ext/mcuboot -I../../../../../Middlewares/Third_Party/trustedfirmware/bl2/ext/mcuboot/include -I../../../../../Middlewares/Third_Party/trustedfirmware/bl2/ext/mcuboot/bootutil/include -Os -ffunction-sections -fdata-sections -Wall -fshort-enums -fshort-wchar -funsigned-char -mcmse -Wall -Wno-format -Wno-return-type -fstack-usage -MMD -MP -MF"Drivers/STM32L5xx_HAL_Driver/stm32l5xx_hal.d" -MT"Drivers/STM32L5xx_HAL_Driver/stm32l5xx_hal.o" --specs=nano.specs -mfpu=fpv5-sp-d16 -mfloat-abi=hard -mthumb -o "Drivers/STM32L5xx_HAL_Driver/stm32l5xx_hal.o"
arm-none-eabi-gcc "/home/windy/Softwareprojekt/Drivers/STM32L5xx_HAL_Driver/Src/stm32l5xx_hal_cortex.c" -mcpu=cortex-m33 -g3 -DTFM_DEV_MODE -DNDEBUG '-D__ARM_FEATURE_CMSE=3' -DSTM32L552xx -DUSE_HAL_DRIVER -DMCUBOOT_SIGN_RSA '-DMCUBOOT_SIGN_RSA_LEN=3072' -DMCUBOOT_VALIDATE_PRIMARY_SLOT -DBL2 -DMCUBOOT_OVERWRITE_ONLY -DMCUBOOT_USE_FLASH_AREA_GET_SECTORS '-DMCUBOOT_TARGET_CONFIG=<flash_layout.h>' '-DMBEDTLS_CONFIG_FILE=<config-boot.h>' '-DMCUBOOT_IMAGE_NUMBER=2' -D__thumb2__ -c -I../../Inc -I../../../../../Drivers/CMSIS/Include -I../../../../../Drivers/CMSIS/Device/ST/STM32L5xx/Include -I../../../../../Drivers/STM32L5xx_HAL_Driver/Inc -I../../../../../Drivers/BSP/STM32L562E-DK -I../../../Linker -I../../../../../Middlewares/Third_Party/mbedtls/include -I../../../../../Middlewares/Third_Party/mbedtls/include/mbedtls -I../../../../../Middlewares/Third_Party/trustedfirmware -I../../../../../Middlewares/Third_Party/trustedfirmware/platform/ext/common -I../../../../../Middlewares/Third_Party/trustedfirmware/platform/ext/driver -I../../../../../Middlewares/Third_Party/trustedfirmware/bl2/include -I../../../../../Middlewares/Third_Party/trustedfirmware/bl2/ext/mcuboot -I../../../../../Middlewares/Third_Party/trustedfirmware/bl2/ext/mcuboot/include -I../../../../../Middlewares/Third_Party/trustedfirmware/bl2/ext/mcuboot/bootutil/include -Os -ffunction-sections -fdata-sections -Wall -fshort-enums -fshort-wchar -funsigned-char -mcmse -Wall -Wno-format -Wno-return-type -fstack-usage -MMD -MP -MF"Drivers/STM32L5xx_HAL_Driver/stm32l5xx_hal_cortex.d" -MT"Drivers/STM32L5xx_HAL_Driver/stm32l5xx_hal_cortex.o" --specs=nano.specs -mfpu=fpv5-sp-d16 -mfloat-abi=hard -mthumb -o "Drivers/STM32L5xx_HAL_Driver/stm32l5xx_hal_cortex.o"
arm-none-eabi-gcc "/home/windy/Softwareprojekt/Drivers/STM32L5xx_HAL_Driver/Src/stm32l5xx_hal_dma.c" -mcpu=cortex-m33 -g3 -DTFM_DEV_MODE -DNDEBUG '-D__ARM_FEATURE_CMSE=3' -DSTM32L552xx -DUSE_HAL_DRIVER -DMCUBOOT_SIGN_RSA '-DMCUBOOT_SIGN_RSA_LEN=3072' -DMCUBOOT_VALIDATE_PRIMARY_SLOT -DBL2 -DMCUBOOT_OVERWRITE_ONLY -DMCUBOOT_USE_FLASH_AREA_GET_SECTORS '-DMCUBOOT_TARGET_CONFIG=<flash_layout.h>' '-DMBEDTLS_CONFIG_FILE=<config-boot.h>' '-DMCUBOOT_IMAGE_NUMBER=2' -D__thumb2__ -c -I../../Inc -I../../../../../Drivers/CMSIS/Include -I../../../../../Drivers/CMSIS/Device/ST/STM32L5xx/Include -I../../../../../Drivers/STM32L5xx_HAL_Driver/Inc -I../../../../../Drivers/BSP/STM32L562E-DK -I../../../Linker -I../../../../../Middlewares/Third_Party/mbedtls/include -I../../../../../Middlewares/Third_Party/mbedtls/include/mbedtls -I../../../../../Middlewares/Third_Party/trustedfirmware -I../../../../../Middlewares/Third_Party/trustedfirmware/platform/ext/common -I../../../../../Middlewares/Third_Party/trustedfirmware/platform/ext/driver -I../../../../../Middlewares/Third_Party/trustedfirmware/bl2/include -I../../../../../Middlewares/Third_Party/trustedfirmware/bl2/ext/mcuboot -I../../../../../Middlewares/Third_Party/trustedfirmware/bl2/ext/mcuboot/include -I../../../../../Middlewares/Third_Party/trustedfirmware/bl2/ext/mcuboot/bootutil/include -Os -ffunction-sections -fdata-sections -Wall -fshort-enums -fshort-wchar -funsigned-char -mcmse -Wall -Wno-format -Wno-return-type -fstack-usage -MMD -MP -MF"Drivers/STM32L5xx_HAL_Driver/stm32l5xx_hal_dma.d" -MT"Drivers/STM32L5xx_HAL_Driver/stm32l5xx_hal_dma.o" --specs=nano.specs -mfpu=fpv5-sp-d16 -mfloat-abi=hard -mthumb -o "Drivers/STM32L5xx_HAL_Driver/stm32l5xx_hal_dma.o"
arm-none-eabi-gcc "/home/windy/Softwareprojekt/Drivers/STM32L5xx_HAL_Driver/Src/stm32l5xx_hal_dma_ex.c" -mcpu=cortex-m33 -g3 -DTFM_DEV_MODE -DNDEBUG '-D__ARM_FEATURE_CMSE=3' -DSTM32L552xx -DUSE_HAL_DRIVER -DMCUBOOT_SIGN_RSA '-DMCUBOOT_SIGN_RSA_LEN=3072' -DMCUBOOT_VALIDATE_PRIMARY_SLOT -DBL2 -DMCUBOOT_OVERWRITE_ONLY -DMCUBOOT_USE_FLASH_AREA_GET_SECTORS '-DMCUBOOT_TARGET_CONFIG=<flash_layout.h>' '-DMBEDTLS_CONFIG_FILE=<config-boot.h>' '-DMCUBOOT_IMAGE_NUMBER=2' -D__thumb2__ -c -I../../Inc -I../../../../../Drivers/CMSIS/Include -I../../../../../Drivers/CMSIS/Device/ST/STM32L5xx/Include -I../../../../../Drivers/STM32L5xx_HAL_Driver/Inc -I../../../../../Drivers/BSP/STM32L562E-DK -I../../../Linker -I../../../../../Middlewares/Third_Party/mbedtls/include -I../../../../../Middlewares/Third_Party/mbedtls/include/mbedtls -I../../../../../Middlewares/Third_Party/trustedfirmware -I../../../../../Middlewares/Third_Party/trustedfirmware/platform/ext/common -I../../../../../Middlewares/Third_Party/trustedfirmware/platform/ext/driver -I../../../../../Middlewares/Third_Party/trustedfirmware/bl2/include -I../../../../../Middlewares/Third_Party/trustedfirmware/bl2/ext/mcuboot -I../../../../../Middlewares/Third_Party/trustedfirmware/bl2/ext/mcuboot/include -I../../../../../Middlewares/Third_Party/trustedfirmware/bl2/ext/mcuboot/bootutil/include -Os -ffunction-sections -fdata-sections -Wall -fshort-enums -fshort-wchar -funsigned-char -mcmse -Wall -Wno-format -Wno-return-type -fstack-usage -MMD -MP -MF"Drivers/STM32L5xx_HAL_Driver/stm32l5xx_hal_dma_ex.d" -MT"Drivers/STM32L5xx_HAL_Driver/stm32l5xx_hal_dma_ex.o" --specs=nano.specs -mfpu=fpv5-sp-d16 -mfloat-abi=hard -mthumb -o "Drivers/STM32L5xx_HAL_Driver/stm32l5xx_hal_dma_ex.o"
arm-none-eabi-gcc "/home/windy/Softwareprojekt/Drivers/STM32L5xx_HAL_Driver/Src/stm32l5xx_hal_exti.c" -mcpu=cortex-m33 -g3 -DTFM_DEV_MODE -DNDEBUG '-D__ARM_FEATURE_CMSE=3' -DSTM32L552xx -DUSE_HAL_DRIVER -DMCUBOOT_SIGN_RSA '-DMCUBOOT_SIGN_RSA_LEN=3072' -DMCUBOOT_VALIDATE_PRIMARY_SLOT -DBL2 -DMCUBOOT_OVERWRITE_ONLY -DMCUBOOT_USE_FLASH_AREA_GET_SECTORS '-DMCUBOOT_TARGET_CONFIG=<flash_layout.h>' '-DMBEDTLS_CONFIG_FILE=<config-boot.h>' '-DMCUBOOT_IMAGE_NUMBER=2' -D__thumb2__ -c -I../../Inc -I../../../../../Drivers/CMSIS/Include -I../../../../../Drivers/CMSIS/Device/ST/STM32L5xx/Include -I../../../../../Drivers/STM32L5xx_HAL_Driver/Inc -I../../../../../Drivers/BSP/STM32L562E-DK -I../../../Linker -I../../../../../Middlewares/Third_Party/mbedtls/include -I../../../../../Middlewares/Third_Party/mbedtls/include/mbedtls -I../../../../../Middlewares/Third_Party/trustedfirmware -I../../../../../Middlewares/Third_Party/trustedfirmware/platform/ext/common -I../../../../../Middlewares/Third_Party/trustedfirmware/platform/ext/driver -I../../../../../Middlewares/Third_Party/trustedfirmware/bl2/include -I../../../../../Middlewares/Third_Party/trustedfirmware/bl2/ext/mcuboot -I../../../../../Middlewares/Third_Party/trustedfirmware/bl2/ext/mcuboot/include -I../../../../../Middlewares/Third_Party/trustedfirmware/bl2/ext/mcuboot/bootutil/include -Os -ffunction-sections -fdata-sections -Wall -fshort-enums -fshort-wchar -funsigned-char -mcmse -Wall -Wno-format -Wno-return-type -fstack-usage -MMD -MP -MF"Drivers/STM32L5xx_HAL_Driver/stm32l5xx_hal_exti.d" -MT"Drivers/STM32L5xx_HAL_Driver/stm32l5xx_hal_exti.o" --specs=nano.specs -mfpu=fpv5-sp-d16 -mfloat-abi=hard -mthumb -o "Drivers/STM32L5xx_HAL_Driver/stm32l5xx_hal_exti.o"
arm-none-eabi-gcc "/home/windy/Softwareprojekt/Drivers/STM32L5xx_HAL_Driver/Src/stm32l5xx_hal_flash.c" -mcpu=cortex-m33 -g3 -DTFM_DEV_MODE -DNDEBUG '-D__ARM_FEATURE_CMSE=3' -DSTM32L552xx -DUSE_HAL_DRIVER -DMCUBOOT_SIGN_RSA '-DMCUBOOT_SIGN_RSA_LEN=3072' -DMCUBOOT_VALIDATE_PRIMARY_SLOT -DBL2 -DMCUBOOT_OVERWRITE_ONLY -DMCUBOOT_USE_FLASH_AREA_GET_SECTORS '-DMCUBOOT_TARGET_CONFIG=<flash_layout.h>' '-DMBEDTLS_CONFIG_FILE=<config-boot.h>' '-DMCUBOOT_IMAGE_NUMBER=2' -D__thumb2__ -c -I../../Inc -I../../../../../Drivers/CMSIS/Include -I../../../../../Drivers/CMSIS/Device/ST/STM32L5xx/Include -I../../../../../Drivers/STM32L5xx_HAL_Driver/Inc -I../../../../../Drivers/BSP/STM32L562E-DK -I../../../Linker -I../../../../../Middlewares/Third_Party/mbedtls/include -I../../../../../Middlewares/Third_Party/mbedtls/include/mbedtls -I../../../../../Middlewares/Third_Party/trustedfirmware -I../../../../../Middlewares/Third_Party/trustedfirmware/platform/ext/common -I../../../../../Middlewares/Third_Party/trustedfirmware/platform/ext/driver -I../../../../../Middlewares/Third_Party/trustedfirmware/bl2/include -I../../../../../Middlewares/Third_Party/trustedfirmware/bl2/ext/mcuboot -I../../../../../Middlewares/Third_Party/trustedfirmware/bl2/ext/mcuboot/include -I../../../../../Middlewares/Third_Party/trustedfirmware/bl2/ext/mcuboot/bootutil/include -Os -ffunction-sections -fdata-sections -Wall -fshort-enums -fshort-wchar -funsigned-char -mcmse -Wall -Wno-format -Wno-return-type -fstack-usage -MMD -MP -MF"Drivers/STM32L5xx_HAL_Driver/stm32l5xx_hal_flash.d" -MT"Drivers/STM32L5xx_HAL_Driver/stm32l5xx_hal_flash.o" --specs=nano.specs -mfpu=fpv5-sp-d16 -mfloat-abi=hard -mthumb -o "Drivers/STM32L5xx_HAL_Driver/stm32l5xx_hal_flash.o"
arm-none-eabi-gcc "/home/windy/Softwareprojekt/Drivers/STM32L5xx_HAL_Driver/Src/stm32l5xx_hal_flash_ex.c" -mcpu=cortex-m33 -g3 -DTFM_DEV_MODE -DNDEBUG '-D__ARM_FEATURE_CMSE=3' -DSTM32L552xx -DUSE_HAL_DRIVER -DMCUBOOT_SIGN_RSA '-DMCUBOOT_SIGN_RSA_LEN=3072' -DMCUBOOT_VALIDATE_PRIMARY_SLOT -DBL2 -DMCUBOOT_OVERWRITE_ONLY -DMCUBOOT_USE_FLASH_AREA_GET_SECTORS '-DMCUBOOT_TARGET_CONFIG=<flash_layout.h>' '-DMBEDTLS_CONFIG_FILE=<config-boot.h>' '-DMCUBOOT_IMAGE_NUMBER=2' -D__thumb2__ -c -I../../Inc -I../../../../../Drivers/CMSIS/Include -I../../../../../Drivers/CMSIS/Device/ST/STM32L5xx/Include -I../../../../../Drivers/STM32L5xx_HAL_Driver/Inc -I../../../../../Drivers/BSP/STM32L562E-DK -I../../../Linker -I../../../../../Middlewares/Third_Party/mbedtls/include -I../../../../../Middlewares/Third_Party/mbedtls/include/mbedtls -I../../../../../Middlewares/Third_Party/trustedfirmware -I../../../../../Middlewares/Third_Party/trustedfirmware/platform/ext/common -I../../../../../Middlewares/Third_Party/trustedfirmware/platform/ext/driver -I../../../../../Middlewares/Third_Party/trustedfirmware/bl2/include -I../../../../../Middlewares/Third_Party/trustedfirmware/bl2/ext/mcuboot -I../../../../../Middlewares/Third_Party/trustedfirmware/bl2/ext/mcuboot/include -I../../../../../Middlewares/Third_Party/trustedfirmware/bl2/ext/mcuboot/bootutil/include -Os -ffunction-sections -fdata-sections -Wall -fshort-enums -fshort-wchar -funsigned-char -mcmse -Wall -Wno-format -Wno-return-type -fstack-usage -MMD -MP -MF"Drivers/STM32L5xx_HAL_Driver/stm32l5xx_hal_flash_ex.d" -MT"Drivers/STM32L5xx_HAL_Driver/stm32l5xx_hal_flash_ex.o" --specs=nano.specs -mfpu=fpv5-sp-d16 -mfloat-abi=hard -mthumb -o "Drivers/STM32L5xx_HAL_Driver/stm32l5xx_hal_flash_ex.o"
arm-none-eabi-gcc "/home/windy/Softwareprojekt/Drivers/STM32L5xx_HAL_Driver/Src/stm32l5xx_hal_gpio.c" -mcpu=cortex-m33 -g3 -DTFM_DEV_MODE -DNDEBUG '-D__ARM_FEATURE_CMSE=3' -DSTM32L552xx -DUSE_HAL_DRIVER -DMCUBOOT_SIGN_RSA '-DMCUBOOT_SIGN_RSA_LEN=3072' -DMCUBOOT_VALIDATE_PRIMARY_SLOT -DBL2 -DMCUBOOT_OVERWRITE_ONLY -DMCUBOOT_USE_FLASH_AREA_GET_SECTORS '-DMCUBOOT_TARGET_CONFIG=<flash_layout.h>' '-DMBEDTLS_CONFIG_FILE=<config-boot.h>' '-DMCUBOOT_IMAGE_NUMBER=2' -D__thumb2__ -c -I../../Inc -I../../../../../Drivers/CMSIS/Include -I../../../../../Drivers/CMSIS/Device/ST/STM32L5xx/Include -I../../../../../Drivers/STM32L5xx_HAL_Driver/Inc -I../../../../../Drivers/BSP/STM32L562E-DK -I../../../Linker -I../../../../../Middlewares/Third_Party/mbedtls/include -I../../../../../Middlewares/Third_Party/mbedtls/include/mbedtls -I../../../../../Middlewares/Third_Party/trustedfirmware -I../../../../../Middlewares/Third_Party/trustedfirmware/platform/ext/common -I../../../../../Middlewares/Third_Party/trustedfirmware/platform/ext/driver -I../../../../../Middlewares/Third_Party/trustedfirmware/bl2/include -I../../../../../Middlewares/Third_Party/trustedfirmware/bl2/ext/mcuboot -I../../../../../Middlewares/Third_Party/trustedfirmware/bl2/ext/mcuboot/include -I../../../../../Middlewares/Third_Party/trustedfirmware/bl2/ext/mcuboot/bootutil/include -Os -ffunction-sections -fdata-sections -Wall -fshort-enums -fshort-wchar -funsigned-char -mcmse -Wall -Wno-format -Wno-return-type -fstack-usage -MMD -MP -MF"Drivers/STM32L5xx_HAL_Driver/stm32l5xx_hal_gpio.d" -MT"Drivers/STM32L5xx_HAL_Driver/stm32l5xx_hal_gpio.o" --specs=nano.specs -mfpu=fpv5-sp-d16 -mfloat-abi=hard -mthumb -o "Drivers/STM32L5xx_HAL_Driver/stm32l5xx_hal_gpio.o"
arm-none-eabi-gcc "/home/windy/Softwareprojekt/Drivers/STM32L5xx_HAL_Driver/Src/stm32l5xx_hal_gtzc.c" -mcpu=cortex-m33 -g3 -DTFM_DEV_MODE -DNDEBUG '-D__ARM_FEATURE_CMSE=3' -DSTM32L552xx -DUSE_HAL_DRIVER -DMCUBOOT_SIGN_RSA '-DMCUBOOT_SIGN_RSA_LEN=3072' -DMCUBOOT_VALIDATE_PRIMARY_SLOT -DBL2 -DMCUBOOT_OVERWRITE_ONLY -DMCUBOOT_USE_FLASH_AREA_GET_SECTORS '-DMCUBOOT_TARGET_CONFIG=<flash_layout.h>' '-DMBEDTLS_CONFIG_FILE=<config-boot.h>' '-DMCUBOOT_IMAGE_NUMBER=2' -D__thumb2__ -c -I../../Inc -I../../../../../Drivers/CMSIS/Include -I../../../../../Drivers/CMSIS/Device/ST/STM32L5xx/Include -I../../../../../Drivers/STM32L5xx_HAL_Driver/Inc -I../../../../../Drivers/BSP/STM32L562E-DK -I../../../Linker -I../../../../../Middlewares/Third_Party/mbedtls/include -I../../../../../Middlewares/Third_Party/mbedtls/include/mbedtls -I../../../../../Middlewares/Third_Party/trustedfirmware -I../../../../../Middlewares/Third_Party/trustedfirmware/platform/ext/common -I../../../../../Middlewares/Third_Party/trustedfirmware/platform/ext/driver -I../../../../../Middlewares/Third_Party/trustedfirmware/bl2/include -I../../../../../Middlewares/Third_Party/trustedfirmware/bl2/ext/mcuboot -I../../../../../Middlewares/Third_Party/trustedfirmware/bl2/ext/mcuboot/include -I../../../../../Middlewares/Third_Party/trustedfirmware/bl2/ext/mcuboot/bootutil/include -Os -ffunction-sections -fdata-sections -Wall -fshort-enums -fshort-wchar -funsigned-char -mcmse -Wall -Wno-format -Wno-return-type -fstack-usage -MMD -MP -MF"Drivers/STM32L5xx_HAL_Driver/stm32l5xx_hal_gtzc.d" -MT"Drivers/STM32L5xx_HAL_Driver/stm32l5xx_hal_gtzc.o" --specs=nano.specs -mfpu=fpv5-sp-d16 -mfloat-abi=hard -mthumb -o "Drivers/STM32L5xx_HAL_Driver/stm32l5xx_hal_gtzc.o"
arm-none-eabi-gcc "/home/windy/Softwareprojekt/Drivers/STM32L5xx_HAL_Driver/Src/stm32l5xx_hal_hash.c" -mcpu=cortex-m33 -g3 -DTFM_DEV_MODE -DNDEBUG '-D__ARM_FEATURE_CMSE=3' -DSTM32L552xx -DUSE_HAL_DRIVER -DMCUBOOT_SIGN_RSA '-DMCUBOOT_SIGN_RSA_LEN=3072' -DMCUBOOT_VALIDATE_PRIMARY_SLOT -DBL2 -DMCUBOOT_OVERWRITE_ONLY -DMCUBOOT_USE_FLASH_AREA_GET_SECTORS '-DMCUBOOT_TARGET_CONFIG=<flash_layout.h>' '-DMBEDTLS_CONFIG_FILE=<config-boot.h>' '-DMCUBOOT_IMAGE_NUMBER=2' -D__thumb2__ -c -I../../Inc -I../../../../../Drivers/CMSIS/Include -I../../../../../Drivers/CMSIS/Device/ST/STM32L5xx/Include -I../../../../../Drivers/STM32L5xx_HAL_Driver/Inc -I../../../../../Drivers/BSP/STM32L562E-DK -I../../../Linker -I../../../../../Middlewares/Third_Party/mbedtls/include -I../../../../../Middlewares/Third_Party/mbedtls/include/mbedtls -I../../../../../Middlewares/Third_Party/trustedfirmware -I../../../../../Middlewares/Third_Party/trustedfirmware/platform/ext/common -I../../../../../Middlewares/Third_Party/trustedfirmware/platform/ext/driver -I../../../../../Middlewares/Third_Party/trustedfirmware/bl2/include -I../../../../../Middlewares/Third_Party/trustedfirmware/bl2/ext/mcuboot -I../../../../../Middlewares/Third_Party/trustedfirmware/bl2/ext/mcuboot/include -I../../../../../Middlewares/Third_Party/trustedfirmware/bl2/ext/mcuboot/bootutil/include -Os -ffunction-sections -fdata-sections -Wall -fshort-enums -fshort-wchar -funsigned-char -mcmse -Wall -Wno-format -Wno-return-type -fstack-usage -MMD -MP -MF"Drivers/STM32L5xx_HAL_Driver/stm32l5xx_hal_hash.d" -MT"Drivers/STM32L5xx_HAL_Driver/stm32l5xx_hal_hash.o" --specs=nano.specs -mfpu=fpv5-sp-d16 -mfloat-abi=hard -mthumb -o "Drivers/STM32L5xx_HAL_Driver/stm32l5xx_hal_hash.o"
arm-none-eabi-gcc "/home/windy/Softwareprojekt/Drivers/STM32L5xx_HAL_Driver/Src/stm32l5xx_hal_hash_ex.c" -mcpu=cortex-m33 -g3 -DTFM_DEV_MODE -DNDEBUG '-D__ARM_FEATURE_CMSE=3' -DSTM32L552xx -DUSE_HAL_DRIVER -DMCUBOOT_SIGN_RSA '-DMCUBOOT_SIGN_RSA_LEN=3072' -DMCUBOOT_VALIDATE_PRIMARY_SLOT -DBL2 -DMCUBOOT_OVERWRITE_ONLY -DMCUBOOT_USE_FLASH_AREA_GET_SECTORS '-DMCUBOOT_TARGET_CONFIG=<flash_layout.h>' '-DMBEDTLS_CONFIG_FILE=<config-boot.h>' '-DMCUBOOT_IMAGE_NUMBER=2' -D__thumb2__ -c -I../../Inc -I../../../../../Drivers/CMSIS/Include -I../../../../../Drivers/CMSIS/Device/ST/STM32L5xx/Include -I../../../../../Drivers/STM32L5xx_HAL_Driver/Inc -I../../../../../Drivers/BSP/STM32L562E-DK -I../../../Linker -I../../../../../Middlewares/Third_Party/mbedtls/include -I../../../../../Middlewares/Third_Party/mbedtls/include/mbedtls -I../../../../../Middlewares/Third_Party/trustedfirmware -I../../../../../Middlewares/Third_Party/trustedfirmware/platform/ext/common -I../../../../../Middlewares/Third_Party/trustedfirmware/platform/ext/driver -I../../../../../Middlewares/Third_Party/trustedfirmware/bl2/include -I../../../../../Middlewares/Third_Party/trustedfirmware/bl2/ext/mcuboot -I../../../../../Middlewares/Third_Party/trustedfirmware/bl2/ext/mcuboot/include -I../../../../../Middlewares/Third_Party/trustedfirmware/bl2/ext/mcuboot/bootutil/include -Os -ffunction-sections -fdata-sections -Wall -fshort-enums -fshort-wchar -funsigned-char -mcmse -Wall -Wno-format -Wno-return-type -fstack-usage -MMD -MP -MF"Drivers/STM32L5xx_HAL_Driver/stm32l5xx_hal_hash_ex.d" -MT"Drivers/STM32L5xx_HAL_Driver/stm32l5xx_hal_hash_ex.o" --specs=nano.specs -mfpu=fpv5-sp-d16 -mfloat-abi=hard -mthumb -o "Drivers/STM32L5xx_HAL_Driver/stm32l5xx_hal_hash_ex.o"
arm-none-eabi-gcc "/home/windy/Softwareprojekt/Drivers/STM32L5xx_HAL_Driver/Src/stm32l5xx_hal_pwr.c" -mcpu=cortex-m33 -g3 -DTFM_DEV_MODE -DNDEBUG '-D__ARM_FEATURE_CMSE=3' -DSTM32L552xx -DUSE_HAL_DRIVER -DMCUBOOT_SIGN_RSA '-DMCUBOOT_SIGN_RSA_LEN=3072' -DMCUBOOT_VALIDATE_PRIMARY_SLOT -DBL2 -DMCUBOOT_OVERWRITE_ONLY -DMCUBOOT_USE_FLASH_AREA_GET_SECTORS '-DMCUBOOT_TARGET_CONFIG=<flash_layout.h>' '-DMBEDTLS_CONFIG_FILE=<config-boot.h>' '-DMCUBOOT_IMAGE_NUMBER=2' -D__thumb2__ -c -I../../Inc -I../../../../../Drivers/CMSIS/Include -I../../../../../Drivers/CMSIS/Device/ST/STM32L5xx/Include -I../../../../../Drivers/STM32L5xx_HAL_Driver/Inc -I../../../../../Drivers/BSP/STM32L562E-DK -I../../../Linker -I../../../../../Middlewares/Third_Party/mbedtls/include -I../../../../../Middlewares/Third_Party/mbedtls/include/mbedtls -I../../../../../Middlewares/Third_Party/trustedfirmware -I../../../../../Middlewares/Third_Party/trustedfirmware/platform/ext/common -I../../../../../Middlewares/Third_Party/trustedfirmware/platform/ext/driver -I../../../../../Middlewares/Third_Party/trustedfirmware/bl2/include -I../../../../../Middlewares/Third_Party/trustedfirmware/bl2/ext/mcuboot -I../../../../../Middlewares/Third_Party/trustedfirmware/bl2/ext/mcuboot/include -I../../../../../Middlewares/Third_Party/trustedfirmware/bl2/ext/mcuboot/bootutil/include -Os -ffunction-sections -fdata-sections -Wall -fshort-enums -fshort-wchar -funsigned-char -mcmse -Wall -Wno-format -Wno-return-type -fstack-usage -MMD -MP -MF"Drivers/STM32L5xx_HAL_Driver/stm32l5xx_hal_pwr.d" -MT"Drivers/STM32L5xx_HAL_Driver/stm32l5xx_hal_pwr.o" --specs=nano.specs -mfpu=fpv5-sp-d16 -mfloat-abi=hard -mthumb -o "Drivers/STM32L5xx_HAL_Driver/stm32l5xx_hal_pwr.o"
arm-none-eabi-gcc "/home/windy/Softwareprojekt/Drivers/STM32L5xx_HAL_Driver/Src/stm32l5xx_hal_pwr_ex.c" -mcpu=cortex-m33 -g3 -DTFM_DEV_MODE -DNDEBUG '-D__ARM_FEATURE_CMSE=3' -DSTM32L552xx -DUSE_HAL_DRIVER -DMCUBOOT_SIGN_RSA '-DMCUBOOT_SIGN_RSA_LEN=3072' -DMCUBOOT_VALIDATE_PRIMARY_SLOT -DBL2 -DMCUBOOT_OVERWRITE_ONLY -DMCUBOOT_USE_FLASH_AREA_GET_SECTORS '-DMCUBOOT_TARGET_CONFIG=<flash_layout.h>' '-DMBEDTLS_CONFIG_FILE=<config-boot.h>' '-DMCUBOOT_IMAGE_NUMBER=2' -D__thumb2__ -c -I../../Inc -I../../../../../Drivers/CMSIS/Include -I../../../../../Drivers/CMSIS/Device/ST/STM32L5xx/Include -I../../../../../Drivers/STM32L5xx_HAL_Driver/Inc -I../../../../../Drivers/BSP/STM32L562E-DK -I../../../Linker -I../../../../../Middlewares/Third_Party/mbedtls/include -I../../../../../Middlewares/Third_Party/mbedtls/include/mbedtls -I../../../../../Middlewares/Third_Party/trustedfirmware -I../../../../../Middlewares/Third_Party/trustedfirmware/platform/ext/common -I../../../../../Middlewares/Third_Party/trustedfirmware/platform/ext/driver -I../../../../../Middlewares/Third_Party/trustedfirmware/bl2/include -I../../../../../Middlewares/Third_Party/trustedfirmware/bl2/ext/mcuboot -I../../../../../Middlewares/Third_Party/trustedfirmware/bl2/ext/mcuboot/include -I../../../../../Middlewares/Third_Party/trustedfirmware/bl2/ext/mcuboot/bootutil/include -Os -ffunction-sections -fdata-sections -Wall -fshort-enums -fshort-wchar -funsigned-char -mcmse -Wall -Wno-format -Wno-return-type -fstack-usage -MMD -MP -MF"Drivers/STM32L5xx_HAL_Driver/stm32l5xx_hal_pwr_ex.d" -MT"Drivers/STM32L5xx_HAL_Driver/stm32l5xx_hal_pwr_ex.o" --specs=nano.specs -mfpu=fpv5-sp-d16 -mfloat-abi=hard -mthumb -o "Drivers/STM32L5xx_HAL_Driver/stm32l5xx_hal_pwr_ex.o"
arm-none-eabi-gcc "/home/windy/Softwareprojekt/Drivers/STM32L5xx_HAL_Driver/Src/stm32l5xx_hal_rcc.c" -mcpu=cortex-m33 -g3 -DTFM_DEV_MODE -DNDEBUG '-D__ARM_FEATURE_CMSE=3' -DSTM32L552xx -DUSE_HAL_DRIVER -DMCUBOOT_SIGN_RSA '-DMCUBOOT_SIGN_RSA_LEN=3072' -DMCUBOOT_VALIDATE_PRIMARY_SLOT -DBL2 -DMCUBOOT_OVERWRITE_ONLY -DMCUBOOT_USE_FLASH_AREA_GET_SECTORS '-DMCUBOOT_TARGET_CONFIG=<flash_layout.h>' '-DMBEDTLS_CONFIG_FILE=<config-boot.h>' '-DMCUBOOT_IMAGE_NUMBER=2' -D__thumb2__ -c -I../../Inc -I../../../../../Drivers/CMSIS/Include -I../../../../../Drivers/CMSIS/Device/ST/STM32L5xx/Include -I../../../../../Drivers/STM32L5xx_HAL_Driver/Inc -I../../../../../Drivers/BSP/STM32L562E-DK -I../../../Linker -I../../../../../Middlewares/Third_Party/mbedtls/include -I../../../../../Middlewares/Third_Party/mbedtls/include/mbedtls -I../../../../../Middlewares/Third_Party/trustedfirmware -I../../../../../Middlewares/Third_Party/trustedfirmware/platform/ext/common -I../../../../../Middlewares/Third_Party/trustedfirmware/platform/ext/driver -I../../../../../Middlewares/Third_Party/trustedfirmware/bl2/include -I../../../../../Middlewares/Third_Party/trustedfirmware/bl2/ext/mcuboot -I../../../../../Middlewares/Third_Party/trustedfirmware/bl2/ext/mcuboot/include -I../../../../../Middlewares/Third_Party/trustedfirmware/bl2/ext/mcuboot/bootutil/include -Os -ffunction-sections -fdata-sections -Wall -fshort-enums -fshort-wchar -funsigned-char -mcmse -Wall -Wno-format -Wno-return-type -fstack-usage -MMD -MP -MF"Drivers/STM32L5xx_HAL_Driver/stm32l5xx_hal_rcc.d" -MT"Drivers/STM32L5xx_HAL_Driver/stm32l5xx_hal_rcc.o" --specs=nano.specs -mfpu=fpv5-sp-d16 -mfloat-abi=hard -mthumb -o "Drivers/STM32L5xx_HAL_Driver/stm32l5xx_hal_rcc.o"
arm-none-eabi-gcc "/home/windy/Softwareprojekt/Drivers/STM32L5xx_HAL_Driver/Src/stm32l5xx_hal_rcc_ex.c" -mcpu=cortex-m33 -g3 -DTFM_DEV_MODE -DNDEBUG '-D__ARM_FEATURE_CMSE=3' -DSTM32L552xx -DUSE_HAL_DRIVER -DMCUBOOT_SIGN_RSA '-DMCUBOOT_SIGN_RSA_LEN=3072' -DMCUBOOT_VALIDATE_PRIMARY_SLOT -DBL2 -DMCUBOOT_OVERWRITE_ONLY -DMCUBOOT_USE_FLASH_AREA_GET_SECTORS '-DMCUBOOT_TARGET_CONFIG=<flash_layout.h>' '-DMBEDTLS_CONFIG_FILE=<config-boot.h>' '-DMCUBOOT_IMAGE_NUMBER=2' -D__thumb2__ -c -I../../Inc -I../../../../../Drivers/CMSIS/Include -I../../../../../Drivers/CMSIS/Device/ST/STM32L5xx/Include -I../../../../../Drivers/STM32L5xx_HAL_Driver/Inc -I../../../../../Drivers/BSP/STM32L562E-DK -I../../../Linker -I../../../../../Middlewares/Third_Party/mbedtls/include -I../../../../../Middlewares/Third_Party/mbedtls/include/mbedtls -I../../../../../Middlewares/Third_Party/trustedfirmware -I../../../../../Middlewares/Third_Party/trustedfirmware/platform/ext/common -I../../../../../Middlewares/Third_Party/trustedfirmware/platform/ext/driver -I../../../../../Middlewares/Third_Party/trustedfirmware/bl2/include -I../../../../../Middlewares/Third_Party/trustedfirmware/bl2/ext/mcuboot -I../../../../../Middlewares/Third_Party/trustedfirmware/bl2/ext/mcuboot/include -I../../../../../Middlewares/Third_Party/trustedfirmware/bl2/ext/mcuboot/bootutil/include -Os -ffunction-sections -fdata-sections -Wall -fshort-enums -fshort-wchar -funsigned-char -mcmse -Wall -Wno-format -Wno-return-type -fstack-usage -MMD -MP -MF"Drivers/STM32L5xx_HAL_Driver/stm32l5xx_hal_rcc_ex.d" -MT"Drivers/STM32L5xx_HAL_Driver/stm32l5xx_hal_rcc_ex.o" --specs=nano.specs -mfpu=fpv5-sp-d16 -mfloat-abi=hard -mthumb -o "Drivers/STM32L5xx_HAL_Driver/stm32l5xx_hal_rcc_ex.o"
arm-none-eabi-gcc "/home/windy/Softwareprojekt/Drivers/STM32L5xx_HAL_Driver/Src/stm32l5xx_hal_rng.c" -mcpu=cortex-m33 -g3 -DTFM_DEV_MODE -DNDEBUG '-D__ARM_FEATURE_CMSE=3' -DSTM32L552xx -DUSE_HAL_DRIVER -DMCUBOOT_SIGN_RSA '-DMCUBOOT_SIGN_RSA_LEN=3072' -DMCUBOOT_VALIDATE_PRIMARY_SLOT -DBL2 -DMCUBOOT_OVERWRITE_ONLY -DMCUBOOT_USE_FLASH_AREA_GET_SECTORS '-DMCUBOOT_TARGET_CONFIG=<flash_layout.h>' '-DMBEDTLS_CONFIG_FILE=<config-boot.h>' '-DMCUBOOT_IMAGE_NUMBER=2' -D__thumb2__ -c -I../../Inc -I../../../../../Drivers/CMSIS/Include -I../../../../../Drivers/CMSIS/Device/ST/STM32L5xx/Include -I../../../../../Drivers/STM32L5xx_HAL_Driver/Inc -I../../../../../Drivers/BSP/STM32L562E-DK -I../../../Linker -I../../../../../Middlewares/Third_Party/mbedtls/include -I../../../../../Middlewares/Third_Party/mbedtls/include/mbedtls -I../../../../../Middlewares/Third_Party/trustedfirmware -I../../../../../Middlewares/Third_Party/trustedfirmware/platform/ext/common -I../../../../../Middlewares/Third_Party/trustedfirmware/platform/ext/driver -I../../../../../Middlewares/Third_Party/trustedfirmware/bl2/include -I../../../../../Middlewares/Third_Party/trustedfirmware/bl2/ext/mcuboot -I../../../../../Middlewares/Third_Party/trustedfirmware/bl2/ext/mcuboot/include -I../../../../../Middlewares/Third_Party/trustedfirmware/bl2/ext/mcuboot/bootutil/include -Os -ffunction-sections -fdata-sections -Wall -fshort-enums -fshort-wchar -funsigned-char -mcmse -Wall -Wno-format -Wno-return-type -fstack-usage -MMD -MP -MF"Drivers/STM32L5xx_HAL_Driver/stm32l5xx_hal_rng.d" -MT"Drivers/STM32L5xx_HAL_Driver/stm32l5xx_hal_rng.o" --specs=nano.specs -mfpu=fpv5-sp-d16 -mfloat-abi=hard -mthumb -o "Drivers/STM32L5xx_HAL_Driver/stm32l5xx_hal_rng.o"
arm-none-eabi-gcc "/home/windy/Softwareprojekt/Drivers/STM32L5xx_HAL_Driver/Src/stm32l5xx_hal_rng_ex.c" -mcpu=cortex-m33 -g3 -DTFM_DEV_MODE -DNDEBUG '-D__ARM_FEATURE_CMSE=3' -DSTM32L552xx -DUSE_HAL_DRIVER -DMCUBOOT_SIGN_RSA '-DMCUBOOT_SIGN_RSA_LEN=3072' -DMCUBOOT_VALIDATE_PRIMARY_SLOT -DBL2 -DMCUBOOT_OVERWRITE_ONLY -DMCUBOOT_USE_FLASH_AREA_GET_SECTORS '-DMCUBOOT_TARGET_CONFIG=<flash_layout.h>' '-DMBEDTLS_CONFIG_FILE=<config-boot.h>' '-DMCUBOOT_IMAGE_NUMBER=2' -D__thumb2__ -c -I../../Inc -I../../../../../Drivers/CMSIS/Include -I../../../../../Drivers/CMSIS/Device/ST/STM32L5xx/Include -I../../../../../Drivers/STM32L5xx_HAL_Driver/Inc -I../../../../../Drivers/BSP/STM32L562E-DK -I../../../Linker -I../../../../../Middlewares/Third_Party/mbedtls/include -I../../../../../Middlewares/Third_Party/mbedtls/include/mbedtls -I../../../../../Middlewares/Third_Party/trustedfirmware -I../../../../../Middlewares/Third_Party/trustedfirmware/platform/ext/common -I../../../../../Middlewares/Third_Party/trustedfirmware/platform/ext/driver -I../../../../../Middlewares/Third_Party/trustedfirmware/bl2/include -I../../../../../Middlewares/Third_Party/trustedfirmware/bl2/ext/mcuboot -I../../../../../Middlewares/Third_Party/trustedfirmware/bl2/ext/mcuboot/include -I../../../../../Middlewares/Third_Party/trustedfirmware/bl2/ext/mcuboot/bootutil/include -Os -ffunction-sections -fdata-sections -Wall -fshort-enums -fshort-wchar -funsigned-char -mcmse -Wall -Wno-format -Wno-return-type -fstack-usage -MMD -MP -MF"Drivers/STM32L5xx_HAL_Driver/stm32l5xx_hal_rng_ex.d" -MT"Drivers/STM32L5xx_HAL_Driver/stm32l5xx_hal_rng_ex.o" --specs=nano.specs -mfpu=fpv5-sp-d16 -mfloat-abi=hard -mthumb -o "Drivers/STM32L5xx_HAL_Driver/stm32l5xx_hal_rng_ex.o"
arm-none-eabi-gcc "/home/windy/Softwareprojekt/Drivers/STM32L5xx_HAL_Driver/Src/stm32l5xx_hal_rtc.c" -mcpu=cortex-m33 -g3 -DTFM_DEV_MODE -DNDEBUG '-D__ARM_FEATURE_CMSE=3' -DSTM32L552xx -DUSE_HAL_DRIVER -DMCUBOOT_SIGN_RSA '-DMCUBOOT_SIGN_RSA_LEN=3072' -DMCUBOOT_VALIDATE_PRIMARY_SLOT -DBL2 -DMCUBOOT_OVERWRITE_ONLY -DMCUBOOT_USE_FLASH_AREA_GET_SECTORS '-DMCUBOOT_TARGET_CONFIG=<flash_layout.h>' '-DMBEDTLS_CONFIG_FILE=<config-boot.h>' '-DMCUBOOT_IMAGE_NUMBER=2' -D__thumb2__ -c -I../../Inc -I../../../../../Drivers/CMSIS/Include -I../../../../../Drivers/CMSIS/Device/ST/STM32L5xx/Include -I../../../../../Drivers/STM32L5xx_HAL_Driver/Inc -I../../../../../Drivers/BSP/STM32L562E-DK -I../../../Linker -I../../../../../Middlewares/Third_Party/mbedtls/include -I../../../../../Middlewares/Third_Party/mbedtls/include/mbedtls -I../../../../../Middlewares/Third_Party/trustedfirmware -I../../../../../Middlewares/Third_Party/trustedfirmware/platform/ext/common -I../../../../../Middlewares/Third_Party/trustedfirmware/platform/ext/driver -I../../../../../Middlewares/Third_Party/trustedfirmware/bl2/include -I../../../../../Middlewares/Third_Party/trustedfirmware/bl2/ext/mcuboot -I../../../../../Middlewares/Third_Party/trustedfirmware/bl2/ext/mcuboot/include -I../../../../../Middlewares/Third_Party/trustedfirmware/bl2/ext/mcuboot/bootutil/include -Os -ffunction-sections -fdata-sections -Wall -fshort-enums -fshort-wchar -funsigned-char -mcmse -Wall -Wno-format -Wno-return-type -fstack-usage -MMD -MP -MF"Drivers/STM32L5xx_HAL_Driver/stm32l5xx_hal_rtc.d" -MT"Drivers/STM32L5xx_HAL_Driver/stm32l5xx_hal_rtc.o" --specs=nano.specs -mfpu=fpv5-sp-d16 -mfloat-abi=hard -mthumb -o "Drivers/STM32L5xx_HAL_Driver/stm32l5xx_hal_rtc.o"
arm-none-eabi-gcc "/home/windy/Softwareprojekt/Drivers/STM32L5xx_HAL_Driver/Src/stm32l5xx_hal_rtc_ex.c" -mcpu=cortex-m33 -g3 -DTFM_DEV_MODE -DNDEBUG '-D__ARM_FEATURE_CMSE=3' -DSTM32L552xx -DUSE_HAL_DRIVER -DMCUBOOT_SIGN_RSA '-DMCUBOOT_SIGN_RSA_LEN=3072' -DMCUBOOT_VALIDATE_PRIMARY_SLOT -DBL2 -DMCUBOOT_OVERWRITE_ONLY -DMCUBOOT_USE_FLASH_AREA_GET_SECTORS '-DMCUBOOT_TARGET_CONFIG=<flash_layout.h>' '-DMBEDTLS_CONFIG_FILE=<config-boot.h>' '-DMCUBOOT_IMAGE_NUMBER=2' -D__thumb2__ -c -I../../Inc -I../../../../../Drivers/CMSIS/Include -I../../../../../Drivers/CMSIS/Device/ST/STM32L5xx/Include -I../../../../../Drivers/STM32L5xx_HAL_Driver/Inc -I../../../../../Drivers/BSP/STM32L562E-DK -I../../../Linker -I../../../../../Middlewares/Third_Party/mbedtls/include -I../../../../../Middlewares/Third_Party/mbedtls/include/mbedtls -I../../../../../Middlewares/Third_Party/trustedfirmware -I../../../../../Middlewares/Third_Party/trustedfirmware/platform/ext/common -I../../../../../Middlewares/Third_Party/trustedfirmware/platform/ext/driver -I../../../../../Middlewares/Third_Party/trustedfirmware/bl2/include -I../../../../../Middlewares/Third_Party/trustedfirmware/bl2/ext/mcuboot -I../../../../../Middlewares/Third_Party/trustedfirmware/bl2/ext/mcuboot/include -I../../../../../Middlewares/Third_Party/trustedfirmware/bl2/ext/mcuboot/bootutil/include -Os -ffunction-sections -fdata-sections -Wall -fshort-enums -fshort-wchar -funsigned-char -mcmse -Wall -Wno-format -Wno-return-type -fstack-usage -MMD -MP -MF"Drivers/STM32L5xx_HAL_Driver/stm32l5xx_hal_rtc_ex.d" -MT"Drivers/STM32L5xx_HAL_Driver/stm32l5xx_hal_rtc_ex.o" --specs=nano.specs -mfpu=fpv5-sp-d16 -mfloat-abi=hard -mthumb -o "Drivers/STM32L5xx_HAL_Driver/stm32l5xx_hal_rtc_ex.o"
arm-none-eabi-gcc "/home/windy/Softwareprojekt/Drivers/STM32L5xx_HAL_Driver/Src/stm32l5xx_hal_uart.c" -mcpu=cortex-m33 -g3 -DTFM_DEV_MODE -DNDEBUG '-D__ARM_FEATURE_CMSE=3' -DSTM32L552xx -DUSE_HAL_DRIVER -DMCUBOOT_SIGN_RSA '-DMCUBOOT_SIGN_RSA_LEN=3072' -DMCUBOOT_VALIDATE_PRIMARY_SLOT -DBL2 -DMCUBOOT_OVERWRITE_ONLY -DMCUBOOT_USE_FLASH_AREA_GET_SECTORS '-DMCUBOOT_TARGET_CONFIG=<flash_layout.h>' '-DMBEDTLS_CONFIG_FILE=<config-boot.h>' '-DMCUBOOT_IMAGE_NUMBER=2' -D__thumb2__ -c -I../../Inc -I../../../../../Drivers/CMSIS/Include -I../../../../../Drivers/CMSIS/Device/ST/STM32L5xx/Include -I../../../../../Drivers/STM32L5xx_HAL_Driver/Inc -I../../../../../Drivers/BSP/STM32L562E-DK -I../../../Linker -I../../../../../Middlewares/Third_Party/mbedtls/include -I../../../../../Middlewares/Third_Party/mbedtls/include/mbedtls -I../../../../../Middlewares/Third_Party/trustedfirmware -I../../../../../Middlewares/Third_Party/trustedfirmware/platform/ext/common -I../../../../../Middlewares/Third_Party/trustedfirmware/platform/ext/driver -I../../../../../Middlewares/Third_Party/trustedfirmware/bl2/include -I../../../../../Middlewares/Third_Party/trustedfirmware/bl2/ext/mcuboot -I../../../../../Middlewares/Third_Party/trustedfirmware/bl2/ext/mcuboot/include -I../../../../../Middlewares/Third_Party/trustedfirmware/bl2/ext/mcuboot/bootutil/include -Os -ffunction-sections -fdata-sections -Wall -fshort-enums -fshort-wchar -funsigned-char -mcmse -Wall -Wno-format -Wno-return-type -fstack-usage -MMD -MP -MF"Drivers/STM32L5xx_HAL_Driver/stm32l5xx_hal_uart.d" -MT"Drivers/STM32L5xx_HAL_Driver/stm32l5xx_hal_uart.o" --specs=nano.specs -mfpu=fpv5-sp-d16 -mfloat-abi=hard -mthumb -o "Drivers/STM32L5xx_HAL_Driver/stm32l5xx_hal_uart.o"
arm-none-eabi-gcc "/home/windy/Softwareprojekt/Drivers/STM32L5xx_HAL_Driver/Src/stm32l5xx_hal_uart_ex.c" -mcpu=cortex-m33 -g3 -DTFM_DEV_MODE -DNDEBUG '-D__ARM_FEATURE_CMSE=3' -DSTM32L552xx -DUSE_HAL_DRIVER -DMCUBOOT_SIGN_RSA '-DMCUBOOT_SIGN_RSA_LEN=3072' -DMCUBOOT_VALIDATE_PRIMARY_SLOT -DBL2 -DMCUBOOT_OVERWRITE_ONLY -DMCUBOOT_USE_FLASH_AREA_GET_SECTORS '-DMCUBOOT_TARGET_CONFIG=<flash_layout.h>' '-DMBEDTLS_CONFIG_FILE=<config-boot.h>' '-DMCUBOOT_IMAGE_NUMBER=2' -D__thumb2__ -c -I../../Inc -I../../../../../Drivers/CMSIS/Include -I../../../../../Drivers/CMSIS/Device/ST/STM32L5xx/Include -I../../../../../Drivers/STM32L5xx_HAL_Driver/Inc -I../../../../../Drivers/BSP/STM32L562E-DK -I../../../Linker -I../../../../../Middlewares/Third_Party/mbedtls/include -I../../../../../Middlewares/Third_Party/mbedtls/include/mbedtls -I../../../../../Middlewares/Third_Party/trustedfirmware -I../../../../../Middlewares/Third_Party/trustedfirmware/platform/ext/common -I../../../../../Middlewares/Third_Party/trustedfirmware/platform/ext/driver -I../../../../../Middlewares/Third_Party/trustedfirmware/bl2/include -I../../../../../Middlewares/Third_Party/trustedfirmware/bl2/ext/mcuboot -I../../../../../Middlewares/Third_Party/trustedfirmware/bl2/ext/mcuboot/include -I../../../../../Middlewares/Third_Party/trustedfirmware/bl2/ext/mcuboot/bootutil/include -Os -ffunction-sections -fdata-sections -Wall -fshort-enums -fshort-wchar -funsigned-char -mcmse -Wall -Wno-format -Wno-return-type -fstack-usage -MMD -MP -MF"Drivers/STM32L5xx_HAL_Driver/stm32l5xx_hal_uart_ex.d" -MT"Drivers/STM32L5xx_HAL_Driver/stm32l5xx_hal_uart_ex.o" --specs=nano.specs -mfpu=fpv5-sp-d16 -mfloat-abi=hard -mthumb -o "Drivers/STM32L5xx_HAL_Driver/stm32l5xx_hal_uart_ex.o"
arm-none-eabi-gcc "/home/windy/Softwareprojekt/Drivers/STM32L5xx_HAL_Driver/Src/stm32l5xx_ll_rcc.c" -mcpu=cortex-m33 -g3 -DTFM_DEV_MODE -DNDEBUG '-D__ARM_FEATURE_CMSE=3' -DSTM32L552xx -DUSE_HAL_DRIVER -DMCUBOOT_SIGN_RSA '-DMCUBOOT_SIGN_RSA_LEN=3072' -DMCUBOOT_VALIDATE_PRIMARY_SLOT -DBL2 -DMCUBOOT_OVERWRITE_ONLY -DMCUBOOT_USE_FLASH_AREA_GET_SECTORS '-DMCUBOOT_TARGET_CONFIG=<flash_layout.h>' '-DMBEDTLS_CONFIG_FILE=<config-boot.h>' '-DMCUBOOT_IMAGE_NUMBER=2' -D__thumb2__ -c -I../../Inc -I../../../../../Drivers/CMSIS/Include -I../../../../../Drivers/CMSIS/Device/ST/STM32L5xx/Include -I../../../../../Drivers/STM32L5xx_HAL_Driver/Inc -I../../../../../Drivers/BSP/STM32L562E-DK -I../../../Linker -I../../../../../Middlewares/Third_Party/mbedtls/include -I../../../../../Middlewares/Third_Party/mbedtls/include/mbedtls -I../../../../../Middlewares/Third_Party/trustedfirmware -I../../../../../Middlewares/Third_Party/trustedfirmware/platform/ext/common -I../../../../../Middlewares/Third_Party/trustedfirmware/platform/ext/driver -I../../../../../Middlewares/Third_Party/trustedfirmware/bl2/include -I../../../../../Middlewares/Third_Party/trustedfirmware/bl2/ext/mcuboot -I../../../../../Middlewares/Third_Party/trustedfirmware/bl2/ext/mcuboot/include -I../../../../../Middlewares/Third_Party/trustedfirmware/bl2/ext/mcuboot/bootutil/include -Os -ffunction-sections -fdata-sections -Wall -fshort-enums -fshort-wchar -funsigned-char -mcmse -Wall -Wno-format -Wno-return-type -fstack-usage -MMD -MP -MF"Drivers/STM32L5xx_HAL_Driver/stm32l5xx_ll_rcc.d" -MT"Drivers/STM32L5xx_HAL_Driver/stm32l5xx_ll_rcc.o" --specs=nano.specs -mfpu=fpv5-sp-d16 -mfloat-abi=hard -mthumb -o "Drivers/STM32L5xx_HAL_Driver/stm32l5xx_ll_rcc.o"
arm-none-eabi-gcc "/home/windy/Softwareprojekt/Projects/TFM/TFM_SBSFU_Boot/Src/bl2_nv_services.c" -mcpu=cortex-m33 -g3 -DTFM_DEV_MODE -DNDEBUG '-D__ARM_FEATURE_CMSE=3' -DSTM32L552xx -DUSE_HAL_DRIVER -DMCUBOOT_SIGN_RSA '-DMCUBOOT_SIGN_RSA_LEN=3072' -DMCUBOOT_VALIDATE_PRIMARY_SLOT -DBL2 -DMCUBOOT_OVERWRITE_ONLY -DMCUBOOT_USE_FLASH_AREA_GET_SECTORS '-DMCUBOOT_TARGET_CONFIG=<flash_layout.h>' '-DMBEDTLS_CONFIG_FILE=<config-boot.h>' '-DMCUBOOT_IMAGE_NUMBER=2' -D__thumb2__ -c -I../../Inc -I../../../../../Drivers/CMSIS/Include -I../../../../../Drivers/CMSIS/Device/ST/STM32L5xx/Include -I../../../../../Drivers/STM32L5xx_HAL_Driver/Inc -I../../../../../Drivers/BSP/STM32L562E-DK -I../../../Linker -I../../../../../Middlewares/Third_Party/mbedtls/include -I../../../../../Middlewares/Third_Party/mbedtls/include/mbedtls -I../../../../../Middlewares/Third_Party/trustedfirmware -I../../../../../Middlewares/Third_Party/trustedfirmware/platform/ext/common -I../../../../../Middlewares/Third_Party/trustedfirmware/platform/ext/driver -I../../../../../Middlewares/Third_Party/trustedfirmware/bl2/include -I../../../../../Middlewares/Third_Party/trustedfirmware/bl2/ext/mcuboot -I../../../../../Middlewares/Third_Party/trustedfirmware/bl2/ext/mcuboot/include -I../../../../../Middlewares/Third_Party/trustedfirmware/bl2/ext/mcuboot/bootutil/include -Os -ffunction-sections -fdata-sections -Wall -fshort-enums -fshort-wchar -funsigned-char -mcmse -Wall -Wno-format -Wno-return-type -fstack-usage -MMD -MP -MF"Application/User/bl2_nv_services.d" -MT"Application/User/bl2_nv_services.o" --specs=nano.specs -mfpu=fpv5-sp-d16 -mfloat-abi=hard -mthumb -o "Application/User/bl2_nv_services.o"
arm-none-eabi-gcc "/home/windy/Softwareprojekt/Projects/TFM/TFM_SBSFU_Boot/Src/jumper.c" -mcpu=cortex-m33 -g3 -DTFM_DEV_MODE -DNDEBUG '-D__ARM_FEATURE_CMSE=3' -DSTM32L552xx -DUSE_HAL_DRIVER -DMCUBOOT_SIGN_RSA '-DMCUBOOT_SIGN_RSA_LEN=3072' -DMCUBOOT_VALIDATE_PRIMARY_SLOT -DBL2 -DMCUBOOT_OVERWRITE_ONLY -DMCUBOOT_USE_FLASH_AREA_GET_SECTORS '-DMCUBOOT_TARGET_CONFIG=<flash_layout.h>' '-DMBEDTLS_CONFIG_FILE=<config-boot.h>' '-DMCUBOOT_IMAGE_NUMBER=2' -D__thumb2__ -c -I../../Inc -I../../../../../Drivers/CMSIS/Include -I../../../../../Drivers/CMSIS/Device/ST/STM32L5xx/Include -I../../../../../Drivers/STM32L5xx_HAL_Driver/Inc -I../../../../../Drivers/BSP/STM32L562E-DK -I../../../Linker -I../../../../../Middlewares/Third_Party/mbedtls/include -I../../../../../Middlewares/Third_Party/mbedtls/include/mbedtls -I../../../../../Middlewares/Third_Party/trustedfirmware -I../../../../../Middlewares/Third_Party/trustedfirmware/platform/ext/common -I../../../../../Middlewares/Third_Party/trustedfirmware/platform/ext/driver -I../../../../../Middlewares/Third_Party/trustedfirmware/bl2/include -I../../../../../Middlewares/Third_Party/trustedfirmware/bl2/ext/mcuboot -I../../../../../Middlewares/Third_Party/trustedfirmware/bl2/ext/mcuboot/include -I../../../../../Middlewares/Third_Party/trustedfirmware/bl2/ext/mcuboot/bootutil/include -Os -ffunction-sections -fdata-sections -Wall -fshort-enums -fshort-wchar -funsigned-char -mcmse -Wall -Wno-format -Wno-return-type -fstack-usage -MMD -MP -MF"Application/User/jumper.d" -MT"Application/User/jumper.o" --specs=nano.specs -mfpu=fpv5-sp-d16 -mfloat-abi=hard -mthumb -o "Application/User/jumper.o"
arm-none-eabi-gcc "/home/windy/Softwareprojekt/Projects/TFM/TFM_SBSFU_Boot/Src/low_level_com.c" -mcpu=cortex-m33 -g3 -DTFM_DEV_MODE -DNDEBUG '-D__ARM_FEATURE_CMSE=3' -DSTM32L552xx -DUSE_HAL_DRIVER -DMCUBOOT_SIGN_RSA '-DMCUBOOT_SIGN_RSA_LEN=3072' -DMCUBOOT_VALIDATE_PRIMARY_SLOT -DBL2 -DMCUBOOT_OVERWRITE_ONLY -DMCUBOOT_USE_FLASH_AREA_GET_SECTORS '-DMCUBOOT_TARGET_CONFIG=<flash_layout.h>' '-DMBEDTLS_CONFIG_FILE=<config-boot.h>' '-DMCUBOOT_IMAGE_NUMBER=2' -D__thumb2__ -c -I../../Inc -I../../../../../Drivers/CMSIS/Include -I../../../../../Drivers/CMSIS/Device/ST/STM32L5xx/Include -I../../../../../Drivers/STM32L5xx_HAL_Driver/Inc -I../../../../../Drivers/BSP/STM32L562E-DK -I../../../Linker -I../../../../../Middlewares/Third_Party/mbedtls/include -I../../../../../Middlewares/Third_Party/mbedtls/include/mbedtls -I../../../../../Middlewares/Third_Party/trustedfirmware -I../../../../../Middlewares/Third_Party/trustedfirmware/platform/ext/common -I../../../../../Middlewares/Third_Party/trustedfirmware/platform/ext/driver -I../../../../../Middlewares/Third_Party/trustedfirmware/bl2/include -I../../../../../Middlewares/Third_Party/trustedfirmware/bl2/ext/mcuboot -I../../../../../Middlewares/Third_Party/trustedfirmware/bl2/ext/mcuboot/include -I../../../../../Middlewares/Third_Party/trustedfirmware/bl2/ext/mcuboot/bootutil/include -Os -ffunction-sections -fdata-sections -Wall -fshort-enums -fshort-wchar -funsigned-char -mcmse -Wall -Wno-format -Wno-return-type -fstack-usage -MMD -MP -MF"Application/User/low_level_com.d" -MT"Application/User/low_level_com.o" --specs=nano.specs -mfpu=fpv5-sp-d16 -mfloat-abi=hard -mthumb -o "Application/User/low_level_com.o"
arm-none-eabi-gcc "/home/windy/Softwareprojekt/Projects/TFM/TFM_SBSFU_Boot/Src/low_level_flash.c" -mcpu=cortex-m33 -g3 -DTFM_DEV_MODE -DNDEBUG '-D__ARM_FEATURE_CMSE=3' -DSTM32L552xx -DUSE_HAL_DRIVER -DMCUBOOT_SIGN_RSA '-DMCUBOOT_SIGN_RSA_LEN=3072' -DMCUBOOT_VALIDATE_PRIMARY_SLOT -DBL2 -DMCUBOOT_OVERWRITE_ONLY -DMCUBOOT_USE_FLASH_AREA_GET_SECTORS '-DMCUBOOT_TARGET_CONFIG=<flash_layout.h>' '-DMBEDTLS_CONFIG_FILE=<config-boot.h>' '-DMCUBOOT_IMAGE_NUMBER=2' -D__thumb2__ -c -I../../Inc -I../../../../../Drivers/CMSIS/Include -I../../../../../Drivers/CMSIS/Device/ST/STM32L5xx/Include -I../../../../../Drivers/STM32L5xx_HAL_Driver/Inc -I../../../../../Drivers/BSP/STM32L562E-DK -I../../../Linker -I../../../../../Middlewares/Third_Party/mbedtls/include -I../../../../../Middlewares/Third_Party/mbedtls/include/mbedtls -I../../../../../Middlewares/Third_Party/trustedfirmware -I../../../../../Middlewares/Third_Party/trustedfirmware/platform/ext/common -I../../../../../Middlewares/Third_Party/trustedfirmware/platform/ext/driver -I../../../../../Middlewares/Third_Party/trustedfirmware/bl2/include -I../../../../../Middlewares/Third_Party/trustedfirmware/bl2/ext/mcuboot -I../../../../../Middlewares/Third_Party/trustedfirmware/bl2/ext/mcuboot/include -I../../../../../Middlewares/Third_Party/trustedfirmware/bl2/ext/mcuboot/bootutil/include -Os -ffunction-sections -fdata-sections -Wall -fshort-enums -fshort-wchar -funsigned-char -mcmse -Wall -Wno-format -Wno-return-type -fstack-usage -MMD -MP -MF"Application/User/low_level_flash.d" -MT"Application/User/low_level_flash.o" --specs=nano.specs -mfpu=fpv5-sp-d16 -mfloat-abi=hard -mthumb -o "Application/User/low_level_flash.o"
arm-none-eabi-gcc "/home/windy/Softwareprojekt/Projects/TFM/TFM_SBSFU_Boot/Src/low_level_rng.c" -mcpu=cortex-m33 -g3 -DTFM_DEV_MODE -DNDEBUG '-D__ARM_FEATURE_CMSE=3' -DSTM32L552xx -DUSE_HAL_DRIVER -DMCUBOOT_SIGN_RSA '-DMCUBOOT_SIGN_RSA_LEN=3072' -DMCUBOOT_VALIDATE_PRIMARY_SLOT -DBL2 -DMCUBOOT_OVERWRITE_ONLY -DMCUBOOT_USE_FLASH_AREA_GET_SECTORS '-DMCUBOOT_TARGET_CONFIG=<flash_layout.h>' '-DMBEDTLS_CONFIG_FILE=<config-boot.h>' '-DMCUBOOT_IMAGE_NUMBER=2' -D__thumb2__ -c -I../../Inc -I../../../../../Drivers/CMSIS/Include -I../../../../../Drivers/CMSIS/Device/ST/STM32L5xx/Include -I../../../../../Drivers/STM32L5xx_HAL_Driver/Inc -I../../../../../Drivers/BSP/STM32L562E-DK -I../../../Linker -I../../../../../Middlewares/Third_Party/mbedtls/include -I../../../../../Middlewares/Third_Party/mbedtls/include/mbedtls -I../../../../../Middlewares/Third_Party/trustedfirmware -I../../../../../Middlewares/Third_Party/trustedfirmware/platform/ext/common -I../../../../../Middlewares/Third_Party/trustedfirmware/platform/ext/driver -I../../../../../Middlewares/Third_Party/trustedfirmware/bl2/include -I../../../../../Middlewares/Third_Party/trustedfirmware/bl2/ext/mcuboot -I../../../../../Middlewares/Third_Party/trustedfirmware/bl2/ext/mcuboot/include -I../../../../../Middlewares/Third_Party/trustedfirmware/bl2/ext/mcuboot/bootutil/include -Os -ffunction-sections -fdata-sections -Wall -fshort-enums -fshort-wchar -funsigned-char -mcmse -Wall -Wno-format -Wno-return-type -fstack-usage -MMD -MP -MF"Application/User/low_level_rng.d" -MT"Application/User/low_level_rng.o" --specs=nano.specs -mfpu=fpv5-sp-d16 -mfloat-abi=hard -mthumb -o "Application/User/low_level_rng.o"
arm-none-eabi-gcc "/home/windy/Softwareprojekt/Projects/TFM/TFM_SBSFU_Boot/Src/main.c" -mcpu=cortex-m33 -g3 -DTFM_DEV_MODE -DNDEBUG '-D__ARM_FEATURE_CMSE=3' -DSTM32L552xx -DUSE_HAL_DRIVER -DMCUBOOT_SIGN_RSA '-DMCUBOOT_SIGN_RSA_LEN=3072' -DMCUBOOT_VALIDATE_PRIMARY_SLOT -DBL2 -DMCUBOOT_OVERWRITE_ONLY -DMCUBOOT_USE_FLASH_AREA_GET_SECTORS '-DMCUBOOT_TARGET_CONFIG=<flash_layout.h>' '-DMBEDTLS_CONFIG_FILE=<config-boot.h>' '-DMCUBOOT_IMAGE_NUMBER=2' -D__thumb2__ -c -I../../Inc -I../../../../../Drivers/CMSIS/Include -I../../../../../Drivers/CMSIS/Device/ST/STM32L5xx/Include -I../../../../../Drivers/STM32L5xx_HAL_Driver/Inc -I../../../../../Drivers/BSP/STM32L562E-DK -I../../../Linker -I../../../../../Middlewares/Third_Party/mbedtls/include -I../../../../../Middlewares/Third_Party/mbedtls/include/mbedtls -I../../../../../Middlewares/Third_Party/trustedfirmware -I../../../../../Middlewares/Third_Party/trustedfirmware/platform/ext/common -I../../../../../Middlewares/Third_Party/trustedfirmware/platform/ext/driver -I../../../../../Middlewares/Third_Party/trustedfirmware/bl2/include -I../../../../../Middlewares/Third_Party/trustedfirmware/bl2/ext/mcuboot -I../../../../../Middlewares/Third_Party/trustedfirmware/bl2/ext/mcuboot/include -I../../../../../Middlewares/Third_Party/trustedfirmware/bl2/ext/mcuboot/bootutil/include -Os -ffunction-sections -fdata-sections -Wall -fshort-enums -fshort-wchar -funsigned-char -mcmse -Wall -Wno-format -Wno-return-type -fstack-usage -MMD -MP -MF"Application/User/main.d" -MT"Application/User/main.o" --specs=nano.specs -mfpu=fpv5-sp-d16 -mfloat-abi=hard -mthumb -o "Application/User/main.o"
arm-none-eabi-gcc "/home/windy/Softwareprojekt/Projects/TFM/TFM_SBSFU_Boot/Src/mpu_armv8m_drv.c" -mcpu=cortex-m33 -g3 -DTFM_DEV_MODE -DNDEBUG '-D__ARM_FEATURE_CMSE=3' -DSTM32L552xx -DUSE_HAL_DRIVER -DMCUBOOT_SIGN_RSA '-DMCUBOOT_SIGN_RSA_LEN=3072' -DMCUBOOT_VALIDATE_PRIMARY_SLOT -DBL2 -DMCUBOOT_OVERWRITE_ONLY -DMCUBOOT_USE_FLASH_AREA_GET_SECTORS '-DMCUBOOT_TARGET_CONFIG=<flash_layout.h>' '-DMBEDTLS_CONFIG_FILE=<config-boot.h>' '-DMCUBOOT_IMAGE_NUMBER=2' -D__thumb2__ -c -I../../Inc -I../../../../../Drivers/CMSIS/Include -I../../../../../Drivers/CMSIS/Device/ST/STM32L5xx/Include -I../../../../../Drivers/STM32L5xx_HAL_Driver/Inc -I../../../../../Drivers/BSP/STM32L562E-DK -I../../../Linker -I../../../../../Middlewares/Third_Party/mbedtls/include -I../../../../../Middlewares/Third_Party/mbedtls/include/mbedtls -I../../../../../Middlewares/Third_Party/trustedfirmware -I../../../../../Middlewares/Third_Party/trustedfirmware/platform/ext/common -I../../../../../Middlewares/Third_Party/trustedfirmware/platform/ext/driver -I../../../../../Middlewares/Third_Party/trustedfirmware/bl2/include -I../../../../../Middlewares/Third_Party/trustedfirmware/bl2/ext/mcuboot -I../../../../../Middlewares/Third_Party/trustedfirmware/bl2/ext/mcuboot/include -I../../../../../Middlewares/Third_Party/trustedfirmware/bl2/ext/mcuboot/bootutil/include -Os -ffunction-sections -fdata-sections -Wall -fshort-enums -fshort-wchar -funsigned-char -mcmse -Wall -Wno-format -Wno-return-type -fstack-usage -MMD -MP -MF"Application/User/mpu_armv8m_drv.d" -MT"Application/User/mpu_armv8m_drv.o" --specs=nano.specs -mfpu=fpv5-sp-d16 -mfloat-abi=hard -mthumb -o "Application/User/mpu_armv8m_drv.o"
arm-none-eabi-gcc "/home/windy/Softwareprojekt/Projects/TFM/TFM_SBSFU_Boot/Src/sha256_alt.c" -mcpu=cortex-m33 -g3 -DTFM_DEV_MODE -DNDEBUG '-D__ARM_FEATURE_CMSE=3' -DSTM32L552xx -DUSE_HAL_DRIVER -DMCUBOOT_SIGN_RSA '-DMCUBOOT_SIGN_RSA_LEN=3072' -DMCUBOOT_VALIDATE_PRIMARY_SLOT -DBL2 -DMCUBOOT_OVERWRITE_ONLY -DMCUBOOT_USE_FLASH_AREA_GET_SECTORS '-DMCUBOOT_TARGET_CONFIG=<flash_layout.h>' '-DMBEDTLS_CONFIG_FILE=<config-boot.h>' '-DMCUBOOT_IMAGE_NUMBER=2' -D__thumb2__ -c -I../../Inc -I../../../../../Drivers/CMSIS/Include -I../../../../../Drivers/CMSIS/Device/ST/STM32L5xx/Include -I../../../../../Drivers/STM32L5xx_HAL_Driver/Inc -I../../../../../Drivers/BSP/STM32L562E-DK -I../../../Linker -I../../../../../Middlewares/Third_Party/mbedtls/include -I../../../../../Middlewares/Third_Party/mbedtls/include/mbedtls -I../../../../../Middlewares/Third_Party/trustedfirmware -I../../../../../Middlewares/Third_Party/trustedfirmware/platform/ext/common -I../../../../../Middlewares/Third_Party/trustedfirmware/platform/ext/driver -I../../../../../Middlewares/Third_Party/trustedfirmware/bl2/include -I../../../../../Middlewares/Third_Party/trustedfirmware/bl2/ext/mcuboot -I../../../../../Middlewares/Third_Party/trustedfirmware/bl2/ext/mcuboot/include -I../../../../../Middlewares/Third_Party/trustedfirmware/bl2/ext/mcuboot/bootutil/include -Os -ffunction-sections -fdata-sections -Wall -fshort-enums -fshort-wchar -funsigned-char -mcmse -Wall -Wno-format -Wno-return-type -fstack-usage -MMD -MP -MF"Application/User/sha256_alt.d" -MT"Application/User/sha256_alt.o" --specs=nano.specs -mfpu=fpv5-sp-d16 -mfloat-abi=hard -mthumb -o "Application/User/sha256_alt.o"
arm-none-eabi-gcc "/home/windy/Softwareprojekt/Projects/TFM/TFM_SBSFU_Boot/Src/stm32l5xx_hal_msp.c" -mcpu=cortex-m33 -g3 -DTFM_DEV_MODE -DNDEBUG '-D__ARM_FEATURE_CMSE=3' -DSTM32L552xx -DUSE_HAL_DRIVER -DMCUBOOT_SIGN_RSA '-DMCUBOOT_SIGN_RSA_LEN=3072' -DMCUBOOT_VALIDATE_PRIMARY_SLOT -DBL2 -DMCUBOOT_OVERWRITE_ONLY -DMCUBOOT_USE_FLASH_AREA_GET_SECTORS '-DMCUBOOT_TARGET_CONFIG=<flash_layout.h>' '-DMBEDTLS_CONFIG_FILE=<config-boot.h>' '-DMCUBOOT_IMAGE_NUMBER=2' -D__thumb2__ -c -I../../Inc -I../../../../../Drivers/CMSIS/Include -I../../../../../Drivers/CMSIS/Device/ST/STM32L5xx/Include -I../../../../../Drivers/STM32L5xx_HAL_Driver/Inc -I../../../../../Drivers/BSP/STM32L562E-DK -I../../../Linker -I../../../../../Middlewares/Third_Party/mbedtls/include -I../../../../../Middlewares/Third_Party/mbedtls/include/mbedtls -I../../../../../Middlewares/Third_Party/trustedfirmware -I../../../../../Middlewares/Third_Party/trustedfirmware/platform/ext/common -I../../../../../Middlewares/Third_Party/trustedfirmware/platform/ext/driver -I../../../../../Middlewares/Third_Party/trustedfirmware/bl2/include -I../../../../../Middlewares/Third_Party/trustedfirmware/bl2/ext/mcuboot -I../../../../../Middlewares/Third_Party/trustedfirmware/bl2/ext/mcuboot/include -I../../../../../Middlewares/Third_Party/trustedfirmware/bl2/ext/mcuboot/bootutil/include -Os -ffunction-sections -fdata-sections -Wall -fshort-enums -fshort-wchar -funsigned-char -mcmse -Wall -Wno-format -Wno-return-type -fstack-usage -MMD -MP -MF"Application/User/stm32l5xx_hal_msp.d" -MT"Application/User/stm32l5xx_hal_msp.o" --specs=nano.specs -mfpu=fpv5-sp-d16 -mfloat-abi=hard -mthumb -o "Application/User/stm32l5xx_hal_msp.o"
arm-none-eabi-gcc "/home/windy/Softwareprojekt/Projects/TFM/TFM_SBSFU_Boot/Src/system_stm32l5xx.c" -mcpu=cortex-m33 -g3 -DTFM_DEV_MODE -DNDEBUG '-D__ARM_FEATURE_CMSE=3' -DSTM32L552xx -DUSE_HAL_DRIVER -DMCUBOOT_SIGN_RSA '-DMCUBOOT_SIGN_RSA_LEN=3072' -DMCUBOOT_VALIDATE_PRIMARY_SLOT -DBL2 -DMCUBOOT_OVERWRITE_ONLY -DMCUBOOT_USE_FLASH_AREA_GET_SECTORS '-DMCUBOOT_TARGET_CONFIG=<flash_layout.h>' '-DMBEDTLS_CONFIG_FILE=<config-boot.h>' '-DMCUBOOT_IMAGE_NUMBER=2' -D__thumb2__ -c -I../../Inc -I../../../../../Drivers/CMSIS/Include -I../../../../../Drivers/CMSIS/Device/ST/STM32L5xx/Include -I../../../../../Drivers/STM32L5xx_HAL_Driver/Inc -I../../../../../Drivers/BSP/STM32L562E-DK -I../../../Linker -I../../../../../Middlewares/Third_Party/mbedtls/include -I../../../../../Middlewares/Third_Party/mbedtls/include/mbedtls -I../../../../../Middlewares/Third_Party/trustedfirmware -I../../../../../Middlewares/Third_Party/trustedfirmware/platform/ext/common -I../../../../../Middlewares/Third_Party/trustedfirmware/platform/ext/driver -I../../../../../Middlewares/Third_Party/trustedfirmware/bl2/include -I../../../../../Middlewares/Third_Party/trustedfirmware/bl2/ext/mcuboot -I../../../../../Middlewares/Third_Party/trustedfirmware/bl2/ext/mcuboot/include -I../../../../../Middlewares/Third_Party/trustedfirmware/bl2/ext/mcuboot/bootutil/include -Os -ffunction-sections -fdata-sections -Wall -fshort-enums -fshort-wchar -funsigned-char -mcmse -Wall -Wno-format -Wno-return-type -fstack-usage -MMD -MP -MF"Application/User/system_stm32l5xx.d" -MT"Application/User/system_stm32l5xx.o" --specs=nano.specs -mfpu=fpv5-sp-d16 -mfloat-abi=hard -mthumb -o "Application/User/system_stm32l5xx.o"
arm-none-eabi-gcc "/home/windy/Softwareprojekt/Projects/TFM/TFM_SBSFU_Boot/Src/tfm_bl2_shared_data.c" -mcpu=cortex-m33 -g3 -DTFM_DEV_MODE -DNDEBUG '-D__ARM_FEATURE_CMSE=3' -DSTM32L552xx -DUSE_HAL_DRIVER -DMCUBOOT_SIGN_RSA '-DMCUBOOT_SIGN_RSA_LEN=3072' -DMCUBOOT_VALIDATE_PRIMARY_SLOT -DBL2 -DMCUBOOT_OVERWRITE_ONLY -DMCUBOOT_USE_FLASH_AREA_GET_SECTORS '-DMCUBOOT_TARGET_CONFIG=<flash_layout.h>' '-DMBEDTLS_CONFIG_FILE=<config-boot.h>' '-DMCUBOOT_IMAGE_NUMBER=2' -D__thumb2__ -c -I../../Inc -I../../../../../Drivers/CMSIS/Include -I../../../../../Drivers/CMSIS/Device/ST/STM32L5xx/Include -I../../../../../Drivers/STM32L5xx_HAL_Driver/Inc -I../../../../../Drivers/BSP/STM32L562E-DK -I../../../Linker -I../../../../../Middlewares/Third_Party/mbedtls/include -I../../../../../Middlewares/Third_Party/mbedtls/include/mbedtls -I../../../../../Middlewares/Third_Party/trustedfirmware -I../../../../../Middlewares/Third_Party/trustedfirmware/platform/ext/common -I../../../../../Middlewares/Third_Party/trustedfirmware/platform/ext/driver -I../../../../../Middlewares/Third_Party/trustedfirmware/bl2/include -I../../../../../Middlewares/Third_Party/trustedfirmware/bl2/ext/mcuboot -I../../../../../Middlewares/Third_Party/trustedfirmware/bl2/ext/mcuboot/include -I../../../../../Middlewares/Third_Party/trustedfirmware/bl2/ext/mcuboot/bootutil/include -Os -ffunction-sections -fdata-sections -Wall -fshort-enums -fshort-wchar -funsigned-char -mcmse -Wall -Wno-format -Wno-return-type -fstack-usage -MMD -MP -MF"Application/User/tfm_bl2_shared_data.d" -MT"Application/User/tfm_bl2_shared_data.o" --specs=nano.specs -mfpu=fpv5-sp-d16 -mfloat-abi=hard -mthumb -o "Application/User/tfm_bl2_shared_data.o"
arm-none-eabi-gcc "/home/windy/Softwareprojekt/Projects/TFM/TFM_SBSFU_Boot/Src/tfm_low_level_security.c" -mcpu=cortex-m33 -g3 -DTFM_DEV_MODE -DNDEBUG '-D__ARM_FEATURE_CMSE=3' -DSTM32L552xx -DUSE_HAL_DRIVER -DMCUBOOT_SIGN_RSA '-DMCUBOOT_SIGN_RSA_LEN=3072' -DMCUBOOT_VALIDATE_PRIMARY_SLOT -DBL2 -DMCUBOOT_OVERWRITE_ONLY -DMCUBOOT_USE_FLASH_AREA_GET_SECTORS '-DMCUBOOT_TARGET_CONFIG=<flash_layout.h>' '-DMBEDTLS_CONFIG_FILE=<config-boot.h>' '-DMCUBOOT_IMAGE_NUMBER=2' -D__thumb2__ -c -I../../Inc -I../../../../../Drivers/CMSIS/Include -I../../../../../Drivers/CMSIS/Device/ST/STM32L5xx/Include -I../../../../../Drivers/STM32L5xx_HAL_Driver/Inc -I../../../../../Drivers/BSP/STM32L562E-DK -I../../../Linker -I../../../../../Middlewares/Third_Party/mbedtls/include -I../../../../../Middlewares/Third_Party/mbedtls/include/mbedtls -I../../../../../Middlewares/Third_Party/trustedfirmware -I../../../../../Middlewares/Third_Party/trustedfirmware/platform/ext/common -I../../../../../Middlewares/Third_Party/trustedfirmware/platform/ext/driver -I../../../../../Middlewares/Third_Party/trustedfirmware/bl2/include -I../../../../../Middlewares/Third_Party/trustedfirmware/bl2/ext/mcuboot -I../../../../../Middlewares/Third_Party/trustedfirmware/bl2/ext/mcuboot/include -I../../../../../Middlewares/Third_Party/trustedfirmware/bl2/ext/mcuboot/bootutil/include -Os -ffunction-sections -fdata-sections -Wall -fshort-enums -fshort-wchar -funsigned-char -mcmse -Wall -Wno-format -Wno-return-type -fstack-usage -MMD -MP -MF"Application/User/tfm_low_level_security.d" -MT"Application/User/tfm_low_level_security.o" --specs=nano.specs -mfpu=fpv5-sp-d16 -mfloat-abi=hard -mthumb -o "Application/User/tfm_low_level_security.o"
arm-none-eabi-gcc -mcpu=cortex-m33 -c -x assembler-with-cpp --specs=nano.specs -mfpu=fpv5-sp-d16 -mfloat-abi=hard -mthumb -o "Application/Startup/startup_stm32l5xx_bl2.o" "../Application/Startup/startup_stm32l5xx_bl2.S"
arm-none-eabi-gcc -o "TFM_SBSFU_Boot.elf" @"objects.list"   -mcpu=cortex-m33 -T"./output.ld" --specs=nosys.specs -Wl,-Map="TFM_SBSFU_Boot.map" -Wl,--gc-sections -static -Xlinker -check-sections -Xlinker -fatal-warnings --entry=Reset_Handler -Wl,--print-memory-usage,--no-wchar-size-warning -Xlinker --entry=Reset_Handler --specs=nano.specs -mfpu=fpv5-sp-d16 -mfloat-abi=hard -mthumb -Wl,--start-group -lc -lm -Wl,--end-group
Memory region         Used Size  Region Size  %age Used
           FLASH:       44136 B        48 KB     89.79%
             RAM:       24984 B        63 KB     38.73%
Finished building target: TFM_SBSFU_Boot.elf
 
arm-none-eabi-size   TFM_SBSFU_Boot.elf 
arm-none-eabi-objdump -h -S  TFM_SBSFU_Boot.elf  > "TFM_SBSFU_Boot.list"
arm-none-eabi-objcopy  -O binary  TFM_SBSFU_Boot.elf  "TFM_SBSFU_Boot.bin"
   text	   data	    bss	    dec	    hex	filename
  43022	    308	  24716	  68046	  109ce	TFM_SBSFU_Boot.elf
Finished building: default.size.stdout
 
Finished building: TFM_SBSFU_Boot.bin
 
Finished building: TFM_SBSFU_Boot.list
 
arm-none-eabi-objcopy -O binary "TFM_SBSFU_Boot.elf" "TFM_SBSFU_Boot.bin"
arm-none-eabi-size "TFM_SBSFU_Boot.elf"
   text	   data	    bss	    dec	    hex	filename
  43022	    308	  24716	  68046	  109ce	TFM_SBSFU_Boot.elf
arm-none-eabi-objdump -DS  "TFM_SBSFU_Boot.elf" > "TFM_SBSFU_Boot.elf_asm.txt"
 
19:22:17 **** Clean-only build of configuration Release for project TFM_Appli_NonSecure ****
make -j4 clean 
make: *** No rule to make target 'clean'.  Stop.
"make -j4 clean" terminated with exit code 2. Build might be incomplete.
19:22:17 **** Clean-only build of configuration Release for project TFM_Appli_Secure ****
make -j4 clean 
make: *** No rule to make target 'clean'.  Stop.
"make -j4 clean" terminated with exit code 2. Build might be incomplete.
19:22:19 **** Clean-only build of configuration Release for project TFM_SBSFU_Boot ****
make -j4 clean 
rm -rf *
 
