Archive member included to satisfy reference by file (symbol)

/Applications/STM32CubeIDE.app/Contents/Eclipse/plugins/com.st.stm32cube.ide.mcu.externaltools.gnu-tools-for-stm32.7-2018-q2-update.macos64_1.0.0.201904181610/tools/bin/../lib/gcc/arm-none-eabi/7.3.1/../../../../arm-none-eabi/lib/thumb/v8-m.main/fpv5-sp/hard/libc_nano.a(lib_a-errno.o)
                              Core/Src/syscalls.o (__errno)
/Applications/STM32CubeIDE.app/Contents/Eclipse/plugins/com.st.stm32cube.ide.mcu.externaltools.gnu-tools-for-stm32.7-2018-q2-update.macos64_1.0.0.201904181610/tools/bin/../lib/gcc/arm-none-eabi/7.3.1/../../../../arm-none-eabi/lib/thumb/v8-m.main/fpv5-sp/hard/libc_nano.a(lib_a-exit.o)
                              /Applications/STM32CubeIDE.app/Contents/Eclipse/plugins/com.st.stm32cube.ide.mcu.externaltools.gnu-tools-for-stm32.7-2018-q2-update.macos64_1.0.0.201904181610/tools/bin/../lib/gcc/arm-none-eabi/7.3.1/../../../../arm-none-eabi/lib/thumb/v8-m.main/fpv5-sp/hard/crt0.o (exit)
/Applications/STM32CubeIDE.app/Contents/Eclipse/plugins/com.st.stm32cube.ide.mcu.externaltools.gnu-tools-for-stm32.7-2018-q2-update.macos64_1.0.0.201904181610/tools/bin/../lib/gcc/arm-none-eabi/7.3.1/../../../../arm-none-eabi/lib/thumb/v8-m.main/fpv5-sp/hard/libc_nano.a(lib_a-impure.o)
                              /Applications/STM32CubeIDE.app/Contents/Eclipse/plugins/com.st.stm32cube.ide.mcu.externaltools.gnu-tools-for-stm32.7-2018-q2-update.macos64_1.0.0.201904181610/tools/bin/../lib/gcc/arm-none-eabi/7.3.1/../../../../arm-none-eabi/lib/thumb/v8-m.main/fpv5-sp/hard/libc_nano.a(lib_a-exit.o) (_global_impure_ptr)
/Applications/STM32CubeIDE.app/Contents/Eclipse/plugins/com.st.stm32cube.ide.mcu.externaltools.gnu-tools-for-stm32.7-2018-q2-update.macos64_1.0.0.201904181610/tools/bin/../lib/gcc/arm-none-eabi/7.3.1/../../../../arm-none-eabi/lib/thumb/v8-m.main/fpv5-sp/hard/libc_nano.a(lib_a-init.o)
                              /Applications/STM32CubeIDE.app/Contents/Eclipse/plugins/com.st.stm32cube.ide.mcu.externaltools.gnu-tools-for-stm32.7-2018-q2-update.macos64_1.0.0.201904181610/tools/bin/../lib/gcc/arm-none-eabi/7.3.1/../../../../arm-none-eabi/lib/thumb/v8-m.main/fpv5-sp/hard/crt0.o (__libc_init_array)
/Applications/STM32CubeIDE.app/Contents/Eclipse/plugins/com.st.stm32cube.ide.mcu.externaltools.gnu-tools-for-stm32.7-2018-q2-update.macos64_1.0.0.201904181610/tools/bin/../lib/gcc/arm-none-eabi/7.3.1/../../../../arm-none-eabi/lib/thumb/v8-m.main/fpv5-sp/hard/libc_nano.a(lib_a-memset.o)
                              /Applications/STM32CubeIDE.app/Contents/Eclipse/plugins/com.st.stm32cube.ide.mcu.externaltools.gnu-tools-for-stm32.7-2018-q2-update.macos64_1.0.0.201904181610/tools/bin/../lib/gcc/arm-none-eabi/7.3.1/../../../../arm-none-eabi/lib/thumb/v8-m.main/fpv5-sp/hard/crt0.o (memset)
/Applications/STM32CubeIDE.app/Contents/Eclipse/plugins/com.st.stm32cube.ide.mcu.externaltools.gnu-tools-for-stm32.7-2018-q2-update.macos64_1.0.0.201904181610/tools/bin/../lib/gcc/arm-none-eabi/7.3.1/thumb/v8-m.main/fpv5-sp/hard/libgcc.a(cmse_nonsecure_call.o)
                              Core/Src/main.o (__gnu_cmse_nonsecure_call)

Allocating common symbols
Common symbol       size              file

uwTick              0x4               Drivers/STM32L5xx_HAL_Driver/Src/stm32l5xx_hal.o

Discarded input sections

 .text          0x0000000000000000        0x0 /Applications/STM32CubeIDE.app/Contents/Eclipse/plugins/com.st.stm32cube.ide.mcu.externaltools.gnu-tools-for-stm32.7-2018-q2-update.macos64_1.0.0.201904181610/tools/bin/../lib/gcc/arm-none-eabi/7.3.1/thumb/v8-m.main/fpv5-sp/hard/crti.o
 .data          0x0000000000000000        0x0 /Applications/STM32CubeIDE.app/Contents/Eclipse/plugins/com.st.stm32cube.ide.mcu.externaltools.gnu-tools-for-stm32.7-2018-q2-update.macos64_1.0.0.201904181610/tools/bin/../lib/gcc/arm-none-eabi/7.3.1/thumb/v8-m.main/fpv5-sp/hard/crti.o
 .bss           0x0000000000000000        0x0 /Applications/STM32CubeIDE.app/Contents/Eclipse/plugins/com.st.stm32cube.ide.mcu.externaltools.gnu-tools-for-stm32.7-2018-q2-update.macos64_1.0.0.201904181610/tools/bin/../lib/gcc/arm-none-eabi/7.3.1/thumb/v8-m.main/fpv5-sp/hard/crti.o
 .data          0x0000000000000000        0x4 /Applications/STM32CubeIDE.app/Contents/Eclipse/plugins/com.st.stm32cube.ide.mcu.externaltools.gnu-tools-for-stm32.7-2018-q2-update.macos64_1.0.0.201904181610/tools/bin/../lib/gcc/arm-none-eabi/7.3.1/thumb/v8-m.main/fpv5-sp/hard/crtbegin.o
 .text          0x0000000000000000       0x74 /Applications/STM32CubeIDE.app/Contents/Eclipse/plugins/com.st.stm32cube.ide.mcu.externaltools.gnu-tools-for-stm32.7-2018-q2-update.macos64_1.0.0.201904181610/tools/bin/../lib/gcc/arm-none-eabi/7.3.1/../../../../arm-none-eabi/lib/thumb/v8-m.main/fpv5-sp/hard/crt0.o
[...]
Memory Configuration

Name             Origin             Length             Attributes
RAM              0x0000000030000000 0x0000000000018000 xrw
ROM              0x000000000c000000 0x000000000003e000 xr
ROM_NSC          0x000000000c03e000 0x0000000000002000 xr
*default*        0x0000000000000000 0xffffffffffffffff

Linker script and memory map

LOAD /Applications/STM32CubeIDE.app/Contents/Eclipse/plugins/com.st.stm32cube.ide.mcu.externaltools.gnu-tools-for-stm32.7-2018-q2-update.macos64_1.0.0.201904181610/tools/bin/../lib/gcc/arm-none-eabi/7.3.1/thumb/v8-m.main/fpv5-sp/hard/crti.o
LOAD /Applications/STM32CubeIDE.app/Contents/Eclipse/plugins/com.st.stm32cube.ide.mcu.externaltools.gnu-tools-for-stm32.7-2018-q2-update.macos64_1.0.0.201904181610/tools/bin/../lib/gcc/arm-none-eabi/7.3.1/thumb/v8-m.main/fpv5-sp/hard/crtbegin.o
LOAD /Applications/STM32CubeIDE.app/Contents/Eclipse/plugins/com.st.stm32cube.ide.mcu.externaltools.gnu-tools-for-stm32.7-2018-q2-update.macos64_1.0.0.201904181610/tools/bin/../lib/gcc/arm-none-eabi/7.3.1/../../../../arm-none-eabi/lib/thumb/v8-m.main/fpv5-sp/hard/crt0.o
LOAD Core/Src/main.o
LOAD Core/Src/secure_nsc.o
LOAD Core/Src/stm32l5xx_hal_msp.o
LOAD Core/Src/stm32l5xx_it.o
LOAD Core/Src/syscalls.o
LOAD Core/Src/sysmem.o
LOAD Core/Src/system_stm32l5xx_s.o
LOAD Core/Startup/startup_stm32l552zetxq.o
LOAD Drivers/STM32L5xx_HAL_Driver/Src/stm32l5xx_hal.o
LOAD Drivers/STM32L5xx_HAL_Driver/Src/stm32l5xx_hal_cortex.o
LOAD Drivers/STM32L5xx_HAL_Driver/Src/stm32l5xx_hal_dma.o
LOAD Drivers/STM32L5xx_HAL_Driver/Src/stm32l5xx_hal_dma_ex.o
LOAD Drivers/STM32L5xx_HAL_Driver/Src/stm32l5xx_hal_exti.o
LOAD Drivers/STM32L5xx_HAL_Driver/Src/stm32l5xx_hal_flash.o
LOAD Drivers/STM32L5xx_HAL_Driver/Src/stm32l5xx_hal_flash_ex.o
LOAD Drivers/STM32L5xx_HAL_Driver/Src/stm32l5xx_hal_flash_ramfunc.o
LOAD Drivers/STM32L5xx_HAL_Driver/Src/stm32l5xx_hal_gpio.o
LOAD Drivers/STM32L5xx_HAL_Driver/Src/stm32l5xx_hal_gtzc.o
LOAD Drivers/STM32L5xx_HAL_Driver/Src/stm32l5xx_hal_i2c.o
LOAD Drivers/STM32L5xx_HAL_Driver/Src/stm32l5xx_hal_i2c_ex.o
LOAD Drivers/STM32L5xx_HAL_Driver/Src/stm32l5xx_hal_icache.o
LOAD Drivers/STM32L5xx_HAL_Driver/Src/stm32l5xx_hal_pwr.o
LOAD Drivers/STM32L5xx_HAL_Driver/Src/stm32l5xx_hal_pwr_ex.o
LOAD Drivers/STM32L5xx_HAL_Driver/Src/stm32l5xx_hal_rcc.o
LOAD Drivers/STM32L5xx_HAL_Driver/Src/stm32l5xx_hal_rcc_ex.o
LOAD Drivers/STM32L5xx_HAL_Driver/Src/stm32l5xx_hal_tim.o
LOAD Drivers/STM32L5xx_HAL_Driver/Src/stm32l5xx_hal_tim_ex.o
START GROUP
LOAD /Applications/STM32CubeIDE.app/Contents/Eclipse/plugins/com.st.stm32cube.ide.mcu.externaltools.gnu-tools-for-stm32.7-2018-q2-update.macos64_1.0.0.201904181610/tools/bin/../lib/gcc/arm-none-eabi/7.3.1/../../../../arm-none-eabi/lib/thumb/v8-m.main/fpv5-sp/hard/libc_nano.a
LOAD /Applications/STM32CubeIDE.app/Contents/Eclipse/plugins/com.st.stm32cube.ide.mcu.externaltools.gnu-tools-for-stm32.7-2018-q2-update.macos64_1.0.0.201904181610/tools/bin/../lib/gcc/arm-none-eabi/7.3.1/../../../../arm-none-eabi/lib/thumb/v8-m.main/fpv5-sp/hard/libm.a
END GROUP
START GROUP
LOAD /Applications/STM32CubeIDE.app/Contents/Eclipse/plugins/com.st.stm32cube.ide.mcu.externaltools.gnu-tools-for-stm32.7-2018-q2-update.macos64_1.0.0.201904181610/tools/bin/../lib/gcc/arm-none-eabi/7.3.1/thumb/v8-m.main/fpv5-sp/hard/libgcc.a
LOAD /Applications/STM32CubeIDE.app/Contents/Eclipse/plugins/com.st.stm32cube.ide.mcu.externaltools.gnu-tools-for-stm32.7-2018-q2-update.macos64_1.0.0.201904181610/tools/bin/../lib/gcc/arm-none-eabi/7.3.1/../../../../arm-none-eabi/lib/thumb/v8-m.main/fpv5-sp/hard/libc_nano.a
END GROUP
START GROUP
LOAD /Applications/STM32CubeIDE.app/Contents/Eclipse/plugins/com.st.stm32cube.ide.mcu.externaltools.gnu-tools-for-stm32.7-2018-q2-update.macos64_1.0.0.201904181610/tools/bin/../lib/gcc/arm-none-eabi/7.3.1/thumb/v8-m.main/fpv5-sp/hard/libgcc.a
LOAD /Applications/STM32CubeIDE.app/Contents/Eclipse/plugins/com.st.stm32cube.ide.mcu.externaltools.gnu-tools-for-stm32.7-2018-q2-update.macos64_1.0.0.201904181610/tools/bin/../lib/gcc/arm-none-eabi/7.3.1/../../../../arm-none-eabi/lib/thumb/v8-m.main/fpv5-sp/hard/libc_nano.a
LOAD /Applications/STM32CubeIDE.app/Contents/Eclipse/plugins/com.st.stm32cube.ide.mcu.externaltools.gnu-tools-for-stm32.7-2018-q2-update.macos64_1.0.0.201904181610/tools/bin/../lib/gcc/arm-none-eabi/7.3.1/../../../../arm-none-eabi/lib/thumb/v8-m.main/fpv5-sp/hard/libnosys.a
END GROUP
START GROUP
LOAD /Applications/STM32CubeIDE.app/Contents/Eclipse/plugins/com.st.stm32cube.ide.mcu.externaltools.gnu-tools-for-stm32.7-2018-q2-update.macos64_1.0.0.201904181610/tools/bin/../lib/gcc/arm-none-eabi/7.3.1/thumb/v8-m.main/fpv5-sp/hard/libgcc.a
LOAD /Applications/STM32CubeIDE.app/Contents/Eclipse/plugins/com.st.stm32cube.ide.mcu.externaltools.gnu-tools-for-stm32.7-2018-q2-update.macos64_1.0.0.201904181610/tools/bin/../lib/gcc/arm-none-eabi/7.3.1/../../../../arm-none-eabi/lib/thumb/v8-m.main/fpv5-sp/hard/libc_nano.a
LOAD /Applications/STM32CubeIDE.app/Contents/Eclipse/plugins/com.st.stm32cube.ide.mcu.externaltools.gnu-tools-for-stm32.7-2018-q2-update.macos64_1.0.0.201904181610/tools/bin/../lib/gcc/arm-none-eabi/7.3.1/../../../../arm-none-eabi/lib/thumb/v8-m.main/fpv5-sp/hard/libnosys.a
END GROUP
LOAD /Applications/STM32CubeIDE.app/Contents/Eclipse/plugins/com.st.stm32cube.ide.mcu.externaltools.gnu-tools-for-stm32.7-2018-q2-update.macos64_1.0.0.201904181610/tools/bin/../lib/gcc/arm-none-eabi/7.3.1/thumb/v8-m.main/fpv5-sp/hard/crtend.o
LOAD /Applications/STM32CubeIDE.app/Contents/Eclipse/plugins/com.st.stm32cube.ide.mcu.externaltools.gnu-tools-for-stm32.7-2018-q2-update.macos64_1.0.0.201904181610/tools/bin/../lib/gcc/arm-none-eabi/7.3.1/thumb/v8-m.main/fpv5-sp/hard/crtn.o
                0x0000000030018000                _estack = (ORIGIN (RAM) + LENGTH (RAM))
                0x0000000000000200                _Min_Heap_Size = 0x200
                0x0000000000000400                _Min_Stack_Size = 0x400

.isr_vector     0x000000000c000000      0x1f8
                0x000000000c000000                . = ALIGN (0x8)
 *(.isr_vector)
 .isr_vector    0x000000000c000000      0x1f4 Core/Startup/startup_stm32l552zetxq.o
                0x000000000c000000                g_pfnVectors
                0x000000000c0001f8                . = ALIGN (0x8)
 *fill*         0x000000000c0001f4        0x4 

.text           0x000000000c0001f8     0x1060
                0x000000000c0001f8                . = ALIGN (0x8)
 *(.text)
 .text          0x000000000c0001f8       0x40 /Applications/STM32CubeIDE.app/Contents/Eclipse/plugins/com.st.stm32cube.ide.mcu.externaltools.gnu-tools-for-stm32.7-2018-q2-update.macos64_1.0.0.201904181610/tools/bin/../lib/gcc/arm-none-eabi/7.3.1/thumb/v8-m.main/fpv5-sp/hard/crtbegin.o
 .text          0x000000000c000238       0x5c /Applications/STM32CubeIDE.app/Contents/Eclipse/plugins/com.st.stm32cube.ide.mcu.externaltools.gnu-tools-for-stm32.7-2018-q2-update.macos64_1.0.0.201904181610/tools/bin/../lib/gcc/arm-none-eabi/7.3.1/thumb/v8-m.main/fpv5-sp/hard/libgcc.a(cmse_nonsecure_call.o)
                0x000000000c000238                __gnu_cmse_nonsecure_call
 *(.text*)
 .text.main     0x000000000c000294       0x16 Core/Src/main.o
                0x000000000c000294                main
 *fill*         0x000000000c0002aa        0x2 
 .text.NonSecure_Init
                0x000000000c0002ac       0x8c Core/Src/main.o
 .text.MX_GTZC_Init
                0x000000000c000338      0x134 Core/Src/main.o
 .text.MX_GPIO_Init
                0x000000000c00046c       0x8c Core/Src/main.o
 .text.Error_Handler
                0x000000000c0004f8        0xe Core/Src/main.o
                0x000000000c0004f8                Error_Handler
 *fill*         0x000000000c000506        0x2 
 .text.SECURE_RegisterCallback
                0x000000000c000508       0xac Core/Src/secure_nsc.o
                0x000000000c000508                __acle_se_SECURE_RegisterCallback
 .text.Toggle_Pin
                0x000000000c0005b4       0x80 Core/Src/secure_nsc.o
                0x000000000c0005b4                __acle_se_Toggle_Pin
 .text.HAL_MspInit
                0x000000000c000634       0x60 Core/Src/stm32l5xx_hal_msp.o
                0x000000000c000634                HAL_MspInit
 .text.NMI_Handler
                0x000000000c000694        0xe Core/Src/stm32l5xx_it.o
                0x000000000c000694                NMI_Handler
 .text.HardFault_Handler
                0x000000000c0006a2        0x6 Core/Src/stm32l5xx_it.o
                0x000000000c0006a2                HardFault_Handler
 .text.MemManage_Handler
                0x000000000c0006a8        0x6 Core/Src/stm32l5xx_it.o
                0x000000000c0006a8                MemManage_Handler
 .text.BusFault_Handler
                0x000000000c0006ae        0x6 Core/Src/stm32l5xx_it.o
                0x000000000c0006ae                BusFault_Handler
 .text.UsageFault_Handler
                0x000000000c0006b4        0x6 Core/Src/stm32l5xx_it.o
                0x000000000c0006b4                UsageFault_Handler
 .text.SecureFault_Handler
                0x000000000c0006ba        0x6 Core/Src/stm32l5xx_it.o
                0x000000000c0006ba                SecureFault_Handler
 .text.SVC_Handler
                0x000000000c0006c0        0xe Core/Src/stm32l5xx_it.o
                0x000000000c0006c0                SVC_Handler
 .text.DebugMon_Handler
                0x000000000c0006ce        0xe Core/Src/stm32l5xx_it.o
                0x000000000c0006ce                DebugMon_Handler
 .text.PendSV_Handler
                0x000000000c0006dc        0xe Core/Src/stm32l5xx_it.o
                0x000000000c0006dc                PendSV_Handler
 .text.SysTick_Handler
                0x000000000c0006ea        0xc Core/Src/stm32l5xx_it.o
                0x000000000c0006ea                SysTick_Handler
 *fill*         0x000000000c0006f6        0x2 
 .text.TZ_SAU_Setup
                0x000000000c0006f8       0xfc Core/Src/system_stm32l5xx_s.o
 .text.SystemInit
                0x000000000c0007f4       0x34 Core/Src/system_stm32l5xx_s.o
                0x000000000c0007f4                SystemInit
 .text.SystemCoreClockUpdate
                0x000000000c000828      0x158 Core/Src/system_stm32l5xx_s.o
                0x000000000c000828                SystemCoreClockUpdate
 .text.SECURE_SystemCoreClockUpdate
                0x000000000c000980       0x80 Core/Src/system_stm32l5xx_s.o
                0x000000000c000980                __acle_se_SECURE_SystemCoreClockUpdate
 .text.Reset_Handler
                0x000000000c000a00       0x50 Core/Startup/startup_stm32l552zetxq.o
                0x000000000c000a00                Reset_Handler
 .text.Default_Handler
                0x000000000c000a50        0x2 Core/Startup/startup_stm32l552zetxq.o
                0x000000000c000a50                DMA2_Channel3_IRQHandler
                0x000000000c000a50                TIM8_TRG_COM_IRQHandler
                0x000000000c000a50                TIM8_CC_IRQHandler
                0x000000000c000a50                EXTI5_IRQHandler
                0x000000000c000a50                FLASH_S_IRQHandler
                0x000000000c000a50                EXTI13_IRQHandler
                0x000000000c000a50                TIM1_CC_IRQHandler
                0x000000000c000a50                TSC_IRQHandler
                0x000000000c000a50                TAMP_IRQHandler
                0x000000000c000a50                TIM6_IRQHandler
                0x000000000c000a50                EXTI12_IRQHandler
                0x000000000c000a50                DMA2_Channel8_IRQHandler
                0x000000000c000a50                EXTI3_IRQHandler
                0x000000000c000a50                EXTI8_IRQHandler
                0x000000000c000a50                LPTIM2_IRQHandler
                0x000000000c000a50                DFSDM1_FLT1_IRQHandler
                0x000000000c000a50                USB_FS_IRQHandler
                0x000000000c000a50                I2C3_ER_IRQHandler
                0x000000000c000a50                DFSDM1_FLT2_IRQHandler
                0x000000000c000a50                DMAMUX1_IRQHandler
                0x000000000c000a50                LPTIM3_IRQHandler
                0x000000000c000a50                EXTI0_IRQHandler
                0x000000000c000a50                I2C2_EV_IRQHandler
                0x000000000c000a50                FPU_IRQHandler
                0x000000000c000a50                FDCAN1_IT1_IRQHandler
                0x000000000c000a50                ADC1_2_IRQHandler
                0x000000000c000a50                SPI1_IRQHandler
                0x000000000c000a50                OCTOSPI1_IRQHandler
                0x000000000c000a50                TIM8_UP_IRQHandler
                0x000000000c000a50                RCC_S_IRQHandler
                0x000000000c000a50                DMA2_Channel2_IRQHandler
                0x000000000c000a50                DMA1_Channel4_IRQHandler
                0x000000000c000a50                SAI2_IRQHandler
                0x000000000c000a50                DFSDM1_FLT3_IRQHandler
                0x000000000c000a50                EXTI15_IRQHandler
                0x000000000c000a50                TIM17_IRQHandler
                0x000000000c000a50                USART3_IRQHandler
                0x000000000c000a50                RTC_IRQHandler
                0x000000000c000a50                EXTI9_IRQHandler
                0x000000000c000a50                DMA1_Channel7_IRQHandler
                0x000000000c000a50                UART5_IRQHandler
                0x000000000c000a50                TIM4_IRQHandler
                0x000000000c000a50                DMA2_Channel1_IRQHandler
                0x000000000c000a50                I2C1_EV_IRQHandler
                0x000000000c000a50                DMA1_Channel6_IRQHandler
                0x000000000c000a50                TIM16_IRQHandler
                0x000000000c000a50                UART4_IRQHandler
                0x000000000c000a50                DMA2_Channel4_IRQHandler
                0x000000000c000a50                TIM3_IRQHandler
                0x000000000c000a50                RCC_IRQHandler
                0x000000000c000a50                TIM1_TRG_COM_IRQHandler
                0x000000000c000a50                DMA1_Channel1_IRQHandler
                0x000000000c000a50                Default_Handler
                0x000000000c000a50                DMA2_Channel7_IRQHandler
                0x000000000c000a50                DMA1_Channel8_IRQHandler
                0x000000000c000a50                TIM7_IRQHandler
                0x000000000c000a50                SDMMC1_IRQHandler
                0x000000000c000a50                TIM5_IRQHandler
                0x000000000c000a50                UCPD1_IRQHandler
                0x000000000c000a50                TIM15_IRQHandler
                0x000000000c000a50                I2C3_EV_IRQHandler
                0x000000000c000a50                PVD_PVM_IRQHandler
                0x000000000c000a50                SPI2_IRQHandler
                0x000000000c000a50                EXTI14_IRQHandler
                0x000000000c000a50                EXTI11_IRQHandler
                0x000000000c000a50                DMA2_Channel5_IRQHandler
                0x000000000c000a50                CRS_IRQHandler
                0x000000000c000a50                DMA1_Channel5_IRQHandler
                0x000000000c000a50                EXTI4_IRQHandler
                0x000000000c000a50                RTC_S_IRQHandler
                0x000000000c000a50                RNG_IRQHandler
                0x000000000c000a50                DMAMUX1_S_IRQHandler
                0x000000000c000a50                DMA1_Channel3_IRQHandler
                0x000000000c000a50                COMP_IRQHandler
                0x000000000c000a50                TIM1_UP_IRQHandler
                0x000000000c000a50                WWDG_IRQHandler
                0x000000000c000a50                I2C4_EV_IRQHandler
                0x000000000c000a50                LPUART1_IRQHandler
                0x000000000c000a50                DMA2_Channel6_IRQHandler
                0x000000000c000a50                FDCAN1_IT0_IRQHandler
                0x000000000c000a50                TIM2_IRQHandler
                0x000000000c000a50                TAMP_S_IRQHandler
                0x000000000c000a50                EXTI7_IRQHandler
                0x000000000c000a50                TIM1_BRK_IRQHandler
                0x000000000c000a50                DAC_IRQHandler
                0x000000000c000a50                EXTI1_IRQHandler
                0x000000000c000a50                GTZC_IRQHandler
                0x000000000c000a50                USART2_IRQHandler
                0x000000000c000a50                DFSDM1_FLT0_IRQHandler
                0x000000000c000a50                I2C2_ER_IRQHandler
                0x000000000c000a50                DMA1_Channel2_IRQHandler
                0x000000000c000a50                TIM8_BRK_IRQHandler
                0x000000000c000a50                FLASH_IRQHandler
                0x000000000c000a50                USART1_IRQHandler
                0x000000000c000a50                EXTI10_IRQHandler
                0x000000000c000a50                SPI3_IRQHandler
                0x000000000c000a50                I2C1_ER_IRQHandler
                0x000000000c000a50                FMC_IRQHandler
                0x000000000c000a50                EXTI6_IRQHandler
                0x000000000c000a50                LPTIM1_IRQHandler
                0x000000000c000a50                I2C4_ER_IRQHandler
                0x000000000c000a50                ICACHE_IRQHandler
                0x000000000c000a50                SAI1_IRQHandler
                0x000000000c000a50                HASH_IRQHandler
                0x000000000c000a50                EXTI2_IRQHandler
 .text.HAL_Init
                0x000000000c000a52       0x34 Drivers/STM32L5xx_HAL_Driver/Src/stm32l5xx_hal.o
                0x000000000c000a52                HAL_Init
 *fill*         0x000000000c000a86        0x2 
 .text.HAL_InitTick
                0x000000000c000a88       0x74 Drivers/STM32L5xx_HAL_Driver/Src/stm32l5xx_hal.o
                0x000000000c000a88                HAL_InitTick
 .text.HAL_IncTick
                0x000000000c000afc       0x24 Drivers/STM32L5xx_HAL_Driver/Src/stm32l5xx_hal.o
                0x000000000c000afc                HAL_IncTick
 .text.__NVIC_SetPriorityGrouping
                0x000000000c000b20       0x48 Drivers/STM32L5xx_HAL_Driver/Src/stm32l5xx_hal_cortex.o
 .text.__NVIC_GetPriorityGrouping
                0x000000000c000b68       0x1c Drivers/STM32L5xx_HAL_Driver/Src/stm32l5xx_hal_cortex.o
 .text.__NVIC_SetPriority
                0x000000000c000b84       0x54 Drivers/STM32L5xx_HAL_Driver/Src/stm32l5xx_hal_cortex.o
 .text.NVIC_EncodePriority
                0x000000000c000bd8       0x66 Drivers/STM32L5xx_HAL_Driver/Src/stm32l5xx_hal_cortex.o
 *fill*         0x000000000c000c3e        0x2 
 .text.SysTick_Config
                0x000000000c000c40       0x44 Drivers/STM32L5xx_HAL_Driver/Src/stm32l5xx_hal_cortex.o
 .text.HAL_NVIC_SetPriorityGrouping
                0x000000000c000c84       0x16 Drivers/STM32L5xx_HAL_Driver/Src/stm32l5xx_hal_cortex.o
                0x000000000c000c84                HAL_NVIC_SetPriorityGrouping
 .text.HAL_NVIC_SetPriority
                0x000000000c000c9a       0x34 Drivers/STM32L5xx_HAL_Driver/Src/stm32l5xx_hal_cortex.o
                0x000000000c000c9a                HAL_NVIC_SetPriority
 .text.HAL_SYSTICK_Config
                0x000000000c000cce       0x18 Drivers/STM32L5xx_HAL_Driver/Src/stm32l5xx_hal_cortex.o
                0x000000000c000cce                HAL_SYSTICK_Config
 *fill*         0x000000000c000ce6        0x2 
 .text.HAL_GPIO_Init
                0x000000000c000ce8      0x300 Drivers/STM32L5xx_HAL_Driver/Src/stm32l5xx_hal_gpio.o
                0x000000000c000ce8                HAL_GPIO_Init
 .text.HAL_GPIO_WritePin
                0x000000000c000fe8       0x30 Drivers/STM32L5xx_HAL_Driver/Src/stm32l5xx_hal_gpio.o
                0x000000000c000fe8                HAL_GPIO_WritePin
 .text.HAL_GPIO_TogglePin
                0x000000000c001018       0x32 Drivers/STM32L5xx_HAL_Driver/Src/stm32l5xx_hal_gpio.o
                0x000000000c001018                HAL_GPIO_TogglePin
 .text.HAL_GPIO_ConfigPinAttributes
                0x000000000c00104a       0x70 Drivers/STM32L5xx_HAL_Driver/Src/stm32l5xx_hal_gpio.o
                0x000000000c00104a                HAL_GPIO_ConfigPinAttributes
 *fill*         0x000000000c0010ba        0x2 
 .text.HAL_GTZC_MPCBB_ConfigMem
                0x000000000c0010bc      0x108 Drivers/STM32L5xx_HAL_Driver/Src/stm32l5xx_hal_gtzc.o
                0x000000000c0010bc                HAL_GTZC_MPCBB_ConfigMem
 .text.HAL_PWREx_DisableUCPDDeadBattery
                0x000000000c0011c4       0x20 Drivers/STM32L5xx_HAL_Driver/Src/stm32l5xx_hal_pwr_ex.o
                0x000000000c0011c4                HAL_PWREx_DisableUCPDDeadBattery
 .text.__libc_init_array
                0x000000000c0011e4       0x48 /Applications/STM32CubeIDE.app/Contents/Eclipse/plugins/com.st.stm32cube.ide.mcu.externaltools.gnu-tools-for-stm32.7-2018-q2-update.macos64_1.0.0.201904181610/tools/bin/../lib/gcc/arm-none-eabi/7.3.1/../../../../arm-none-eabi/lib/thumb/v8-m.main/fpv5-sp/hard/libc_nano.a(lib_a-init.o)
                0x000000000c0011e4                __libc_init_array
 .text.memset   0x000000000c00122c       0x10 /Applications/STM32CubeIDE.app/Contents/Eclipse/plugins/com.st.stm32cube.ide.mcu.externaltools.gnu-tools-for-stm32.7-2018-q2-update.macos64_1.0.0.201904181610/tools/bin/../lib/gcc/arm-none-eabi/7.3.1/../../../../arm-none-eabi/lib/thumb/v8-m.main/fpv5-sp/hard/libc_nano.a(lib_a-memset.o)
                0x000000000c00122c                memset
 *(.glue_7)
 .glue_7        0x000000000c00123c        0x0 linker stubs
 *(.glue_7t)
 .glue_7t       0x000000000c00123c        0x0 linker stubs
 *(.eh_frame)
 .eh_frame      0x000000000c00123c        0x0 /Applications/STM32CubeIDE.app/Contents/Eclipse/plugins/com.st.stm32cube.ide.mcu.externaltools.gnu-tools-for-stm32.7-2018-q2-update.macos64_1.0.0.201904181610/tools/bin/../lib/gcc/arm-none-eabi/7.3.1/thumb/v8-m.main/fpv5-sp/hard/crtbegin.o
 *(.init)
 .init          0x000000000c00123c        0x4 /Applications/STM32CubeIDE.app/Contents/Eclipse/plugins/com.st.stm32cube.ide.mcu.externaltools.gnu-tools-for-stm32.7-2018-q2-update.macos64_1.0.0.201904181610/tools/bin/../lib/gcc/arm-none-eabi/7.3.1/thumb/v8-m.main/fpv5-sp/hard/crti.o
                0x000000000c00123c                _init
 .init          0x000000000c001240        0x8 /Applications/STM32CubeIDE.app/Contents/Eclipse/plugins/com.st.stm32cube.ide.mcu.externaltools.gnu-tools-for-stm32.7-2018-q2-update.macos64_1.0.0.201904181610/tools/bin/../lib/gcc/arm-none-eabi/7.3.1/thumb/v8-m.main/fpv5-sp/hard/crtn.o
 *(.fini)
 .fini          0x000000000c001248        0x4 /Applications/STM32CubeIDE.app/Contents/Eclipse/plugins/com.st.stm32cube.ide.mcu.externaltools.gnu-tools-for-stm32.7-2018-q2-update.macos64_1.0.0.201904181610/tools/bin/../lib/gcc/arm-none-eabi/7.3.1/thumb/v8-m.main/fpv5-sp/hard/crti.o
                0x000000000c001248                _fini
 .fini          0x000000000c00124c        0x8 /Applications/STM32CubeIDE.app/Contents/Eclipse/plugins/com.st.stm32cube.ide.mcu.externaltools.gnu-tools-for-stm32.7-2018-q2-update.macos64_1.0.0.201904181610/tools/bin/../lib/gcc/arm-none-eabi/7.3.1/thumb/v8-m.main/fpv5-sp/hard/crtn.o
                0x000000000c001258                . = ALIGN (0x8)
 *fill*         0x000000000c001254        0x4 
                0x000000000c001258                _etext = .

.vfp11_veneer   0x000000000c001258        0x0
 .vfp11_veneer  0x000000000c001258        0x0 linker stubs

.v4_bx          0x000000000c001258        0x0
 .v4_bx         0x000000000c001258        0x0 linker stubs

.iplt           0x000000000c001258        0x0
 .iplt          0x000000000c001258        0x0 /Applications/STM32CubeIDE.app/Contents/Eclipse/plugins/com.st.stm32cube.ide.mcu.externaltools.gnu-tools-for-stm32.7-2018-q2-update.macos64_1.0.0.201904181610/tools/bin/../lib/gcc/arm-none-eabi/7.3.1/thumb/v8-m.main/fpv5-sp/hard/crtbegin.o

.rodata         0x000000000c001258       0x50
                0x000000000c001258                . = ALIGN (0x8)
 *(.rodata)
 *(.rodata*)
 .rodata.AHBPrescTable
                0x000000000c001258       0x10 Core/Src/system_stm32l5xx_s.o
                0x000000000c001258                AHBPrescTable
 .rodata.MSIRangeTable
                0x000000000c001268       0x40 Core/Src/system_stm32l5xx_s.o
                0x000000000c001268                MSIRangeTable
                0x000000000c0012a8                . = ALIGN (0x8)

.rel.dyn        0x000000000c0012a8        0x0
 .rel.iplt      0x000000000c0012a8        0x0 /Applications/STM32CubeIDE.app/Contents/Eclipse/plugins/com.st.stm32cube.ide.mcu.externaltools.gnu-tools-for-stm32.7-2018-q2-update.macos64_1.0.0.201904181610/tools/bin/../lib/gcc/arm-none-eabi/7.3.1/thumb/v8-m.main/fpv5-sp/hard/crtbegin.o

.ARM.extab      0x000000000c0012a8        0x0
                0x000000000c0012a8                . = ALIGN (0x8)
 *(.ARM.extab* .gnu.linkonce.armextab.*)
                0x000000000c0012a8                . = ALIGN (0x8)

.ARM            0x000000000c0012a8        0x0
                0x000000000c0012a8                . = ALIGN (0x8)
                0x000000000c0012a8                __exidx_start = .
 *(.ARM.exidx*)
                0x000000000c0012a8                __exidx_end = .
                0x000000000c0012a8                . = ALIGN (0x8)

.preinit_array  0x000000000c0012a8        0x0
                0x000000000c0012a8                . = ALIGN (0x8)
                0x000000000c0012a8                PROVIDE (__preinit_array_start = .)
 *(.preinit_array*)
                0x000000000c0012a8                PROVIDE (__preinit_array_end = .)
                0x000000000c0012a8                . = ALIGN (0x8)

.init_array     0x000000000c0012a8        0x8
                0x000000000c0012a8                . = ALIGN (0x8)
                0x000000000c0012a8                PROVIDE (__init_array_start = .)
 *(SORT_BY_NAME(.init_array.*))
 *(.init_array*)
 .init_array    0x000000000c0012a8        0x4 /Applications/STM32CubeIDE.app/Contents/Eclipse/plugins/com.st.stm32cube.ide.mcu.externaltools.gnu-tools-for-stm32.7-2018-q2-update.macos64_1.0.0.201904181610/tools/bin/../lib/gcc/arm-none-eabi/7.3.1/thumb/v8-m.main/fpv5-sp/hard/crtbegin.o
                0x000000000c0012ac                PROVIDE (__init_array_end = .)
                0x000000000c0012b0                . = ALIGN (0x8)
 *fill*         0x000000000c0012ac        0x4 

.fini_array     0x000000000c0012b0        0x8
                0x000000000c0012b0                . = ALIGN (0x8)
                [!provide]                        PROVIDE (__fini_array_start = .)
 *(SORT_BY_NAME(.fini_array.*))
 *(.fini_array*)
 .fini_array    0x000000000c0012b0        0x4 /Applications/STM32CubeIDE.app/Contents/Eclipse/plugins/com.st.stm32cube.ide.mcu.externaltools.gnu-tools-for-stm32.7-2018-q2-update.macos64_1.0.0.201904181610/tools/bin/../lib/gcc/arm-none-eabi/7.3.1/thumb/v8-m.main/fpv5-sp/hard/crtbegin.o
                [!provide]                        PROVIDE (__fini_array_end = .)
                0x000000000c0012b8                . = ALIGN (0x8)
 *fill*         0x000000000c0012b4        0x4 
                0x000000000c0012b8                _sidata = LOADADDR (.data)

.data           0x0000000030000000       0x10 load address 0x000000000c0012b8
                0x0000000030000000                . = ALIGN (0x8)
                0x0000000030000000                _sdata = .
 *(.data)
 *(.data*)
 .data.SystemCoreClock
                0x0000000030000000        0x4 Core/Src/system_stm32l5xx_s.o
                0x0000000030000000                SystemCoreClock
 .data.uwTickPrio
                0x0000000030000004        0x4 Drivers/STM32L5xx_HAL_Driver/Src/stm32l5xx_hal.o
                0x0000000030000004                uwTickPrio
 .data.uwTickFreq
                0x0000000030000008        0x4 Drivers/STM32L5xx_HAL_Driver/Src/stm32l5xx_hal.o
                0x0000000030000008                uwTickFreq
                0x0000000030000010                . = ALIGN (0x8)
 *fill*         0x000000003000000c        0x4 
                0x0000000030000010                _edata = .

.igot.plt       0x0000000030000010        0x0 load address 0x000000000c0012c8
 .igot.plt      0x0000000030000010        0x0 /Applications/STM32CubeIDE.app/Contents/Eclipse/plugins/com.st.stm32cube.ide.mcu.externaltools.gnu-tools-for-stm32.7-2018-q2-update.macos64_1.0.0.201904181610/tools/bin/../lib/gcc/arm-none-eabi/7.3.1/thumb/v8-m.main/fpv5-sp/hard/crtbegin.o

.gnu.sgstubs    0x000000000c03e000       0x20
                0x000000000c03e000                . = ALIGN (0x8)
 *(.gnu.sgstubs*)
                0x000000000c03e000                . = ALIGN (0x8)
 .gnu.sgstubs.__stub
                0x000000000c03e000       0x18 linker stubs
                0x000000000c03e000                SECURE_SystemCoreClockUpdate
                0x000000000c03e008                SECURE_RegisterCallback
                0x000000000c03e010                Toggle_Pin
                0x000000000c03e018                . = ALIGN (0x8)

.bss            0x0000000030000010       0x28
                0x0000000030000010                _sbss = .
                0x0000000030000010                __bss_start__ = _sbss
 *(.bss)
 .bss           0x0000000030000010       0x1c /Applications/STM32CubeIDE.app/Contents/Eclipse/plugins/com.st.stm32cube.ide.mcu.externaltools.gnu-tools-for-stm32.7-2018-q2-update.macos64_1.0.0.201904181610/tools/bin/../lib/gcc/arm-none-eabi/7.3.1/thumb/v8-m.main/fpv5-sp/hard/crtbegin.o
 *(.bss*)
 .bss.pSecureFaultCallback
                0x000000003000002c        0x4 Core/Src/secure_nsc.o
                0x000000003000002c                pSecureFaultCallback
 .bss.pSecureErrorCallback
                0x0000000030000030        0x4 Core/Src/secure_nsc.o
                0x0000000030000030                pSecureErrorCallback
 *(COMMON)
 COMMON         0x0000000030000034        0x4 Drivers/STM32L5xx_HAL_Driver/Src/stm32l5xx_hal.o
                0x0000000030000034                uwTick
                0x0000000030000038                . = ALIGN (0x8)
                0x0000000030000038                _ebss = .
                0x0000000030000038                __bss_end__ = _ebss

._user_heap_stack
                0x0000000030000038      0x600
                0x0000000030000038                . = ALIGN (0x8)
                0x0000000030000038                PROVIDE (end = .)
                [!provide]                        PROVIDE (_end = .)
                0x0000000030000238                . = (. + _Min_Heap_Size)
 *fill*         0x0000000030000038      0x200 
                0x0000000030000638                . = (. + _Min_Stack_Size)
 *fill*         0x0000000030000238      0x400 
                0x0000000030000638                . = ALIGN (0x8)

/DISCARD/
 libc.a(*)
 libm.a(*)
 libgcc.a(*)

.ARM.attributes
                0x0000000000000000       0x36
 *(.ARM.attributes)
 .ARM.attributes
                0x0000000000000000       0x26 /Applications/STM32CubeIDE.app/Contents/Eclipse/plugins/com.st.stm32cube.ide.mcu.externaltools.gnu-tools-for-stm32.7-2018-q2-update.macos64_1.0.0.201904181610/tools/bin/../lib/gcc/arm-none-eabi/7.3.1/thumb/v8-m.main/fpv5-sp/hard/crti.o
 .ARM.attributes
                0x0000000000000026       0x38 /Applications/STM32CubeIDE.app/Contents/Eclipse/plugins/com.st.stm32cube.ide.mcu.externaltools.gnu-tools-for-stm32.7-2018-q2-update.macos64_1.0.0.201904181610/tools/bin/../lib/gcc/arm-none-eabi/7.3.1/thumb/v8-m.main/fpv5-sp/hard/crtbegin.o
 .ARM.attributes
                0x000000000000005e       0x3c Core/Src/main.o
 .ARM.attributes
                0x000000000000009a       0x3c Core/Src/stm32l5xx_hal_msp.o
 .ARM.attributes
                0x00000000000000d6       0x3c Core/Src/stm32l5xx_it.o
 .ARM.attributes
                0x0000000000000112       0x3c Core/Src/system_stm32l5xx_s.o
 .ARM.attributes
                0x000000000000014e       0x24 Core/Startup/startup_stm32l552zetxq.o
 .ARM.attributes
                0x0000000000000172       0x3c Drivers/STM32L5xx_HAL_Driver/Src/stm32l5xx_hal.o
 .ARM.attributes
                0x00000000000001ae       0x3c Drivers/STM32L5xx_HAL_Driver/Src/stm32l5xx_hal_cortex.o
 .ARM.attributes
                0x00000000000001ea       0x3c Drivers/STM32L5xx_HAL_Driver/Src/stm32l5xx_hal_gpio.o
 .ARM.attributes
                0x0000000000000226       0x3c Drivers/STM32L5xx_HAL_Driver/Src/stm32l5xx_hal_gtzc.o
 .ARM.attributes
                0x0000000000000262       0x3c Drivers/STM32L5xx_HAL_Driver/Src/stm32l5xx_hal_pwr_ex.o
 .ARM.attributes
                0x000000000000029e       0x38 /Applications/STM32CubeIDE.app/Contents/Eclipse/plugins/com.st.stm32cube.ide.mcu.externaltools.gnu-tools-for-stm32.7-2018-q2-update.macos64_1.0.0.201904181610/tools/bin/../lib/gcc/arm-none-eabi/7.3.1/../../../../arm-none-eabi/lib/thumb/v8-m.main/fpv5-sp/hard/libc_nano.a(lib_a-init.o)
 .ARM.attributes
                0x00000000000002d6       0x38 /Applications/STM32CubeIDE.app/Contents/Eclipse/plugins/com.st.stm32cube.ide.mcu.externaltools.gnu-tools-for-stm32.7-2018-q2-update.macos64_1.0.0.201904181610/tools/bin/../lib/gcc/arm-none-eabi/7.3.1/../../../../arm-none-eabi/lib/thumb/v8-m.main/fpv5-sp/hard/libc_nano.a(lib_a-memset.o)
 .ARM.attributes
                0x000000000000030e       0x24 /Applications/STM32CubeIDE.app/Contents/Eclipse/plugins/com.st.stm32cube.ide.mcu.externaltools.gnu-tools-for-stm32.7-2018-q2-update.macos64_1.0.0.201904181610/tools/bin/../lib/gcc/arm-none-eabi/7.3.1/thumb/v8-m.main/fpv5-sp/hard/libgcc.a(cmse_nonsecure_call.o)
 .ARM.attributes
                0x0000000000000332       0x26 /Applications/STM32CubeIDE.app/Contents/Eclipse/plugins/com.st.stm32cube.ide.mcu.externaltools.gnu-tools-for-stm32.7-2018-q2-update.macos64_1.0.0.201904181610/tools/bin/../lib/gcc/arm-none-eabi/7.3.1/thumb/v8-m.main/fpv5-sp/hard/crtn.o
OUTPUT(TrustZone-ToggleLED_Secure.elf elf32-littlearm)

.debug_info     0x0000000000000000     0x5f3a
 .debug_info    0x0000000000000000      0xb27 Core/Src/main.o
 .debug_info    0x0000000000000b27      0x531 Core/Src/stm32l5xx_hal_msp.o
 .debug_info    0x0000000000001058      0x2ab Core/Src/stm32l5xx_it.o
 .debug_info    0x0000000000001303      0xb09 Core/Src/system_stm32l5xx_s.o
 .debug_info    0x0000000000001e0c       0x22 Core/Startup/startup_stm32l552zetxq.o
 .debug_info    0x0000000000001e2e      0xddd Drivers/STM32L5xx_HAL_Driver/Src/stm32l5xx_hal.o
 .debug_info    0x0000000000002c0b      0xf2b Drivers/STM32L5xx_HAL_Driver/Src/stm32l5xx_hal_cortex.o
 .debug_info    0x0000000000003b36      0x839 Drivers/STM32L5xx_HAL_Driver/Src/stm32l5xx_hal_gpio.o
 .debug_info    0x000000000000436f      0xce1 Drivers/STM32L5xx_HAL_Driver/Src/stm32l5xx_hal_gtzc.o
 .debug_info    0x0000000000005050      0xeea Drivers/STM32L5xx_HAL_Driver/Src/stm32l5xx_hal_pwr_ex.o

.debug_abbrev   0x0000000000000000     0x10bb
 .debug_abbrev  0x0000000000000000      0x1c6 Core/Src/main.o
 .debug_abbrev  0x00000000000001c6      0x134 Core/Src/stm32l5xx_hal_msp.o
 .debug_abbrev  0x00000000000002fa       0xe2 Core/Src/stm32l5xx_it.o
 .debug_abbrev  0x00000000000003dc      0x1ab Core/Src/system_stm32l5xx_s.o
 .debug_abbrev  0x0000000000000587       0x12 Core/Startup/startup_stm32l552zetxq.o
 .debug_abbrev  0x0000000000000599      0x276 Drivers/STM32L5xx_HAL_Driver/Src/stm32l5xx_hal.o
 .debug_abbrev  0x000000000000080f      0x2f1 Drivers/STM32L5xx_HAL_Driver/Src/stm32l5xx_hal_cortex.o
 .debug_abbrev  0x0000000000000b00      0x1a8 Drivers/STM32L5xx_HAL_Driver/Src/stm32l5xx_hal_gpio.o
 .debug_abbrev  0x0000000000000ca8      0x1c4 Drivers/STM32L5xx_HAL_Driver/Src/stm32l5xx_hal_gtzc.o
 .debug_abbrev  0x0000000000000e6c      0x24f Drivers/STM32L5xx_HAL_Driver/Src/stm32l5xx_hal_pwr_ex.o

.debug_aranges  0x0000000000000000      0x658
 .debug_aranges
                0x0000000000000000       0x40 Core/Src/main.o
 .debug_aranges
                0x0000000000000040       0x20 Core/Src/stm32l5xx_hal_msp.o
 .debug_aranges
                0x0000000000000060       0x68 Core/Src/stm32l5xx_it.o
 .debug_aranges
                0x00000000000000c8       0x38 Core/Src/system_stm32l5xx_s.o
 .debug_aranges
                0x0000000000000100       0x28 Core/Startup/startup_stm32l552zetxq.o
 .debug_aranges
                0x0000000000000128      0x150 Drivers/STM32L5xx_HAL_Driver/Src/stm32l5xx_hal.o
 .debug_aranges
                0x0000000000000278      0x100 Drivers/STM32L5xx_HAL_Driver/Src/stm32l5xx_hal_cortex.o
 .debug_aranges
                0x0000000000000378       0x70 Drivers/STM32L5xx_HAL_Driver/Src/stm32l5xx_hal_gpio.o
 .debug_aranges
                0x00000000000003e8       0xb8 Drivers/STM32L5xx_HAL_Driver/Src/stm32l5xx_hal_gtzc.o
 .debug_aranges
                0x00000000000004a0      0x1b8 Drivers/STM32L5xx_HAL_Driver/Src/stm32l5xx_hal_pwr_ex.o

.debug_ranges   0x0000000000000000      0x5c0
 .debug_ranges  0x0000000000000000       0x30 Core/Src/main.o
 .debug_ranges  0x0000000000000030       0x10 Core/Src/stm32l5xx_hal_msp.o
 .debug_ranges  0x0000000000000040       0x58 Core/Src/stm32l5xx_it.o
 .debug_ranges  0x0000000000000098       0x28 Core/Src/system_stm32l5xx_s.o
 .debug_ranges  0x00000000000000c0       0x20 Core/Startup/startup_stm32l552zetxq.o
 .debug_ranges  0x00000000000000e0      0x140 Drivers/STM32L5xx_HAL_Driver/Src/stm32l5xx_hal.o
 .debug_ranges  0x0000000000000220       0xf0 Drivers/STM32L5xx_HAL_Driver/Src/stm32l5xx_hal_cortex.o
 .debug_ranges  0x0000000000000310       0x60 Drivers/STM32L5xx_HAL_Driver/Src/stm32l5xx_hal_gpio.o
 .debug_ranges  0x0000000000000370       0xa8 Drivers/STM32L5xx_HAL_Driver/Src/stm32l5xx_hal_gtzc.o
 .debug_ranges  0x0000000000000418      0x1a8 Drivers/STM32L5xx_HAL_Driver/Src/stm32l5xx_hal_pwr_ex.o

.debug_macro    0x0000000000000000    0x26952
 .debug_macro   0x0000000000000000      0x1f9 Core/Src/main.o
 .debug_macro   0x00000000000001f9      0xa60 Core/Src/main.o
 .debug_macro   0x0000000000000c59       0x16 Core/Src/main.o
 .debug_macro   0x0000000000000c6f      0x190 Core/Src/main.o
 .debug_macro   0x0000000000000dff      0x174 Core/Src/main.o
 .debug_macro   0x0000000000000f73       0x63 Core/Src/main.o
 .debug_macro   0x0000000000000fd6       0x2e Core/Src/main.o
 .debug_macro   0x0000000000001004       0x42 Core/Src/main.o
 .debug_macro   0x0000000000001046       0x22 Core/Src/main.o
 .debug_macro   0x0000000000001068       0x8e Core/Src/main.o
 .debug_macro   0x00000000000010f6       0x51 Core/Src/main.o
 .debug_macro   0x0000000000001147       0xef Core/Src/main.o
 .debug_macro   0x0000000000001236       0x6a Core/Src/main.o
 .debug_macro   0x00000000000012a0      0x1df Core/Src/main.o
 .debug_macro   0x000000000000147f       0x1c Core/Src/main.o
 .debug_macro   0x000000000000149b       0x29 Core/Src/main.o
 .debug_macro   0x00000000000014c4       0xdf Core/Src/main.o
 .debug_macro   0x00000000000015a3     0x15e4 Core/Src/main.o
 .debug_macro   0x0000000000002b87       0x5e Core/Src/main.o
 .debug_macro   0x0000000000002be5    0x1ae59 Core/Src/main.o
 .debug_macro   0x000000000001da3e       0x42 Core/Src/main.o
 .debug_macro   0x000000000001da80     0x34d8 Core/Src/main.o
 .debug_macro   0x0000000000020f58       0x5c Core/Src/main.o
 .debug_macro   0x0000000000020fb4     0x1910 Core/Src/main.o
 .debug_macro   0x00000000000228c4      0xa4b Core/Src/main.o
 .debug_macro   0x000000000002330f      0x168 Core/Src/main.o
 .debug_macro   0x0000000000023477      0x1d9 Core/Src/main.o
 .debug_macro   0x0000000000023650      0x50b Core/Src/main.o
 .debug_macro   0x0000000000023b5b      0x1ac Core/Src/main.o
 .debug_macro   0x0000000000023d07       0x4a Core/Src/main.o
 .debug_macro   0x0000000000023d51       0x51 Core/Src/main.o
 .debug_macro   0x0000000000023da2      0x23f Core/Src/main.o
 .debug_macro   0x0000000000023fe1      0x432 Core/Src/main.o
 .debug_macro   0x0000000000024413       0x4f Core/Src/main.o
 .debug_macro   0x0000000000024462      0x11c Core/Src/main.o
 .debug_macro   0x000000000002457e      0x325 Core/Src/main.o
 .debug_macro   0x00000000000248a3      0x22c Core/Src/main.o
 .debug_macro   0x0000000000024acf       0x58 Core/Src/main.o
 .debug_macro   0x0000000000024b27       0xa5 Core/Src/main.o
 .debug_macro   0x0000000000024bcc       0xf3 Core/Src/main.o
 .debug_macro   0x0000000000024cbf      0x1a7 Core/Src/main.o
 .debug_macro   0x0000000000024e66      0x487 Core/Src/main.o
 .debug_macro   0x00000000000252ed      0x460 Core/Src/main.o
 .debug_macro   0x000000000002574d       0x1c Core/Src/main.o
 .debug_macro   0x0000000000025769      0x1f3 Core/Src/stm32l5xx_hal_msp.o
 .debug_macro   0x000000000002595c      0x1fd Core/Src/stm32l5xx_it.o
 .debug_macro   0x0000000000025b59      0x1fe Core/Src/system_stm32l5xx_s.o
 .debug_macro   0x0000000000025d57      0x17d Core/Src/system_stm32l5xx_s.o
 .debug_macro   0x0000000000025ed4      0x215 Drivers/STM32L5xx_HAL_Driver/Src/stm32l5xx_hal.o
 .debug_macro   0x00000000000260e9      0x1e5 Drivers/STM32L5xx_HAL_Driver/Src/stm32l5xx_hal_cortex.o
 .debug_macro   0x00000000000262ce      0x218 Drivers/STM32L5xx_HAL_Driver/Src/stm32l5xx_hal_gpio.o
 .debug_macro   0x00000000000264e6      0x257 Drivers/STM32L5xx_HAL_Driver/Src/stm32l5xx_hal_gtzc.o
 .debug_macro   0x000000000002673d      0x215 Drivers/STM32L5xx_HAL_Driver/Src/stm32l5xx_hal_pwr_ex.o

.debug_line     0x0000000000000000     0x55b9
 .debug_line    0x0000000000000000      0x7ac Core/Src/main.o
 .debug_line    0x00000000000007ac      0x728 Core/Src/stm32l5xx_hal_msp.o
 .debug_line    0x0000000000000ed4      0x7df Core/Src/stm32l5xx_it.o
 .debug_line    0x00000000000016b3      0x7c1 Core/Src/system_stm32l5xx_s.o
 .debug_line    0x0000000000001e74       0x86 Core/Startup/startup_stm32l552zetxq.o
 .debug_line    0x0000000000001efa      0xa59 Drivers/STM32L5xx_HAL_Driver/Src/stm32l5xx_hal.o
 .debug_line    0x0000000000002953      0xa12 Drivers/STM32L5xx_HAL_Driver/Src/stm32l5xx_hal_cortex.o
 .debug_line    0x0000000000003365      0x971 Drivers/STM32L5xx_HAL_Driver/Src/stm32l5xx_hal_gpio.o
 .debug_line    0x0000000000003cd6      0xcbf Drivers/STM32L5xx_HAL_Driver/Src/stm32l5xx_hal_gtzc.o
 .debug_line    0x0000000000004995      0xc24 Drivers/STM32L5xx_HAL_Driver/Src/stm32l5xx_hal_pwr_ex.o

.debug_str      0x0000000000000000    0xf6eac
 .debug_str     0x0000000000000000    0xf448b Core/Src/main.o
                                      0xf4773 (size before relaxing)
 .debug_str     0x00000000000f448b       0x2c Core/Src/stm32l5xx_hal_msp.o
                                      0xf443c (size before relaxing)
 .debug_str     0x00000000000f44b7       0xd1 Core/Src/stm32l5xx_it.o
                                      0xf4318 (size before relaxing)
 .debug_str     0x00000000000f4588      0x6b9 Core/Src/system_stm32l5xx_s.o
                                      0xf4b59 (size before relaxing)
 .debug_str     0x00000000000f4c41       0x37 Core/Startup/startup_stm32l552zetxq.o
                                         0x82 (size before relaxing)
 .debug_str     0x00000000000f4c78      0xb67 Drivers/STM32L5xx_HAL_Driver/Src/stm32l5xx_hal.o
                                      0xf500d (size before relaxing)
 .debug_str     0x00000000000f57df      0x298 Drivers/STM32L5xx_HAL_Driver/Src/stm32l5xx_hal_cortex.o
                                      0xf4ce6 (size before relaxing)
 .debug_str     0x00000000000f5a77      0x315 Drivers/STM32L5xx_HAL_Driver/Src/stm32l5xx_hal_gpio.o
                                      0xf45ba (size before relaxing)
 .debug_str     0x00000000000f5d8c      0x9a6 Drivers/STM32L5xx_HAL_Driver/Src/stm32l5xx_hal_gtzc.o
                                      0xf4c81 (size before relaxing)
 .debug_str     0x00000000000f6732      0x77a Drivers/STM32L5xx_HAL_Driver/Src/stm32l5xx_hal_pwr_ex.o
                                      0xf4c86 (size before relaxing)

.comment        0x0000000000000000       0x7b
 .comment       0x0000000000000000       0x7b Core/Src/main.o
                                         0x7c (size before relaxing)
 .comment       0x000000000000007b       0x7c Core/Src/stm32l5xx_hal_msp.o
 .comment       0x000000000000007b       0x7c Core/Src/stm32l5xx_it.o
 .comment       0x000000000000007b       0x7c Core/Src/system_stm32l5xx_s.o
 .comment       0x000000000000007b       0x7c Drivers/STM32L5xx_HAL_Driver/Src/stm32l5xx_hal.o
 .comment       0x000000000000007b       0x7c Drivers/STM32L5xx_HAL_Driver/Src/stm32l5xx_hal_cortex.o
 .comment       0x000000000000007b       0x7c Drivers/STM32L5xx_HAL_Driver/Src/stm32l5xx_hal_gpio.o
 .comment       0x000000000000007b       0x7c Drivers/STM32L5xx_HAL_Driver/Src/stm32l5xx_hal_gtzc.o
 .comment       0x000000000000007b       0x7c Drivers/STM32L5xx_HAL_Driver/Src/stm32l5xx_hal_pwr_ex.o

.debug_frame    0x0000000000000000     0x1844
 .debug_frame   0x0000000000000000       0xc0 Core/Src/main.o
 .debug_frame   0x00000000000000c0       0x34 Core/Src/stm32l5xx_hal_msp.o
 .debug_frame   0x00000000000000f4      0x124 Core/Src/stm32l5xx_it.o
 .debug_frame   0x0000000000000218       0x98 Core/Src/system_stm32l5xx_s.o
 .debug_frame   0x00000000000002b0      0x534 Drivers/STM32L5xx_HAL_Driver/Src/stm32l5xx_hal.o
 .debug_frame   0x00000000000007e4      0x428 Drivers/STM32L5xx_HAL_Driver/Src/stm32l5xx_hal_cortex.o
 .debug_frame   0x0000000000000c0c      0x1c4 Drivers/STM32L5xx_HAL_Driver/Src/stm32l5xx_hal_gpio.o
 .debug_frame   0x0000000000000dd0      0x32c Drivers/STM32L5xx_HAL_Driver/Src/stm32l5xx_hal_gtzc.o
 .debug_frame   0x00000000000010fc      0x6fc Drivers/STM32L5xx_HAL_Driver/Src/stm32l5xx_hal_pwr_ex.o
 .debug_frame   0x00000000000017f8       0x2c /Applications/STM32CubeIDE.app/Contents/Eclipse/plugins/com.st.stm32cube.ide.mcu.externaltools.gnu-tools-for-stm32.7-2018-q2-update.macos64_1.0.0.201904181610/tools/bin/../lib/gcc/arm-none-eabi/7.3.1/../../../../arm-none-eabi/lib/thumb/v8-m.main/fpv5-sp/hard/libc_nano.a(lib_a-init.o)
 .debug_frame   0x0000000000001824       0x20 /Applications/STM32CubeIDE.app/Contents/Eclipse/plugins/com.st.stm32cube.ide.mcu.externaltools.gnu-tools-for-stm32.7-2018-q2-update.macos64_1.0.0.201904181610/tools/bin/../lib/gcc/arm-none-eabi/7.3.1/../../../../arm-none-eabi/lib/thumb/v8-m.main/fpv5-sp/hard/libc_nano.a(lib_a-memset.o)
